
> backend-hub-api@0.1.0 build
> next build

node.exe :  ÔÜá 
Warning: Next.js 
inferred your 
workspace root, but 
it may not be correct.
At C:\Program Files\no
dejs\npm.ps1:29 char:3
+   & $NODE_EXE 
$NPM_CLI_JS $args
+   ~~~~~~~~~~~~~~~~~~
~~~~~~~~~~~
    + CategoryInfo    
          : NotSpeci  
  fied: ( ÔÜá Warni   
 ng: N...not be co    
rrect.:String) []    
, RemoteException
    + FullyQualifiedE 
   rrorId : NativeCo  
  mmandError
 
 We detected multiple 
lockfiles and 
selected the 
directory of C:\Users\
Jeff\package-lock.json
 as the root 
directory.
 To silence this 
warning, set 
`turbopack.root` in 
your Next.js config, 
or consider removing 
one of the lockfiles 
if it's not needed.
   See https://nextjs.
org/docs/app/api-refer
ence/config/next-confi
g-js/turbopack#root-di
rectory for more 
information.
 Detected additional 
lockfiles: 
   * C:\Users\Jeff\Dow
nloads\backend-hub-api
\package-lock.json

   Ôû▓ Next.js 16.0.3 (Turbopack)
   - Environments: .env

   Creating an optimized production build ...

> Build error occurred
Error: Turbopack 
build failed with 80 
errors:
./Downloads/backend-hu
b-api/node_modules/@re
curly/react-recurly/li
b-dist/element/element
.js:10:54
Module not found: 
Can't resolve '@babel/
runtime/helpers/assert
ThisInitialized'
[0m [90m  8 |[39m 
[36mvar[39m 
_classCallCheck2 
[33m=[39m _interopRe
quireDefault(require(
[32m"@babel/runtime/he
lpers/classCallCheck"
[39m))[33m;[39m
 [90m  9 |[39m 
[36mvar[39m 
_createClass2 
[33m=[39m _interopRe
quireDefault(require(
[32m"@babel/runtime/he
lpers/createClass"[39
m))[33m;[39m
[31m[1m>[22m[39m[
90m 10 |[39m 
[36mvar[39m _assertT
hisInitialized2 
[33m=[39m _interopRe
quireDefault(require(
[32m"@babel/runtime/he
lpers/assertThisInitia
lized"[39m))[33m;[3
9m
 [90m    |[39m      
                      
                      
    [31m[1m^[22m[3
9m[31m[1m^[22m[39m
[31m[1m^[22m[39m[
31m[1m^[22m[39m[31
m[1m^[22m[39m[31m
[1m^[22m[39m[31m[1
m^[22m[39m[31m[1m^
[22m[39m[31m[1m^[
22m[39m[31m[1m^[22
m[39m[31m[1m^[22m
[39m[31m[1m^[22m[3
9m[31m[1m^[22m[39m
[31m[1m^[22m[39m[
31m[1m^[22m[39m[31
m[1m^[22m[39m[31m
[1m^[22m[39m[31m[1
m^[22m[39m[31m[1m^
[22m[39m[31m[1m^[
22m[39m[31m[1m^[22
m[39m[31m[1m^[22m
[39m[31m[1m^[22m[3
9m[31m[1m^[22m[39m
[31m[1m^[22m[39m[
31m[1m^[22m[39m[31
m[1m^[22m[39m[31m
[1m^[22m[39m[31m[1
m^[22m[39m[31m[1m^
[22m[39m[31m[1m^[
22m[39m[31m[1m^[22
m[39m[31m[1m^[22m
[39m[31m[1m^[22m[3
9m[31m[1m^[22m[39m
[31m[1m^[22m[39m[
31m[1m^[22m[39m[31
m[1m^[22m[39m[31m
[1m^[22m[39m[31m[1
m^[22m[39m[31m[1m^
[22m[39m[31m[1m^[
22m[39m[31m[1m^[22
m[39m[31m[1m^[22m
[39m[31m[1m^[22m[3
9m[31m[1m^[22m[39m
[31m[1m^[22m[39m[
31m[1m^[22m[39m[31
m[1m^[22m[39m[31m
[1m^[22m[39m[31m[1
m^[22m[39m[31m[1m^
[22m[39m[31m[1m^[
22m[39m[31m[1m^[22
m[39m[31m[1m^[22m
[39m
 [90m 11 |[39m 
[36mvar[39m 
_inherits2 
[33m=[39m _interopRe
quireDefault(require(
[32m"@babel/runtime/he
lpers/inherits"[39m))
[33m;[39m
 [90m 12 |[39m 
[36mvar[39m _possibl
eConstructorReturn2 
[33m=[39m _interopRe
quireDefault(require(
[32m"@babel/runtime/he
lpers/possibleConstruc
torReturn"[39m))[33m
;[39m
 [90m 13 |[39m 
[36mvar[39m 
_getPrototypeOf2 
[33m=[39m _interopRe
quireDefault(require(
[32m"@babel/runtime/he
lpers/getPrototypeOf"
[39m))[33m;[39m[0m



Import traces:
  Client Component 
Browser:
    ./Downloads/backen
d-hub-api/node_modules
/@recurly/react-recurl
y/lib-dist/element/ele
ment.js [Client 
Component Browser]
    ./Downloads/backen
d-hub-api/node_modules
/@recurly/react-recurl
y/lib-dist/element/car
d-cvv.js [Client 
Component Browser]
    ./Downloads/backen
d-hub-api/node_modules
/@recurly/react-recurl
y/lib-dist/index.js 
[Client Component 
Browser]
    ./Downloads/backen
d-hub-api/src/app/page
.tsx [Client 
Component Browser]
    ./Downloads/backen
d-hub-api/src/app/page
.tsx [Server 
Component]

  Client Component 
SSR:
    ./Downloads/backen
d-hub-api/node_modules
/@recurly/react-recurl
y/lib-dist/element/ele
ment.js [Client 
Component SSR]
    ./Downloads/backen
d-hub-api/node_modules
/@recurly/react-recurl
y/lib-dist/element/car
d-cvv.js [Client 
Component SSR]
    ./Downloads/backen
d-hub-api/node_modules
/@recurly/react-recurl
y/lib-dist/index.js 
[Client Component SSR]
    ./Downloads/backen
d-hub-api/src/app/page
.tsx [Client 
Component SSR]
    ./Downloads/backen
d-hub-api/src/app/page
.tsx [Server 
Component]

https://nextjs.org/doc
s/messages/module-not-
found


./Downloads/backend-hu
b-api/node_modules/@re
curly/react-recurly/li
b-dist/element/card-cv
v.js:9:47
Module not found: 
Can't resolve '@babel/
runtime/helpers/classC
allCheck'
[0m [90m  7 |[39m e
xports[[32m"default"
[39m] [33m=[39m 
[36mvoid[39m 
[35m0[39m[33m;[39m
 [90m  8 |[39m 
[36mvar[39m 
_createClass2 
[33m=[39m _interopRe
quireDefault(require(
[32m"@babel/runtime/he
lpers/createClass"[39
m))[33m;[39m
[31m[1m>[22m[39m[
90m  9 |[39m 
[36mvar[39m 
_classCallCheck2 
[33m=[39m _interopRe
quireDefault(require(
[32m"@babel/runtime/he
lpers/classCallCheck"
[39m))[33m;[39m
 [90m    |[39m      
                      
                   [3
1m[1m^[22m[39m[31m
[1m^[22m[39m[31m[
1m^[22m[39m[31m[1m
^[22m[39m[31m[1m^
[22m[39m[31m[1m^[2
2m[39m[31m[1m^[22m
[39m[31m[1m^[22m[
39m[31m[1m^[22m[39
m[31m[1m^[22m[39m
[31m[1m^[22m[39m[3
1m[1m^[22m[39m[31m
[1m^[22m[39m[31m[
1m^[22m[39m[31m[1m
^[22m[39m[31m[1m^
[22m[39m[31m[1m^[2
2m[39m[31m[1m^[22m
[39m[31m[1m^[22m[
39m[31m[1m^[22m[39
m[31m[1m^[22m[39m
[31m[1m^[22m[39m[3
1m[1m^[22m[39m[31m
[1m^[22m[39m[31m[
1m^[22m[39m[31m[1m
^[22m[39m[31m[1m^
[22m[39m[31m[1m^[2
2m[39m[31m[1m^[22m
[39m[31m[1m^[22m[
39m[31m[1m^[22m[39
m[31m[1m^[22m[39m
[31m[1m^[22m[39m[3
1m[1m^[22m[39m[31m
[1m^[22m[39m[31m[
1m^[22m[39m[31m[1m
^[22m[39m[31m[1m^
[22m[39m[31m[1m^[2
2m[39m[31m[1m^[22m
[39m[31m[1m^[22m[
39m[31m[1m^[22m[39
m[31m[1m^[22m[39m
[31m[1m^[22m[39m[3
1m[1m^[22m[39m[31m
[1m^[22m[39m[31m[
1m^[22m[39m[31m[1m
^[22m[39m
 [90m 10 |[39m 
[36mvar[39m 
_inherits2 
[33m=[39m _interopRe
quireDefault(require(
[32m"@babel/runtime/he
lpers/inherits"[39m))
[33m;[39m
 [90m 11 |[39m 
[36mvar[39m _possibl
eConstructorReturn2 
[33m=[39m _interopRe
quireDefault(require(
[32m"@babel/runtime/he
lpers/possibleConstruc
torReturn"[39m))[33m
;[39m
 [90m 12 |[39m 
[36mvar[39m 
_getPrototypeOf2 
[33m=[39m _interopRe
quireDefault(require(
[32m"@babel/runtime/he
lpers/getPrototypeOf"
[39m))[33m;[39m[0m



Import traces:
  Client Component 
Browser:
    ./Downloads/backen
d-hub-api/node_modules
/@recurly/react-recurl
y/lib-dist/element/car
d-cvv.js [Client 
Component Browser]
    ./Downloads/backen
d-hub-api/node_modules
/@recurly/react-recurl
y/lib-dist/index.js 
[Client Component 
Browser]
    ./Downloads/backen
d-hub-api/src/app/page
.tsx [Client 
Component Browser]
    ./Downloads/backen
d-hub-api/src/app/page
.tsx [Server 
Component]

  Client Component 
SSR:
    ./Downloads/backen
d-hub-api/node_modules
/@recurly/react-recurl
y/lib-dist/element/car
d-cvv.js [Client 
Component SSR]
    ./Downloads/backen
d-hub-api/node_modules
/@recurly/react-recurl
y/lib-dist/index.js 
[Client Component SSR]
    ./Downloads/backen
d-hub-api/src/app/page
.tsx [Client 
Component SSR]
    ./Downloads/backen
d-hub-api/src/app/page
.tsx [Server 
Component]

https://nextjs.org/doc
s/messages/module-not-
found


./Downloads/backend-hu
b-api/node_modules/@re
curly/react-recurly/li
b-dist/element/card-mo
nth.js:9:47
Module not found: 
Can't resolve '@babel/
runtime/helpers/classC
allCheck'
[0m [90m  7 |[39m e
xports[[32m"default"
[39m] [33m=[39m 
[36mvoid[39m 
[35m0[39m[33m;[39m
 [90m  8 |[39m 
[36mvar[39m 
_createClass2 
[33m=[39m _interopRe
quireDefault(require(
[32m"@babel/runtime/he
lpers/createClass"[39
m))[33m;[39m
[31m[1m>[22m[39m[
90m  9 |[39m 
[36mvar[39m 
_classCallCheck2 
[33m=[39m _interopRe
quireDefault(require(
[32m"@babel/runtime/he
lpers/classCallCheck"
[39m))[33m;[39m
 [90m    |[39m      
                      
                   [3
1m[1m^[22m[39m[31m
[1m^[22m[39m[31m[
1m^[22m[39m[31m[1m
^[22m[39m[31m[1m^
[22m[39m[31m[1m^[2
2m[39m[31m[1m^[22m
[39m[31m[1m^[22m[
39m[31m[1m^[22m[39
m[31m[1m^[22m[39m
[31m[1m^[22m[39m[3
1m[1m^[22m[39m[31m
[1m^[22m[39m[31m[
1m^[22m[39m[31m[1m
^[22m[39m[31m[1m^
[22m[39m[31m[1m^[2
2m[39m[31m[1m^[22m
[39m[31m[1m^[22m[
39m[31m[1m^[22m[39
m[31m[1m^[22m[39m
[31m[1m^[22m[39m[3
1m[1m^[22m[39m[31m
[1m^[22m[39m[31m[
1m^[22m[39m[31m[1m
^[22m[39m[31m[1m^
[22m[39m[31m[1m^[2
2m[39m[31m[1m^[22m
[39m[31m[1m^[22m[
39m[31m[1m^[22m[39
m[31m[1m^[22m[39m
[31m[1m^[22m[39m[3
1m[1m^[22m[39m[31m
[1m^[22m[39m[31m[
1m^[22m[39m[31m[1m
^[22m[39m[31m[1m^
[22m[39m[31m[1m^[2
2m[39m[31m[1m^[22m
[39m[31m[1m^[22m[
39m[31m[1m^[22m[39
m[31m[1m^[22m[39m
[31m[1m^[22m[39m[3
1m[1m^[22m[39m[31m
[1m^[22m[39m[31m[
1m^[22m[39m[31m[1m
^[22m[39m
 [90m 10 |[39m 
[36mvar[39m 
_inherits2 
[33m=[39m _interopRe
quireDefault(require(
[32m"@babel/runtime/he
lpers/inherits"[39m))
[33m;[39m
 [90m 11 |[39m 
[36mvar[39m _possibl
eConstructorReturn2 
[33m=[39m _interopRe
quireDefault(require(
[32m"@babel/runtime/he
lpers/possibleConstruc
torReturn"[39m))[33m
;[39m
 [90m 12 |[39m 
[36mvar[39m 
_getPrototypeOf2 
[33m=[39m _interopRe
quireDefault(require(
[32m"@babel/runtime/he
lpers/getPrototypeOf"
[39m))[33m;[39m[0m



Import traces:
  Client Component 
Browser:
    ./Downloads/backen
d-hub-api/node_modules
/@recurly/react-recurl
y/lib-dist/element/car
d-month.js [Client 
Component Browser]
    ./Downloads/backen
d-hub-api/node_modules
/@recurly/react-recurl
y/lib-dist/index.js 
[Client Component 
Browser]
    ./Downloads/backen
d-hub-api/src/app/page
.tsx [Client 
Component Browser]
    ./Downloads/backen
d-hub-api/src/app/page
.tsx [Server 
Component]

  Client Component 
SSR:
    ./Downloads/backen
d-hub-api/node_modules
/@recurly/react-recurl
y/lib-dist/element/car
d-month.js [Client 
Component SSR]
    ./Downloads/backen
d-hub-api/node_modules
/@recurly/react-recurl
y/lib-dist/index.js 
[Client Component SSR]
    ./Downloads/backen
d-hub-api/src/app/page
.tsx [Client 
Component SSR]
    ./Downloads/backen
d-hub-api/src/app/page
.tsx [Server 
Component]

https://nextjs.org/doc
s/messages/module-not-
found


./Downloads/backend-hu
b-api/node_modules/@re
curly/react-recurly/li
b-dist/element/card-nu
mber.js:9:47
Module not found: 
Can't resolve '@babel/
runtime/helpers/classC
allCheck'
[0m [90m  7 |[39m e
xports[[32m"default"
[39m] [33m=[39m 
[36mvoid[39m 
[35m0[39m[33m;[39m
 [90m  8 |[39m 
[36mvar[39m 
_createClass2 
[33m=[39m _interopRe
quireDefault(require(
[32m"@babel/runtime/he
lpers/createClass"[39
m))[33m;[39m
[31m[1m>[22m[39m[
90m  9 |[39m 
[36mvar[39m 
_classCallCheck2 
[33m=[39m _interopRe
quireDefault(require(
[32m"@babel/runtime/he
lpers/classCallCheck"
[39m))[33m;[39m
 [90m    |[39m      
                      
                   [3
1m[1m^[22m[39m[31m
[1m^[22m[39m[31m[
1m^[22m[39m[31m[1m
^[22m[39m[31m[1m^
[22m[39m[31m[1m^[2
2m[39m[31m[1m^[22m
[39m[31m[1m^[22m[
39m[31m[1m^[22m[39
m[31m[1m^[22m[39m
[31m[1m^[22m[39m[3
1m[1m^[22m[39m[31m
[1m^[22m[39m[31m[
1m^[22m[39m[31m[1m
^[22m[39m[31m[1m^
[22m[39m[31m[1m^[2
2m[39m[31m[1m^[22m
[39m[31m[1m^[22m[
39m[31m[1m^[22m[39
m[31m[1m^[22m[39m
[31m[1m^[22m[39m[3
1m[1m^[22m[39m[31m
[1m^[22m[39m[31m[
1m^[22m[39m[31m[1m
^[22m[39m[31m[1m^
[22m[39m[31m[1m^[2
2m[39m[31m[1m^[22m
[39m[31m[1m^[22m[
39m[31m[1m^[22m[39
m[31m[1m^[22m[39m
[31m[1m^[22m[39m[3
1m[1m^[22m[39m[31m
[1m^[22m[39m[31m[
1m^[22m[39m[31m[1m
^[22m[39m[31m[1m^
[22m[39m[31m[1m^[2
2m[39m[31m[1m^[22m
[39m[31m[1m^[22m[
39m[31m[1m^[22m[39
m[31m[1m^[22m[39m
[31m[1m^[22m[39m[3
1m[1m^[22m[39m[31m
[1m^[22m[39m[31m[
1m^[22m[39m[31m[1m
^[22m[39m
 [90m 10 |[39m 
[36mvar[39m 
_inherits2 
[33m=[39m _interopRe
quireDefault(require(
[32m"@babel/runtime/he
lpers/inherits"[39m))
[33m;[39m
 [90m 11 |[39m 
[36mvar[39m _possibl
eConstructorReturn2 
[33m=[39m _interopRe
quireDefault(require(
[32m"@babel/runtime/he
lpers/possibleConstruc
torReturn"[39m))[33m
;[39m
 [90m 12 |[39m 
[36mvar[39m 
_getPrototypeOf2 
[33m=[39m _interopRe
quireDefault(require(
[32m"@babel/runtime/he
lpers/getPrototypeOf"
[39m))[33m;[39m[0m



Import traces:
  Client Component 
Browser:
    ./Downloads/backen
d-hub-api/node_modules
/@recurly/react-recurl
y/lib-dist/element/car
d-number.js [Client 
Component Browser]
    ./Downloads/backen
d-hub-api/node_modules
/@recurly/react-recurl
y/lib-dist/index.js 
[Client Component 
Browser]
    ./Downloads/backen
d-hub-api/src/app/page
.tsx [Client 
Component Browser]
    ./Downloads/backen
d-hub-api/src/app/page
.tsx [Server 
Component]

  Client Component 
SSR:
    ./Downloads/backen
d-hub-api/node_modules
/@recurly/react-recurl
y/lib-dist/element/car
d-number.js [Client 
Component SSR]
    ./Downloads/backen
d-hub-api/node_modules
/@recurly/react-recurl
y/lib-dist/index.js 
[Client Component SSR]
    ./Downloads/backen
d-hub-api/src/app/page
.tsx [Client 
Component SSR]
    ./Downloads/backen
d-hub-api/src/app/page
.tsx [Server 
Component]

https://nextjs.org/doc
s/messages/module-not-
found


./Downloads/backend-hu
b-api/node_modules/@re
curly/react-recurly/li
b-dist/element/card-ye
ar.js:9:47
Module not found: 
Can't resolve '@babel/
runtime/helpers/classC
allCheck'
[0m [90m  7 |[39m e
xports[[32m"default"
[39m] [33m=[39m 
[36mvoid[39m 
[35m0[39m[33m;[39m
 [90m  8 |[39m 
[36mvar[39m 
_createClass2 
[33m=[39m _interopRe
quireDefault(require(
[32m"@babel/runtime/he
lpers/createClass"[39
m))[33m;[39m
[31m[1m>[22m[39m[
90m  9 |[39m 
[36mvar[39m 
_classCallCheck2 
[33m=[39m _interopRe
quireDefault(require(
[32m"@babel/runtime/he
lpers/classCallCheck"
[39m))[33m;[39m
 [90m    |[39m      
                      
                   [3
1m[1m^[22m[39m[31m
[1m^[22m[39m[31m[
1m^[22m[39m[31m[1m
^[22m[39m[31m[1m^
[22m[39m[31m[1m^[2
2m[39m[31m[1m^[22m
[39m[31m[1m^[22m[
39m[31m[1m^[22m[39
m[31m[1m^[22m[39m
[31m[1m^[22m[39m[3
1m[1m^[22m[39m[31m
[1m^[22m[39m[31m[
1m^[22m[39m[31m[1m
^[22m[39m[31m[1m^
[22m[39m[31m[1m^[2
2m[39m[31m[1m^[22m
[39m[31m[1m^[22m[
39m[31m[1m^[22m[39
m[31m[1m^[22m[39m
[31m[1m^[22m[39m[3
1m[1m^[22m[39m[31m
[1m^[22m[39m[31m[
1m^[22m[39m[31m[1m
^[22m[39m[31m[1m^
[22m[39m[31m[1m^[2
2m[39m[31m[1m^[22m
[39m[31m[1m^[22m[
39m[31m[1m^[22m[39
m[31m[1m^[22m[39m
[31m[1m^[22m[39m[3
1m[1m^[22m[39m[31m
[1m^[22m[39m[31m[
1m^[22m[39m[31m[1m
^[22m[39m[31m[1m^
[22m[39m[31m[1m^[2
2m[39m[31m[1m^[22m
[39m[31m[1m^[22m[
39m[31m[1m^[22m[39
m[31m[1m^[22m[39m
[31m[1m^[22m[39m[3
1m[1m^[22m[39m[31m
[1m^[22m[39m[31m[
1m^[22m[39m[31m[1m
^[22m[39m
 [90m 10 |[39m 
[36mvar[39m 
_inherits2 
[33m=[39m _interopRe
quireDefault(require(
[32m"@babel/runtime/he
lpers/inherits"[39m))
[33m;[39m
 [90m 11 |[39m 
[36mvar[39m _possibl
eConstructorReturn2 
[33m=[39m _interopRe
quireDefault(require(
[32m"@babel/runtime/he
lpers/possibleConstruc
torReturn"[39m))[33m
;[39m
 [90m 12 |[39m 
[36mvar[39m 
_getPrototypeOf2 
[33m=[39m _interopRe
quireDefault(require(
[32m"@babel/runtime/he
lpers/getPrototypeOf"
[39m))[33m;[39m[0m



Import traces:
  Client Component 
Browser:
    ./Downloads/backen
d-hub-api/node_modules
/@recurly/react-recurl
y/lib-dist/element/car
d-year.js [Client 
Component Browser]
    ./Downloads/backen
d-hub-api/node_modules
/@recurly/react-recurl
y/lib-dist/index.js 
[Client Component 
Browser]
    ./Downloads/backen
d-hub-api/src/app/page
.tsx [Client 
Component Browser]
    ./Downloads/backen
d-hub-api/src/app/page
.tsx [Server 
Component]

  Client Component 
SSR:
    ./Downloads/backen
d-hub-api/node_modules
/@recurly/react-recurl
y/lib-dist/element/car
d-year.js [Client 
Component SSR]
    ./Downloads/backen
d-hub-api/node_modules
/@recurly/react-recurl
y/lib-dist/index.js 
[Client Component SSR]
    ./Downloads/backen
d-hub-api/src/app/page
.tsx [Client 
Component SSR]
    ./Downloads/backen
d-hub-api/src/app/page
.tsx [Server 
Component]

https://nextjs.org/doc
s/messages/module-not-
found


./Downloads/backend-hu
b-api/node_modules/@re
curly/react-recurly/li
b-dist/element/card.js
:9:47
Module not found: 
Can't resolve '@babel/
runtime/helpers/classC
allCheck'
[0m [90m  7 |[39m e
xports[[32m"default"
[39m] [33m=[39m 
[36mvoid[39m 
[35m0[39m[33m;[39m
 [90m  8 |[39m 
[36mvar[39m 
_createClass2 
[33m=[39m _interopRe
quireDefault(require(
[32m"@babel/runtime/he
lpers/createClass"[39
m))[33m;[39m
[31m[1m>[22m[39m[
90m  9 |[39m 
[36mvar[39m 
_classCallCheck2 
[33m=[39m _interopRe
quireDefault(require(
[32m"@babel/runtime/he
lpers/classCallCheck"
[39m))[33m;[39m
 [90m    |[39m      
                      
                   [3
1m[1m^[22m[39m[31m
[1m^[22m[39m[31m[
1m^[22m[39m[31m[1m
^[22m[39m[31m[1m^
[22m[39m[31m[1m^[2
2m[39m[31m[1m^[22m
[39m[31m[1m^[22m[
39m[31m[1m^[22m[39
m[31m[1m^[22m[39m
[31m[1m^[22m[39m[3
1m[1m^[22m[39m[31m
[1m^[22m[39m[31m[
1m^[22m[39m[31m[1m
^[22m[39m[31m[1m^
[22m[39m[31m[1m^[2
2m[39m[31m[1m^[22m
[39m[31m[1m^[22m[
39m[31m[1m^[22m[39
m[31m[1m^[22m[39m
[31m[1m^[22m[39m[3
1m[1m^[22m[39m[31m
[1m^[22m[39m[31m[
1m^[22m[39m[31m[1m
^[22m[39m[31m[1m^
[22m[39m[31m[1m^[2
2m[39m[31m[1m^[22m
[39m[31m[1m^[22m[
39m[31m[1m^[22m[39
m[31m[1m^[22m[39m
[31m[1m^[22m[39m[3
1m[1m^[22m[39m[31m
[1m^[22m[39m[31m[
1m^[22m[39m[31m[1m
^[22m[39m[31m[1m^
[22m[39m[31m[1m^[2
2m[39m[31m[1m^[22m
[39m[31m[1m^[22m[
39m[31m[1m^[22m[39
m[31m[1m^[22m[39m
[31m[1m^[22m[39m[3
1m[1m^[22m[39m[31m
[1m^[22m[39m[31m[
1m^[22m[39m[31m[1m
^[22m[39m
 [90m 10 |[39m 
[36mvar[39m 
_inherits2 
[33m=[39m _interopRe
quireDefault(require(
[32m"@babel/runtime/he
lpers/inherits"[39m))
[33m;[39m
 [90m 11 |[39m 
[36mvar[39m _possibl
eConstructorReturn2 
[33m=[39m _interopRe
quireDefault(require(
[32m"@babel/runtime/he
lpers/possibleConstruc
torReturn"[39m))[33m
;[39m
 [90m 12 |[39m 
[36mvar[39m 
_getPrototypeOf2 
[33m=[39m _interopRe
quireDefault(require(
[32m"@babel/runtime/he
lpers/getPrototypeOf"
[39m))[33m;[39m[0m



Import traces:
  Client Component 
Browser:
    ./Downloads/backen
d-hub-api/node_modules
/@recurly/react-recurl
y/lib-dist/element/car
d.js [Client 
Component Browser]
    ./Downloads/backen
d-hub-api/node_modules
/@recurly/react-recurl
y/lib-dist/index.js 
[Client Component 
Browser]
    ./Downloads/backen
d-hub-api/src/app/page
.tsx [Client 
Component Browser]
    ./Downloads/backen
d-hub-api/src/app/page
.tsx [Server 
Component]

  Client Component 
SSR:
    ./Downloads/backen
d-hub-api/node_modules
/@recurly/react-recurl
y/lib-dist/element/car
d.js [Client 
Component SSR]
    ./Downloads/backen
d-hub-api/node_modules
/@recurly/react-recurl
y/lib-dist/index.js 
[Client Component SSR]
    ./Downloads/backen
d-hub-api/src/app/page
.tsx [Client 
Component SSR]
    ./Downloads/backen
d-hub-api/src/app/page
.tsx [Server 
Component]

https://nextjs.org/doc
s/messages/module-not-
found


./Downloads/backend-hu
b-api/node_modules/@re
curly/react-recurly/li
b-dist/element/element
.js:8:47
Module not found: 
Can't resolve '@babel/
runtime/helpers/classC
allCheck'
[0m [90m  6 |[39m 
})[33m;[39m
 [90m  7 |[39m expor
ts[[32m"default"[39m
] [33m=[39m 
[36mvoid[39m 
[35m0[39m[33m;[39m
[31m[1m>[22m[39m[
90m  8 |[39m 
[36mvar[39m 
_classCallCheck2 
[33m=[39m _interopRe
quireDefault(require(
[32m"@babel/runtime/he
lpers/classCallCheck"
[39m))[33m;[39m
 [90m    |[39m      
                      
                   [3
1m[1m^[22m[39m[31m
[1m^[22m[39m[31m[
1m^[22m[39m[31m[1m
^[22m[39m[31m[1m^
[22m[39m[31m[1m^[2
2m[39m[31m[1m^[22m
[39m[31m[1m^[22m[
39m[31m[1m^[22m[39
m[31m[1m^[22m[39m
[31m[1m^[22m[39m[3
1m[1m^[22m[39m[31m
[1m^[22m[39m[31m[
1m^[22m[39m[31m[1m
^[22m[39m[31m[1m^
[22m[39m[31m[1m^[2
2m[39m[31m[1m^[22m
[39m[31m[1m^[22m[
39m[31m[1m^[22m[39
m[31m[1m^[22m[39m
[31m[1m^[22m[39m[3
1m[1m^[22m[39m[31m
[1m^[22m[39m[31m[
1m^[22m[39m[31m[1m
^[22m[39m[31m[1m^
[22m[39m[31m[1m^[2
2m[39m[31m[1m^[22m
[39m[31m[1m^[22m[
39m[31m[1m^[22m[39
m[31m[1m^[22m[39m
[31m[1m^[22m[39m[3
1m[1m^[22m[39m[31m
[1m^[22m[39m[31m[
1m^[22m[39m[31m[1m
^[22m[39m[31m[1m^
[22m[39m[31m[1m^[2
2m[39m[31m[1m^[22m
[39m[31m[1m^[22m[
39m[31m[1m^[22m[39
m[31m[1m^[22m[39m
[31m[1m^[22m[39m[3
1m[1m^[22m[39m[31m
[1m^[22m[39m[31m[
1m^[22m[39m[31m[1m
^[22m[39m
 [90m  9 |[39m 
[36mvar[39m 
_createClass2 
[33m=[39m _interopRe
quireDefault(require(
[32m"@babel/runtime/he
lpers/createClass"[39
m))[33m;[39m
 [90m 10 |[39m 
[36mvar[39m _assertT
hisInitialized2 
[33m=[39m _interopRe
quireDefault(require(
[32m"@babel/runtime/he
lpers/assertThisInitia
lized"[39m))[33m;[3
9m
 [90m 11 |[39m 
[36mvar[39m 
_inherits2 
[33m=[39m _interopRe
quireDefault(require(
[32m"@babel/runtime/he
lpers/inherits"[39m))
[33m;[39m[0m



Import traces:
  Client Component 
Browser:
    ./Downloads/backen
d-hub-api/node_modules
/@recurly/react-recurl
y/lib-dist/element/ele
ment.js [Client 
Component Browser]
    ./Downloads/backen
d-hub-api/node_modules
/@recurly/react-recurl
y/lib-dist/element/car
d-cvv.js [Client 
Component Browser]
    ./Downloads/backen
d-hub-api/node_modules
/@recurly/react-recurl
y/lib-dist/index.js 
[Client Component 
Browser]
    ./Downloads/backen
d-hub-api/src/app/page
.tsx [Client 
Component Browser]
    ./Downloads/backen
d-hub-api/src/app/page
.tsx [Server 
Component]

  Client Component 
SSR:
    ./Downloads/backen
d-hub-api/node_modules
/@recurly/react-recurl
y/lib-dist/element/ele
ment.js [Client 
Component SSR]
    ./Downloads/backen
d-hub-api/node_modules
/@recurly/react-recurl
y/lib-dist/element/car
d-cvv.js [Client 
Component SSR]
    ./Downloads/backen
d-hub-api/node_modules
/@recurly/react-recurl
y/lib-dist/index.js 
[Client Component SSR]
    ./Downloads/backen
d-hub-api/src/app/page
.tsx [Client 
Component SSR]
    ./Downloads/backen
d-hub-api/src/app/page
.tsx [Server 
Component]

https://nextjs.org/doc
s/messages/module-not-
found


./Downloads/backend-hu
b-api/node_modules/@re
curly/react-recurly/li
b-dist/elements.js:8:4
7
Module not found: 
Can't resolve '@babel/
runtime/helpers/classC
allCheck'
[0m [90m  6 |[39m 
})[33m;[39m
 [90m  7 |[39m expor
ts[[32m"default"[39m
] [33m=[39m exports
[33m.[39m[33mRecurly
ElementsContext[39m 
[33m=[39m 
[36mvoid[39m 
[35m0[39m[33m;[39m
[31m[1m>[22m[39m[
90m  8 |[39m 
[36mvar[39m 
_classCallCheck2 
[33m=[39m _interopRe
quireDefault(require(
[32m"@babel/runtime/he
lpers/classCallCheck"
[39m))[33m;[39m
 [90m    |[39m      
                      
                   [3
1m[1m^[22m[39m[31m
[1m^[22m[39m[31m[
1m^[22m[39m[31m[1m
^[22m[39m[31m[1m^
[22m[39m[31m[1m^[2
2m[39m[31m[1m^[22m
[39m[31m[1m^[22m[
39m[31m[1m^[22m[39
m[31m[1m^[22m[39m
[31m[1m^[22m[39m[3
1m[1m^[22m[39m[31m
[1m^[22m[39m[31m[
1m^[22m[39m[31m[1m
^[22m[39m[31m[1m^
[22m[39m[31m[1m^[2
2m[39m[31m[1m^[22m
[39m[31m[1m^[22m[
39m[31m[1m^[22m[39
m[31m[1m^[22m[39m
[31m[1m^[22m[39m[3
1m[1m^[22m[39m[31m
[1m^[22m[39m[31m[
1m^[22m[39m[31m[1m
^[22m[39m[31m[1m^
[22m[39m[31m[1m^[2
2m[39m[31m[1m^[22m
[39m[31m[1m^[22m[
39m[31m[1m^[22m[39
m[31m[1m^[22m[39m
[31m[1m^[22m[39m[3
1m[1m^[22m[39m[31m
[1m^[22m[39m[31m[
1m^[22m[39m[31m[1m
^[22m[39m[31m[1m^
[22m[39m[31m[1m^[2
2m[39m[31m[1m^[22m
[39m[31m[1m^[22m[
39m[31m[1m^[22m[39
m[31m[1m^[22m[39m
[31m[1m^[22m[39m[3
1m[1m^[22m[39m[31m
[1m^[22m[39m[31m[
1m^[22m[39m[31m[1m
^[22m[39m
 [90m  9 |[39m 
[36mvar[39m 
_createClass2 
[33m=[39m _interopRe
quireDefault(require(
[32m"@babel/runtime/he
lpers/createClass"[39
m))[33m;[39m
 [90m 10 |[39m 
[36mvar[39m 
_inherits2 
[33m=[39m _interopRe
quireDefault(require(
[32m"@babel/runtime/he
lpers/inherits"[39m))
[33m;[39m
 [90m 11 |[39m 
[36mvar[39m _possibl
eConstructorReturn2 
[33m=[39m _interopRe
quireDefault(require(
[32m"@babel/runtime/he
lpers/possibleConstruc
torReturn"[39m))[33m
;[39m[0m



Import traces:
  Client Component 
Browser:
    ./Downloads/backen
d-hub-api/node_modules
/@recurly/react-recurl
y/lib-dist/elements.js
 [Client Component 
Browser]
    ./Downloads/backen
d-hub-api/node_modules
/@recurly/react-recurl
y/lib-dist/index.js 
[Client Component 
Browser]
    ./Downloads/backen
d-hub-api/src/app/page
.tsx [Client 
Component Browser]
    ./Downloads/backen
d-hub-api/src/app/page
.tsx [Server 
Component]

  Client Component 
SSR:
    ./Downloads/backen
d-hub-api/node_modules
/@recurly/react-recurl
y/lib-dist/elements.js
 [Client Component 
SSR]
    ./Downloads/backen
d-hub-api/node_modules
/@recurly/react-recurl
y/lib-dist/index.js 
[Client Component SSR]
    ./Downloads/backen
d-hub-api/src/app/page
.tsx [Client 
Component SSR]
    ./Downloads/backen
d-hub-api/src/app/page
.tsx [Server 
Component]

https://nextjs.org/doc
s/messages/module-not-
found


./Downloads/backend-hu
b-api/node_modules/@re
curly/react-recurly/li
b-dist/provider.js:9:4
7
Module not found: 
Can't resolve '@babel/
runtime/helpers/classC
allCheck'
[0m [90m  7 |[39m e
xports[[32m"default"
[39m] [33m=[39m expo
rts[33m.[39m[33mRec
urlyContext[39m 
[33m=[39m 
[36mvoid[39m 
[35m0[39m[33m;[39m
 [90m  8 |[39m 
[36mvar[39m _objectW
ithoutProperties2 
[33m=[39m _interopRe
quireDefault(require(
[32m"@babel/runtime/he
lpers/objectWithoutPro
perties"[39m))[33m;
[39m
[31m[1m>[22m[39m[
90m  9 |[39m 
[36mvar[39m 
_classCallCheck2 
[33m=[39m _interopRe
quireDefault(require(
[32m"@babel/runtime/he
lpers/classCallCheck"
[39m))[33m;[39m
 [90m    |[39m      
                      
                   [3
1m[1m^[22m[39m[31m
[1m^[22m[39m[31m[
1m^[22m[39m[31m[1m
^[22m[39m[31m[1m^
[22m[39m[31m[1m^[2
2m[39m[31m[1m^[22m
[39m[31m[1m^[22m[
39m[31m[1m^[22m[39
m[31m[1m^[22m[39m
[31m[1m^[22m[39m[3
1m[1m^[22m[39m[31m
[1m^[22m[39m[31m[
1m^[22m[39m[31m[1m
^[22m[39m[31m[1m^
[22m[39m[31m[1m^[2
2m[39m[31m[1m^[22m
[39m[31m[1m^[22m[
39m[31m[1m^[22m[39
m[31m[1m^[22m[39m
[31m[1m^[22m[39m[3
1m[1m^[22m[39m[31m
[1m^[22m[39m[31m[
1m^[22m[39m[31m[1m
^[22m[39m[31m[1m^
[22m[39m[31m[1m^[2
2m[39m[31m[1m^[22m
[39m[31m[1m^[22m[
39m[31m[1m^[22m[39
m[31m[1m^[22m[39m
[31m[1m^[22m[39m[3
1m[1m^[22m[39m[31m
[1m^[22m[39m[31m[
1m^[22m[39m[31m[1m
^[22m[39m[31m[1m^
[22m[39m[31m[1m^[2
2m[39m[31m[1m^[22m
[39m[31m[1m^[22m[
39m[31m[1m^[22m[39
m[31m[1m^[22m[39m
[31m[1m^[22m[39m[3
1m[1m^[22m[39m[31m
[1m^[22m[39m[31m[
1m^[22m[39m[31m[1m
^[22m[39m
 [90m 10 |[39m 
[36mvar[39m 
_createClass2 
[33m=[39m _interopRe
quireDefault(require(
[32m"@babel/runtime/he
lpers/createClass"[39
m))[33m;[39m
 [90m 11 |[39m 
[36mvar[39m 
_inherits2 
[33m=[39m _interopRe
quireDefault(require(
[32m"@babel/runtime/he
lpers/inherits"[39m))
[33m;[39m
 [90m 12 |[39m 
[36mvar[39m _possibl
eConstructorReturn2 
[33m=[39m _interopRe
quireDefault(require(
[32m"@babel/runtime/he
lpers/possibleConstruc
torReturn"[39m))[33m
;[39m[0m



Import traces:
  Client Component 
Browser:
    ./Downloads/backen
d-hub-api/node_modules
/@recurly/react-recurl
y/lib-dist/provider.js
 [Client Component 
Browser]
    ./Downloads/backen
d-hub-api/node_modules
/@recurly/react-recurl
y/lib-dist/index.js 
[Client Component 
Browser]
    ./Downloads/backen
d-hub-api/src/app/page
.tsx [Client 
Component Browser]
    ./Downloads/backen
d-hub-api/src/app/page
.tsx [Server 
Component]

  Client Component 
SSR:
    ./Downloads/backen
d-hub-api/node_modules
/@recurly/react-recurl
y/lib-dist/provider.js
 [Client Component 
SSR]
    ./Downloads/backen
d-hub-api/node_modules
/@recurly/react-recurl
y/lib-dist/index.js 
[Client Component SSR]
    ./Downloads/backen
d-hub-api/src/app/page
.tsx [Client 
Component SSR]
    ./Downloads/backen
d-hub-api/src/app/page
.tsx [Server 
Component]

https://nextjs.org/doc
s/messages/module-not-
found


./Downloads/backend-hu
b-api/node_modules/@re
curly/react-recurly/li
b-dist/risk-data-colle
ctor.js:8:47
Module not found: 
Can't resolve '@babel/
runtime/helpers/classC
allCheck'
[0m [90m  6 |[39m 
})[33m;[39m
 [90m  7 |[39m expor
ts[[32m"default"[39m
] [33m=[39m exports
[33m.[39m[33mRISK_ST
RATEGIES[39m 
[33m=[39m 
[36mvoid[39m 
[35m0[39m[33m;[39m
[31m[1m>[22m[39m[
90m  8 |[39m 
[36mvar[39m 
_classCallCheck2 
[33m=[39m _interopRe
quireDefault(require(
[32m"@babel/runtime/he
lpers/classCallCheck"
[39m))[33m;[39m
 [90m    |[39m      
                      
                   [3
1m[1m^[22m[39m[31m
[1m^[22m[39m[31m[
1m^[22m[39m[31m[1m
^[22m[39m[31m[1m^
[22m[39m[31m[1m^[2
2m[39m[31m[1m^[22m
[39m[31m[1m^[22m[
39m[31m[1m^[22m[39
m[31m[1m^[22m[39m
[31m[1m^[22m[39m[3
1m[1m^[22m[39m[31m
[1m^[22m[39m[31m[
1m^[22m[39m[31m[1m
^[22m[39m[31m[1m^
[22m[39m[31m[1m^[2
2m[39m[31m[1m^[22m
[39m[31m[1m^[22m[
39m[31m[1m^[22m[39
m[31m[1m^[22m[39m
[31m[1m^[22m[39m[3
1m[1m^[22m[39m[31m
[1m^[22m[39m[31m[
1m^[22m[39m[31m[1m
^[22m[39m[31m[1m^
[22m[39m[31m[1m^[2
2m[39m[31m[1m^[22m
[39m[31m[1m^[22m[
39m[31m[1m^[22m[39
m[31m[1m^[22m[39m
[31m[1m^[22m[39m[3
1m[1m^[22m[39m[31m
[1m^[22m[39m[31m[
1m^[22m[39m[31m[1m
^[22m[39m[31m[1m^
[22m[39m[31m[1m^[2
2m[39m[31m[1m^[22m
[39m[31m[1m^[22m[
39m[31m[1m^[22m[39
m[31m[1m^[22m[39m
[31m[1m^[22m[39m[3
1m[1m^[22m[39m[31m
[1m^[22m[39m[31m[
1m^[22m[39m[31m[1m
^[22m[39m
 [90m  9 |[39m 
[36mvar[39m 
_createClass2 
[33m=[39m _interopRe
quireDefault(require(
[32m"@babel/runtime/he
lpers/createClass"[39
m))[33m;[39m
 [90m 10 |[39m 
[36mvar[39m 
_inherits2 
[33m=[39m _interopRe
quireDefault(require(
[32m"@babel/runtime/he
lpers/inherits"[39m))
[33m;[39m
 [90m 11 |[39m 
[36mvar[39m _possibl
eConstructorReturn2 
[33m=[39m _interopRe
quireDefault(require(
[32m"@babel/runtime/he
lpers/possibleConstruc
torReturn"[39m))[33m
;[39m[0m



Import traces:
  Client Component 
Browser:
    ./Downloads/backen
d-hub-api/node_modules
/@recurly/react-recurl
y/lib-dist/risk-data-c
ollector.js [Client 
Component Browser]
    ./Downloads/backen
d-hub-api/node_modules
/@recurly/react-recurl
y/lib-dist/index.js 
[Client Component 
Browser]
    ./Downloads/backen
d-hub-api/src/app/page
.tsx [Client 
Component Browser]
    ./Downloads/backen
d-hub-api/src/app/page
.tsx [Server 
Component]

  Client Component 
SSR:
    ./Downloads/backen
d-hub-api/node_modules
/@recurly/react-recurl
y/lib-dist/risk-data-c
ollector.js [Client 
Component SSR]
    ./Downloads/backen
d-hub-api/node_modules
/@recurly/react-recurl
y/lib-dist/index.js 
[Client Component SSR]
    ./Downloads/backen
d-hub-api/src/app/page
.tsx [Client 
Component SSR]
    ./Downloads/backen
d-hub-api/src/app/page
.tsx [Server 
Component]

https://nextjs.org/doc
s/messages/module-not-
found


./Downloads/backend-hu
b-api/node_modules/@re
curly/react-recurly/li
b-dist/three-d-secure-
action.js:8:47
Module not found: 
Can't resolve '@babel/
runtime/helpers/classC
allCheck'
[0m [90m  6 |[39m 
})[33m;[39m
 [90m  7 |[39m expor
ts[[32m"default"[39m
] [33m=[39m 
[36mvoid[39m 
[35m0[39m[33m;[39m
[31m[1m>[22m[39m[
90m  8 |[39m 
[36mvar[39m 
_classCallCheck2 
[33m=[39m _interopRe
quireDefault(require(
[32m"@babel/runtime/he
lpers/classCallCheck"
[39m))[33m;[39m
 [90m    |[39m      
                      
                   [3
1m[1m^[22m[39m[31m
[1m^[22m[39m[31m[
1m^[22m[39m[31m[1m
^[22m[39m[31m[1m^
[22m[39m[31m[1m^[2
2m[39m[31m[1m^[22m
[39m[31m[1m^[22m[
39m[31m[1m^[22m[39
m[31m[1m^[22m[39m
[31m[1m^[22m[39m[3
1m[1m^[22m[39m[31m
[1m^[22m[39m[31m[
1m^[22m[39m[31m[1m
^[22m[39m[31m[1m^
[22m[39m[31m[1m^[2
2m[39m[31m[1m^[22m
[39m[31m[1m^[22m[
39m[31m[1m^[22m[39
m[31m[1m^[22m[39m
[31m[1m^[22m[39m[3
1m[1m^[22m[39m[31m
[1m^[22m[39m[31m[
1m^[22m[39m[31m[1m
^[22m[39m[31m[1m^
[22m[39m[31m[1m^[2
2m[39m[31m[1m^[22m
[39m[31m[1m^[22m[
39m[31m[1m^[22m[39
m[31m[1m^[22m[39m
[31m[1m^[22m[39m[3
1m[1m^[22m[39m[31m
[1m^[22m[39m[31m[
1m^[22m[39m[31m[1m
^[22m[39m[31m[1m^
[22m[39m[31m[1m^[2
2m[39m[31m[1m^[22m
[39m[31m[1m^[22m[
39m[31m[1m^[22m[39
m[31m[1m^[22m[39m
[31m[1m^[22m[39m[3
1m[1m^[22m[39m[31m
[1m^[22m[39m[31m[
1m^[22m[39m[31m[1m
^[22m[39m
 [90m  9 |[39m 
[36mvar[39m 
_createClass2 
[33m=[39m _interopRe
quireDefault(require(
[32m"@babel/runtime/he
lpers/createClass"[39
m))[33m;[39m
 [90m 10 |[39m 
[36mvar[39m 
_inherits2 
[33m=[39m _interopRe
quireDefault(require(
[32m"@babel/runtime/he
lpers/inherits"[39m))
[33m;[39m
 [90m 11 |[39m 
[36mvar[39m _possibl
eConstructorReturn2 
[33m=[39m _interopRe
quireDefault(require(
[32m"@babel/runtime/he
lpers/possibleConstruc
torReturn"[39m))[33m
;[39m[0m



Import traces:
  Client Component 
Browser:
    ./Downloads/backen
d-hub-api/node_modules
/@recurly/react-recurl
y/lib-dist/three-d-sec
ure-action.js [Client 
Component Browser]
    ./Downloads/backen
d-hub-api/node_modules
/@recurly/react-recurl
y/lib-dist/index.js 
[Client Component 
Browser]
    ./Downloads/backen
d-hub-api/src/app/page
.tsx [Client 
Component Browser]
    ./Downloads/backen
d-hub-api/src/app/page
.tsx [Server 
Component]

  Client Component 
SSR:
    ./Downloads/backen
d-hub-api/node_modules
/@recurly/react-recurl
y/lib-dist/three-d-sec
ure-action.js [Client 
Component SSR]
    ./Downloads/backen
d-hub-api/node_modules
/@recurly/react-recurl
y/lib-dist/index.js 
[Client Component SSR]
    ./Downloads/backen
d-hub-api/src/app/page
.tsx [Client 
Component SSR]
    ./Downloads/backen
d-hub-api/src/app/page
.tsx [Server 
Component]

https://nextjs.org/doc
s/messages/module-not-
found


./Downloads/backend-hu
b-api/node_modules/@re
curly/react-recurly/li
b-dist/element/card-cv
v.js:8:44
Module not found: 
Can't resolve '@babel/
runtime/helpers/create
Class'
[0m [90m  6 |[39m 
})[33m;[39m
 [90m  7 |[39m expor
ts[[32m"default"[39m
] [33m=[39m 
[36mvoid[39m 
[35m0[39m[33m;[39m
[31m[1m>[22m[39m[
90m  8 |[39m 
[36mvar[39m 
_createClass2 
[33m=[39m _interopRe
quireDefault(require(
[32m"@babel/runtime/he
lpers/createClass"[39
m))[33m;[39m
 [90m    |[39m      
                      
                [31m
[1m^[22m[39m[31m[1
m^[22m[39m[31m[1m^
[22m[39m[31m[1m^[
22m[39m[31m[1m^[22
m[39m[31m[1m^[22m
[39m[31m[1m^[22m[3
9m[31m[1m^[22m[39m
[31m[1m^[22m[39m[
31m[1m^[22m[39m[31
m[1m^[22m[39m[31m
[1m^[22m[39m[31m[1
m^[22m[39m[31m[1m^
[22m[39m[31m[1m^[
22m[39m[31m[1m^[22
m[39m[31m[1m^[22m
[39m[31m[1m^[22m[3
9m[31m[1m^[22m[39m
[31m[1m^[22m[39m[
31m[1m^[22m[39m[31
m[1m^[22m[39m[31m
[1m^[22m[39m[31m[1
m^[22m[39m[31m[1m^
[22m[39m[31m[1m^[
22m[39m[31m[1m^[22
m[39m[31m[1m^[22m
[39m[31m[1m^[22m[3
9m[31m[1m^[22m[39m
[31m[1m^[22m[39m[
31m[1m^[22m[39m[31
m[1m^[22m[39m[31m
[1m^[22m[39m[31m[1
m^[22m[39m[31m[1m^
[22m[39m[31m[1m^[
22m[39m[31m[1m^[22
m[39m[31m[1m^[22m
[39m[31m[1m^[22m[3
9m[31m[1m^[22m[39m
[31m[1m^[22m[39m[
31m[1m^[22m[39m[31
m[1m^[22m[39m[31m
[1m^[22m[39m
 [90m  9 |[39m 
[36mvar[39m 
_classCallCheck2 
[33m=[39m _interopRe
quireDefault(require(
[32m"@babel/runtime/he
lpers/classCallCheck"
[39m))[33m;[39m
 [90m 10 |[39m 
[36mvar[39m 
_inherits2 
[33m=[39m _interopRe
quireDefault(require(
[32m"@babel/runtime/he
lpers/inherits"[39m))
[33m;[39m
 [90m 11 |[39m 
[36mvar[39m _possibl
eConstructorReturn2 
[33m=[39m _interopRe
quireDefault(require(
[32m"@babel/runtime/he
lpers/possibleConstruc
torReturn"[39m))[33m
;[39m[0m



Import traces:
  Client Component 
Browser:
    ./Downloads/backen
d-hub-api/node_modules
/@recurly/react-recurl
y/lib-dist/element/car
d-cvv.js [Client 
Component Browser]
    ./Downloads/backen
d-hub-api/node_modules
/@recurly/react-recurl
y/lib-dist/index.js 
[Client Component 
Browser]
    ./Downloads/backen
d-hub-api/src/app/page
.tsx [Client 
Component Browser]
    ./Downloads/backen
d-hub-api/src/app/page
.tsx [Server 
Component]

  Client Component 
SSR:
    ./Downloads/backen
d-hub-api/node_modules
/@recurly/react-recurl
y/lib-dist/element/car
d-cvv.js [Client 
Component SSR]
    ./Downloads/backen
d-hub-api/node_modules
/@recurly/react-recurl
y/lib-dist/index.js 
[Client Component SSR]
    ./Downloads/backen
d-hub-api/src/app/page
.tsx [Client 
Component SSR]
    ./Downloads/backen
d-hub-api/src/app/page
.tsx [Server 
Component]

https://nextjs.org/doc
s/messages/module-not-
found


./Downloads/backend-hu
b-api/node_modules/@re
curly/react-recurly/li
b-dist/element/card-mo
nth.js:8:44
Module not found: 
Can't resolve '@babel/
runtime/helpers/create
Class'
[0m [90m  6 |[39m 
})[33m;[39m
 [90m  7 |[39m expor
ts[[32m"default"[39m
] [33m=[39m 
[36mvoid[39m 
[35m0[39m[33m;[39m
[31m[1m>[22m[39m[
90m  8 |[39m 
[36mvar[39m 
_createClass2 
[33m=[39m _interopRe
quireDefault(require(
[32m"@babel/runtime/he
lpers/createClass"[39
m))[33m;[39m
 [90m    |[39m      
                      
                [31m
[1m^[22m[39m[31m[1
m^[22m[39m[31m[1m^
[22m[39m[31m[1m^[
22m[39m[31m[1m^[22
m[39m[31m[1m^[22m
[39m[31m[1m^[22m[3
9m[31m[1m^[22m[39m
[31m[1m^[22m[39m[
31m[1m^[22m[39m[31
m[1m^[22m[39m[31m
[1m^[22m[39m[31m[1
m^[22m[39m[31m[1m^
[22m[39m[31m[1m^[
22m[39m[31m[1m^[22
m[39m[31m[1m^[22m
[39m[31m[1m^[22m[3
9m[31m[1m^[22m[39m
[31m[1m^[22m[39m[
31m[1m^[22m[39m[31
m[1m^[22m[39m[31m
[1m^[22m[39m[31m[1
m^[22m[39m[31m[1m^
[22m[39m[31m[1m^[
22m[39m[31m[1m^[22
m[39m[31m[1m^[22m
[39m[31m[1m^[22m[3
9m[31m[1m^[22m[39m
[31m[1m^[22m[39m[
31m[1m^[22m[39m[31
m[1m^[22m[39m[31m
[1m^[22m[39m[31m[1
m^[22m[39m[31m[1m^
[22m[39m[31m[1m^[
22m[39m[31m[1m^[22
m[39m[31m[1m^[22m
[39m[31m[1m^[22m[3
9m[31m[1m^[22m[39m
[31m[1m^[22m[39m[
31m[1m^[22m[39m[31
m[1m^[22m[39m[31m
[1m^[22m[39m
 [90m  9 |[39m 
[36mvar[39m 
_classCallCheck2 
[33m=[39m _interopRe
quireDefault(require(
[32m"@babel/runtime/he
lpers/classCallCheck"
[39m))[33m;[39m
 [90m 10 |[39m 
[36mvar[39m 
_inherits2 
[33m=[39m _interopRe
quireDefault(require(
[32m"@babel/runtime/he
lpers/inherits"[39m))
[33m;[39m
 [90m 11 |[39m 
[36mvar[39m _possibl
eConstructorReturn2 
[33m=[39m _interopRe
quireDefault(require(
[32m"@babel/runtime/he
lpers/possibleConstruc
torReturn"[39m))[33m
;[39m[0m



Import traces:
  Client Component 
Browser:
    ./Downloads/backen
d-hub-api/node_modules
/@recurly/react-recurl
y/lib-dist/element/car
d-month.js [Client 
Component Browser]
    ./Downloads/backen
d-hub-api/node_modules
/@recurly/react-recurl
y/lib-dist/index.js 
[Client Component 
Browser]
    ./Downloads/backen
d-hub-api/src/app/page
.tsx [Client 
Component Browser]
    ./Downloads/backen
d-hub-api/src/app/page
.tsx [Server 
Component]

  Client Component 
SSR:
    ./Downloads/backen
d-hub-api/node_modules
/@recurly/react-recurl
y/lib-dist/element/car
d-month.js [Client 
Component SSR]
    ./Downloads/backen
d-hub-api/node_modules
/@recurly/react-recurl
y/lib-dist/index.js 
[Client Component SSR]
    ./Downloads/backen
d-hub-api/src/app/page
.tsx [Client 
Component SSR]
    ./Downloads/backen
d-hub-api/src/app/page
.tsx [Server 
Component]

https://nextjs.org/doc
s/messages/module-not-
found


./Downloads/backend-hu
b-api/node_modules/@re
curly/react-recurly/li
b-dist/element/card-nu
mber.js:8:44
Module not found: 
Can't resolve '@babel/
runtime/helpers/create
Class'
[0m [90m  6 |[39m 
})[33m;[39m
 [90m  7 |[39m expor
ts[[32m"default"[39m
] [33m=[39m 
[36mvoid[39m 
[35m0[39m[33m;[39m
[31m[1m>[22m[39m[
90m  8 |[39m 
[36mvar[39m 
_createClass2 
[33m=[39m _interopRe
quireDefault(require(
[32m"@babel/runtime/he
lpers/createClass"[39
m))[33m;[39m
 [90m    |[39m      
                      
                [31m
[1m^[22m[39m[31m[1
m^[22m[39m[31m[1m^
[22m[39m[31m[1m^[
22m[39m[31m[1m^[22
m[39m[31m[1m^[22m
[39m[31m[1m^[22m[3
9m[31m[1m^[22m[39m
[31m[1m^[22m[39m[
31m[1m^[22m[39m[31
m[1m^[22m[39m[31m
[1m^[22m[39m[31m[1
m^[22m[39m[31m[1m^
[22m[39m[31m[1m^[
22m[39m[31m[1m^[22
m[39m[31m[1m^[22m
[39m[31m[1m^[22m[3
9m[31m[1m^[22m[39m
[31m[1m^[22m[39m[
31m[1m^[22m[39m[31
m[1m^[22m[39m[31m
[1m^[22m[39m[31m[1
m^[22m[39m[31m[1m^
[22m[39m[31m[1m^[
22m[39m[31m[1m^[22
m[39m[31m[1m^[22m
[39m[31m[1m^[22m[3
9m[31m[1m^[22m[39m
[31m[1m^[22m[39m[
31m[1m^[22m[39m[31
m[1m^[22m[39m[31m
[1m^[22m[39m[31m[1
m^[22m[39m[31m[1m^
[22m[39m[31m[1m^[
22m[39m[31m[1m^[22
m[39m[31m[1m^[22m
[39m[31m[1m^[22m[3
9m[31m[1m^[22m[39m
[31m[1m^[22m[39m[
31m[1m^[22m[39m[31
m[1m^[22m[39m[31m
[1m^[22m[39m
 [90m  9 |[39m 
[36mvar[39m 
_classCallCheck2 
[33m=[39m _interopRe
quireDefault(require(
[32m"@babel/runtime/he
lpers/classCallCheck"
[39m))[33m;[39m
 [90m 10 |[39m 
[36mvar[39m 
_inherits2 
[33m=[39m _interopRe
quireDefault(require(
[32m"@babel/runtime/he
lpers/inherits"[39m))
[33m;[39m
 [90m 11 |[39m 
[36mvar[39m _possibl
eConstructorReturn2 
[33m=[39m _interopRe
quireDefault(require(
[32m"@babel/runtime/he
lpers/possibleConstruc
torReturn"[39m))[33m
;[39m[0m



Import traces:
  Client Component 
Browser:
    ./Downloads/backen
d-hub-api/node_modules
/@recurly/react-recurl
y/lib-dist/element/car
d-number.js [Client 
Component Browser]
    ./Downloads/backen
d-hub-api/node_modules
/@recurly/react-recurl
y/lib-dist/index.js 
[Client Component 
Browser]
    ./Downloads/backen
d-hub-api/src/app/page
.tsx [Client 
Component Browser]
    ./Downloads/backen
d-hub-api/src/app/page
.tsx [Server 
Component]

  Client Component 
SSR:
    ./Downloads/backen
d-hub-api/node_modules
/@recurly/react-recurl
y/lib-dist/element/car
d-number.js [Client 
Component SSR]
    ./Downloads/backen
d-hub-api/node_modules
/@recurly/react-recurl
y/lib-dist/index.js 
[Client Component SSR]
    ./Downloads/backen
d-hub-api/src/app/page
.tsx [Client 
Component SSR]
    ./Downloads/backen
d-hub-api/src/app/page
.tsx [Server 
Component]

https://nextjs.org/doc
s/messages/module-not-
found


./Downloads/backend-hu
b-api/node_modules/@re
curly/react-recurly/li
b-dist/element/card-ye
ar.js:8:44
Module not found: 
Can't resolve '@babel/
runtime/helpers/create
Class'
[0m [90m  6 |[39m 
})[33m;[39m
 [90m  7 |[39m expor
ts[[32m"default"[39m
] [33m=[39m 
[36mvoid[39m 
[35m0[39m[33m;[39m
[31m[1m>[22m[39m[
90m  8 |[39m 
[36mvar[39m 
_createClass2 
[33m=[39m _interopRe
quireDefault(require(
[32m"@babel/runtime/he
lpers/createClass"[39
m))[33m;[39m
 [90m    |[39m      
                      
                [31m
[1m^[22m[39m[31m[1
m^[22m[39m[31m[1m^
[22m[39m[31m[1m^[
22m[39m[31m[1m^[22
m[39m[31m[1m^[22m
[39m[31m[1m^[22m[3
9m[31m[1m^[22m[39m
[31m[1m^[22m[39m[
31m[1m^[22m[39m[31
m[1m^[22m[39m[31m
[1m^[22m[39m[31m[1
m^[22m[39m[31m[1m^
[22m[39m[31m[1m^[
22m[39m[31m[1m^[22
m[39m[31m[1m^[22m
[39m[31m[1m^[22m[3
9m[31m[1m^[22m[39m
[31m[1m^[22m[39m[
31m[1m^[22m[39m[31
m[1m^[22m[39m[31m
[1m^[22m[39m[31m[1
m^[22m[39m[31m[1m^
[22m[39m[31m[1m^[
22m[39m[31m[1m^[22
m[39m[31m[1m^[22m
[39m[31m[1m^[22m[3
9m[31m[1m^[22m[39m
[31m[1m^[22m[39m[
31m[1m^[22m[39m[31
m[1m^[22m[39m[31m
[1m^[22m[39m[31m[1
m^[22m[39m[31m[1m^
[22m[39m[31m[1m^[
22m[39m[31m[1m^[22
m[39m[31m[1m^[22m
[39m[31m[1m^[22m[3
9m[31m[1m^[22m[39m
[31m[1m^[22m[39m[
31m[1m^[22m[39m[31
m[1m^[22m[39m[31m
[1m^[22m[39m
 [90m  9 |[39m 
[36mvar[39m 
_classCallCheck2 
[33m=[39m _interopRe
quireDefault(require(
[32m"@babel/runtime/he
lpers/classCallCheck"
[39m))[33m;[39m
 [90m 10 |[39m 
[36mvar[39m 
_inherits2 
[33m=[39m _interopRe
quireDefault(require(
[32m"@babel/runtime/he
lpers/inherits"[39m))
[33m;[39m
 [90m 11 |[39m 
[36mvar[39m _possibl
eConstructorReturn2 
[33m=[39m _interopRe
quireDefault(require(
[32m"@babel/runtime/he
lpers/possibleConstruc
torReturn"[39m))[33m
;[39m[0m



Import traces:
  Client Component 
Browser:
    ./Downloads/backen
d-hub-api/node_modules
/@recurly/react-recurl
y/lib-dist/element/car
d-year.js [Client 
Component Browser]
    ./Downloads/backen
d-hub-api/node_modules
/@recurly/react-recurl
y/lib-dist/index.js 
[Client Component 
Browser]
    ./Downloads/backen
d-hub-api/src/app/page
.tsx [Client 
Component Browser]
    ./Downloads/backen
d-hub-api/src/app/page
.tsx [Server 
Component]

  Client Component 
SSR:
    ./Downloads/backen
d-hub-api/node_modules
/@recurly/react-recurl
y/lib-dist/element/car
d-year.js [Client 
Component SSR]
    ./Downloads/backen
d-hub-api/node_modules
/@recurly/react-recurl
y/lib-dist/index.js 
[Client Component SSR]
    ./Downloads/backen
d-hub-api/src/app/page
.tsx [Client 
Component SSR]
    ./Downloads/backen
d-hub-api/src/app/page
.tsx [Server 
Component]

https://nextjs.org/doc
s/messages/module-not-
found


./Downloads/backend-hu
b-api/node_modules/@re
curly/react-recurly/li
b-dist/element/card.js
:8:44
Module not found: 
Can't resolve '@babel/
runtime/helpers/create
Class'
[0m [90m  6 |[39m 
})[33m;[39m
 [90m  7 |[39m expor
ts[[32m"default"[39m
] [33m=[39m 
[36mvoid[39m 
[35m0[39m[33m;[39m
[31m[1m>[22m[39m[
90m  8 |[39m 
[36mvar[39m 
_createClass2 
[33m=[39m _interopRe
quireDefault(require(
[32m"@babel/runtime/he
lpers/createClass"[39
m))[33m;[39m
 [90m    |[39m      
                      
                [31m
[1m^[22m[39m[31m[1
m^[22m[39m[31m[1m^
[22m[39m[31m[1m^[
22m[39m[31m[1m^[22
m[39m[31m[1m^[22m
[39m[31m[1m^[22m[3
9m[31m[1m^[22m[39m
[31m[1m^[22m[39m[
31m[1m^[22m[39m[31
m[1m^[22m[39m[31m
[1m^[22m[39m[31m[1
m^[22m[39m[31m[1m^
[22m[39m[31m[1m^[
22m[39m[31m[1m^[22
m[39m[31m[1m^[22m
[39m[31m[1m^[22m[3
9m[31m[1m^[22m[39m
[31m[1m^[22m[39m[
31m[1m^[22m[39m[31
m[1m^[22m[39m[31m
[1m^[22m[39m[31m[1
m^[22m[39m[31m[1m^
[22m[39m[31m[1m^[
22m[39m[31m[1m^[22
m[39m[31m[1m^[22m
[39m[31m[1m^[22m[3
9m[31m[1m^[22m[39m
[31m[1m^[22m[39m[
31m[1m^[22m[39m[31
m[1m^[22m[39m[31m
[1m^[22m[39m[31m[1
m^[22m[39m[31m[1m^
[22m[39m[31m[1m^[
22m[39m[31m[1m^[22
m[39m[31m[1m^[22m
[39m[31m[1m^[22m[3
9m[31m[1m^[22m[39m
[31m[1m^[22m[39m[
31m[1m^[22m[39m[31
m[1m^[22m[39m[31m
[1m^[22m[39m
 [90m  9 |[39m 
[36mvar[39m 
_classCallCheck2 
[33m=[39m _interopRe
quireDefault(require(
[32m"@babel/runtime/he
lpers/classCallCheck"
[39m))[33m;[39m
 [90m 10 |[39m 
[36mvar[39m 
_inherits2 
[33m=[39m _interopRe
quireDefault(require(
[32m"@babel/runtime/he
lpers/inherits"[39m))
[33m;[39m
 [90m 11 |[39m 
[36mvar[39m _possibl
eConstructorReturn2 
[33m=[39m _interopRe
quireDefault(require(
[32m"@babel/runtime/he
lpers/possibleConstruc
torReturn"[39m))[33m
;[39m[0m



Import traces:
  Client Component 
Browser:
    ./Downloads/backen
d-hub-api/node_modules
/@recurly/react-recurl
y/lib-dist/element/car
d.js [Client 
Component Browser]
    ./Downloads/backen
d-hub-api/node_modules
/@recurly/react-recurl
y/lib-dist/index.js 
[Client Component 
Browser]
    ./Downloads/backen
d-hub-api/src/app/page
.tsx [Client 
Component Browser]
    ./Downloads/backen
d-hub-api/src/app/page
.tsx [Server 
Component]

  Client Component 
SSR:
    ./Downloads/backen
d-hub-api/node_modules
/@recurly/react-recurl
y/lib-dist/element/car
d.js [Client 
Component SSR]
    ./Downloads/backen
d-hub-api/node_modules
/@recurly/react-recurl
y/lib-dist/index.js 
[Client Component SSR]
    ./Downloads/backen
d-hub-api/src/app/page
.tsx [Client 
Component SSR]
    ./Downloads/backen
d-hub-api/src/app/page
.tsx [Server 
Component]

https://nextjs.org/doc
s/messages/module-not-
found


./Downloads/backend-hu
b-api/node_modules/@re
curly/react-recurly/li
b-dist/element/element
.js:9:44
Module not found: 
Can't resolve '@babel/
runtime/helpers/create
Class'
[0m [90m  7 |[39m e
xports[[32m"default"
[39m] [33m=[39m 
[36mvoid[39m 
[35m0[39m[33m;[39m
 [90m  8 |[39m 
[36mvar[39m 
_classCallCheck2 
[33m=[39m _interopRe
quireDefault(require(
[32m"@babel/runtime/he
lpers/classCallCheck"
[39m))[33m;[39m
[31m[1m>[22m[39m[
90m  9 |[39m 
[36mvar[39m 
_createClass2 
[33m=[39m _interopRe
quireDefault(require(
[32m"@babel/runtime/he
lpers/createClass"[39
m))[33m;[39m
 [90m    |[39m      
                      
                [31m
[1m^[22m[39m[31m[1
m^[22m[39m[31m[1m^
[22m[39m[31m[1m^[
22m[39m[31m[1m^[22
m[39m[31m[1m^[22m
[39m[31m[1m^[22m[3
9m[31m[1m^[22m[39m
[31m[1m^[22m[39m[
31m[1m^[22m[39m[31
m[1m^[22m[39m[31m
[1m^[22m[39m[31m[1
m^[22m[39m[31m[1m^
[22m[39m[31m[1m^[
22m[39m[31m[1m^[22
m[39m[31m[1m^[22m
[39m[31m[1m^[22m[3
9m[31m[1m^[22m[39m
[31m[1m^[22m[39m[
31m[1m^[22m[39m[31
m[1m^[22m[39m[31m
[1m^[22m[39m[31m[1
m^[22m[39m[31m[1m^
[22m[39m[31m[1m^[
22m[39m[31m[1m^[22
m[39m[31m[1m^[22m
[39m[31m[1m^[22m[3
9m[31m[1m^[22m[39m
[31m[1m^[22m[39m[
31m[1m^[22m[39m[31
m[1m^[22m[39m[31m
[1m^[22m[39m[31m[1
m^[22m[39m[31m[1m^
[22m[39m[31m[1m^[
22m[39m[31m[1m^[22
m[39m[31m[1m^[22m
[39m[31m[1m^[22m[3
9m[31m[1m^[22m[39m
[31m[1m^[22m[39m[
31m[1m^[22m[39m[31
m[1m^[22m[39m[31m
[1m^[22m[39m
 [90m 10 |[39m 
[36mvar[39m _assertT
hisInitialized2 
[33m=[39m _interopRe
quireDefault(require(
[32m"@babel/runtime/he
lpers/assertThisInitia
lized"[39m))[33m;[3
9m
 [90m 11 |[39m 
[36mvar[39m 
_inherits2 
[33m=[39m _interopRe
quireDefault(require(
[32m"@babel/runtime/he
lpers/inherits"[39m))
[33m;[39m
 [90m 12 |[39m 
[36mvar[39m _possibl
eConstructorReturn2 
[33m=[39m _interopRe
quireDefault(require(
[32m"@babel/runtime/he
lpers/possibleConstruc
torReturn"[39m))[33m
;[39m[0m



Import traces:
  Client Component 
Browser:
    ./Downloads/backen
d-hub-api/node_modules
/@recurly/react-recurl
y/lib-dist/element/ele
ment.js [Client 
Component Browser]
    ./Downloads/backen
d-hub-api/node_modules
/@recurly/react-recurl
y/lib-dist/element/car
d-cvv.js [Client 
Component Browser]
    ./Downloads/backen
d-hub-api/node_modules
/@recurly/react-recurl
y/lib-dist/index.js 
[Client Component 
Browser]
    ./Downloads/backen
d-hub-api/src/app/page
.tsx [Client 
Component Browser]
    ./Downloads/backen
d-hub-api/src/app/page
.tsx [Server 
Component]

  Client Component 
SSR:
    ./Downloads/backen
d-hub-api/node_modules
/@recurly/react-recurl
y/lib-dist/element/ele
ment.js [Client 
Component SSR]
    ./Downloads/backen
d-hub-api/node_modules
/@recurly/react-recurl
y/lib-dist/element/car
d-cvv.js [Client 
Component SSR]
    ./Downloads/backen
d-hub-api/node_modules
/@recurly/react-recurl
y/lib-dist/index.js 
[Client Component SSR]
    ./Downloads/backen
d-hub-api/src/app/page
.tsx [Client 
Component SSR]
    ./Downloads/backen
d-hub-api/src/app/page
.tsx [Server 
Component]

https://nextjs.org/doc
s/messages/module-not-
found


./Downloads/backend-hu
b-api/node_modules/@re
curly/react-recurly/li
b-dist/elements.js:9:4
4
Module not found: 
Can't resolve '@babel/
runtime/helpers/create
Class'
[0m [90m  7 |[39m e
xports[[32m"default"
[39m] [33m=[39m expo
rts[33m.[39m[33mRec
urlyElementsContext[3
9m [33m=[39m 
[36mvoid[39m 
[35m0[39m[33m;[39m
 [90m  8 |[39m 
[36mvar[39m 
_classCallCheck2 
[33m=[39m _interopRe
quireDefault(require(
[32m"@babel/runtime/he
lpers/classCallCheck"
[39m))[33m;[39m
[31m[1m>[22m[39m[
90m  9 |[39m 
[36mvar[39m 
_createClass2 
[33m=[39m _interopRe
quireDefault(require(
[32m"@babel/runtime/he
lpers/createClass"[39
m))[33m;[39m
 [90m    |[39m      
                      
                [31m
[1m^[22m[39m[31m[1
m^[22m[39m[31m[1m^
[22m[39m[31m[1m^[
22m[39m[31m[1m^[22
m[39m[31m[1m^[22m
[39m[31m[1m^[22m[3
9m[31m[1m^[22m[39m
[31m[1m^[22m[39m[
31m[1m^[22m[39m[31
m[1m^[22m[39m[31m
[1m^[22m[39m[31m[1
m^[22m[39m[31m[1m^
[22m[39m[31m[1m^[
22m[39m[31m[1m^[22
m[39m[31m[1m^[22m
[39m[31m[1m^[22m[3
9m[31m[1m^[22m[39m
[31m[1m^[22m[39m[
31m[1m^[22m[39m[31
m[1m^[22m[39m[31m
[1m^[22m[39m[31m[1
m^[22m[39m[31m[1m^
[22m[39m[31m[1m^[
22m[39m[31m[1m^[22
m[39m[31m[1m^[22m
[39m[31m[1m^[22m[3
9m[31m[1m^[22m[39m
[31m[1m^[22m[39m[
31m[1m^[22m[39m[31
m[1m^[22m[39m[31m
[1m^[22m[39m[31m[1
m^[22m[39m[31m[1m^
[22m[39m[31m[1m^[
22m[39m[31m[1m^[22
m[39m[31m[1m^[22m
[39m[31m[1m^[22m[3
9m[31m[1m^[22m[39m
[31m[1m^[22m[39m[
31m[1m^[22m[39m[31
m[1m^[22m[39m[31m
[1m^[22m[39m
 [90m 10 |[39m 
[36mvar[39m 
_inherits2 
[33m=[39m _interopRe
quireDefault(require(
[32m"@babel/runtime/he
lpers/inherits"[39m))
[33m;[39m
 [90m 11 |[39m 
[36mvar[39m _possibl
eConstructorReturn2 
[33m=[39m _interopRe
quireDefault(require(
[32m"@babel/runtime/he
lpers/possibleConstruc
torReturn"[39m))[33m
;[39m
 [90m 12 |[39m 
[36mvar[39m 
_getPrototypeOf2 
[33m=[39m _interopRe
quireDefault(require(
[32m"@babel/runtime/he
lpers/getPrototypeOf"
[39m))[33m;[39m[0m



Import traces:
  Client Component 
Browser:
    ./Downloads/backen
d-hub-api/node_modules
/@recurly/react-recurl
y/lib-dist/elements.js
 [Client Component 
Browser]
    ./Downloads/backen
d-hub-api/node_modules
/@recurly/react-recurl
y/lib-dist/index.js 
[Client Component 
Browser]
    ./Downloads/backen
d-hub-api/src/app/page
.tsx [Client 
Component Browser]
    ./Downloads/backen
d-hub-api/src/app/page
.tsx [Server 
Component]

  Client Component 
SSR:
    ./Downloads/backen
d-hub-api/node_modules
/@recurly/react-recurl
y/lib-dist/elements.js
 [Client Component 
SSR]
    ./Downloads/backen
d-hub-api/node_modules
/@recurly/react-recurl
y/lib-dist/index.js 
[Client Component SSR]
    ./Downloads/backen
d-hub-api/src/app/page
.tsx [Client 
Component SSR]
    ./Downloads/backen
d-hub-api/src/app/page
.tsx [Server 
Component]

https://nextjs.org/doc
s/messages/module-not-
found


./Downloads/backend-hu
b-api/node_modules/@re
curly/react-recurly/li
b-dist/provider.js:10:
44
Module not found: 
Can't resolve '@babel/
runtime/helpers/create
Class'
[0m [90m  8 |[39m 
[36mvar[39m _objectW
ithoutProperties2 
[33m=[39m _interopRe
quireDefault(require(
[32m"@babel/runtime/he
lpers/objectWithoutPro
perties"[39m))[33m;
[39m
 [90m  9 |[39m 
[36mvar[39m 
_classCallCheck2 
[33m=[39m _interopRe
quireDefault(require(
[32m"@babel/runtime/he
lpers/classCallCheck"
[39m))[33m;[39m
[31m[1m>[22m[39m[
90m 10 |[39m 
[36mvar[39m 
_createClass2 
[33m=[39m _interopRe
quireDefault(require(
[32m"@babel/runtime/he
lpers/createClass"[39
m))[33m;[39m
 [90m    |[39m      
                      
                [31m
[1m^[22m[39m[31m[1
m^[22m[39m[31m[1m^
[22m[39m[31m[1m^[
22m[39m[31m[1m^[22
m[39m[31m[1m^[22m
[39m[31m[1m^[22m[3
9m[31m[1m^[22m[39m
[31m[1m^[22m[39m[
31m[1m^[22m[39m[31
m[1m^[22m[39m[31m
[1m^[22m[39m[31m[1
m^[22m[39m[31m[1m^
[22m[39m[31m[1m^[
22m[39m[31m[1m^[22
m[39m[31m[1m^[22m
[39m[31m[1m^[22m[3
9m[31m[1m^[22m[39m
[31m[1m^[22m[39m[
31m[1m^[22m[39m[31
m[1m^[22m[39m[31m
[1m^[22m[39m[31m[1
m^[22m[39m[31m[1m^
[22m[39m[31m[1m^[
22m[39m[31m[1m^[22
m[39m[31m[1m^[22m
[39m[31m[1m^[22m[3
9m[31m[1m^[22m[39m
[31m[1m^[22m[39m[
31m[1m^[22m[39m[31
m[1m^[22m[39m[31m
[1m^[22m[39m[31m[1
m^[22m[39m[31m[1m^
[22m[39m[31m[1m^[
22m[39m[31m[1m^[22
m[39m[31m[1m^[22m
[39m[31m[1m^[22m[3
9m[31m[1m^[22m[39m
[31m[1m^[22m[39m[
31m[1m^[22m[39m[31
m[1m^[22m[39m[31m
[1m^[22m[39m
 [90m 11 |[39m 
[36mvar[39m 
_inherits2 
[33m=[39m _interopRe
quireDefault(require(
[32m"@babel/runtime/he
lpers/inherits"[39m))
[33m;[39m
 [90m 12 |[39m 
[36mvar[39m _possibl
eConstructorReturn2 
[33m=[39m _interopRe
quireDefault(require(
[32m"@babel/runtime/he
lpers/possibleConstruc
torReturn"[39m))[33m
;[39m
 [90m 13 |[39m 
[36mvar[39m 
_getPrototypeOf2 
[33m=[39m _interopRe
quireDefault(require(
[32m"@babel/runtime/he
lpers/getPrototypeOf"
[39m))[33m;[39m[0m



Import traces:
  Client Component 
Browser:
    ./Downloads/backen
d-hub-api/node_modules
/@recurly/react-recurl
y/lib-dist/provider.js
 [Client Component 
Browser]
    ./Downloads/backen
d-hub-api/node_modules
/@recurly/react-recurl
y/lib-dist/index.js 
[Client Component 
Browser]
    ./Downloads/backen
d-hub-api/src/app/page
.tsx [Client 
Component Browser]
    ./Downloads/backen
d-hub-api/src/app/page
.tsx [Server 
Component]

  Client Component 
SSR:
    ./Downloads/backen
d-hub-api/node_modules
/@recurly/react-recurl
y/lib-dist/provider.js
 [Client Component 
SSR]
    ./Downloads/backen
d-hub-api/node_modules
/@recurly/react-recurl
y/lib-dist/index.js 
[Client Component SSR]
    ./Downloads/backen
d-hub-api/src/app/page
.tsx [Client 
Component SSR]
    ./Downloads/backen
d-hub-api/src/app/page
.tsx [Server 
Component]

https://nextjs.org/doc
s/messages/module-not-
found


./Downloads/backend-hu
b-api/node_modules/@re
curly/react-recurly/li
b-dist/risk-data-colle
ctor.js:9:44
Module not found: 
Can't resolve '@babel/
runtime/helpers/create
Class'
[0m [90m  7 |[39m e
xports[[32m"default"
[39m] [33m=[39m expo
rts[33m.[39m[33mRIS
K_STRATEGIES[39m 
[33m=[39m 
[36mvoid[39m 
[35m0[39m[33m;[39m
 [90m  8 |[39m 
[36mvar[39m 
_classCallCheck2 
[33m=[39m _interopRe
quireDefault(require(
[32m"@babel/runtime/he
lpers/classCallCheck"
[39m))[33m;[39m
[31m[1m>[22m[39m[
90m  9 |[39m 
[36mvar[39m 
_createClass2 
[33m=[39m _interopRe
quireDefault(require(
[32m"@babel/runtime/he
lpers/createClass"[39
m))[33m;[39m
 [90m    |[39m      
                      
                [31m
[1m^[22m[39m[31m[1
m^[22m[39m[31m[1m^
[22m[39m[31m[1m^[
22m[39m[31m[1m^[22
m[39m[31m[1m^[22m
[39m[31m[1m^[22m[3
9m[31m[1m^[22m[39m
[31m[1m^[22m[39m[
31m[1m^[22m[39m[31
m[1m^[22m[39m[31m
[1m^[22m[39m[31m[1
m^[22m[39m[31m[1m^
[22m[39m[31m[1m^[
22m[39m[31m[1m^[22
m[39m[31m[1m^[22m
[39m[31m[1m^[22m[3
9m[31m[1m^[22m[39m
[31m[1m^[22m[39m[
31m[1m^[22m[39m[31
m[1m^[22m[39m[31m
[1m^[22m[39m[31m[1
m^[22m[39m[31m[1m^
[22m[39m[31m[1m^[
22m[39m[31m[1m^[22
m[39m[31m[1m^[22m
[39m[31m[1m^[22m[3
9m[31m[1m^[22m[39m
[31m[1m^[22m[39m[
31m[1m^[22m[39m[31
m[1m^[22m[39m[31m
[1m^[22m[39m[31m[1
m^[22m[39m[31m[1m^
[22m[39m[31m[1m^[
22m[39m[31m[1m^[22
m[39m[31m[1m^[22m
[39m[31m[1m^[22m[3
9m[31m[1m^[22m[39m
[31m[1m^[22m[39m[
31m[1m^[22m[39m[31
m[1m^[22m[39m[31m
[1m^[22m[39m
 [90m 10 |[39m 
[36mvar[39m 
_inherits2 
[33m=[39m _interopRe
quireDefault(require(
[32m"@babel/runtime/he
lpers/inherits"[39m))
[33m;[39m
 [90m 11 |[39m 
[36mvar[39m _possibl
eConstructorReturn2 
[33m=[39m _interopRe
quireDefault(require(
[32m"@babel/runtime/he
lpers/possibleConstruc
torReturn"[39m))[33m
;[39m
 [90m 12 |[39m 
[36mvar[39m 
_getPrototypeOf2 
[33m=[39m _interopRe
quireDefault(require(
[32m"@babel/runtime/he
lpers/getPrototypeOf"
[39m))[33m;[39m[0m



Import traces:
  Client Component 
Browser:
    ./Downloads/backen
d-hub-api/node_modules
/@recurly/react-recurl
y/lib-dist/risk-data-c
ollector.js [Client 
Component Browser]
    ./Downloads/backen
d-hub-api/node_modules
/@recurly/react-recurl
y/lib-dist/index.js 
[Client Component 
Browser]
    ./Downloads/backen
d-hub-api/src/app/page
.tsx [Client 
Component Browser]
    ./Downloads/backen
d-hub-api/src/app/page
.tsx [Server 
Component]

  Client Component 
SSR:
    ./Downloads/backen
d-hub-api/node_modules
/@recurly/react-recurl
y/lib-dist/risk-data-c
ollector.js [Client 
Component SSR]
    ./Downloads/backen
d-hub-api/node_modules
/@recurly/react-recurl
y/lib-dist/index.js 
[Client Component SSR]
    ./Downloads/backen
d-hub-api/src/app/page
.tsx [Client 
Component SSR]
    ./Downloads/backen
d-hub-api/src/app/page
.tsx [Server 
Component]

https://nextjs.org/doc
s/messages/module-not-
found


./Downloads/backend-hu
b-api/node_modules/@re
curly/react-recurly/li
b-dist/three-d-secure-
action.js:9:44
Module not found: 
Can't resolve '@babel/
runtime/helpers/create
Class'
[0m [90m  7 |[39m e
xports[[32m"default"
[39m] [33m=[39m 
[36mvoid[39m 
[35m0[39m[33m;[39m
 [90m  8 |[39m 
[36mvar[39m 
_classCallCheck2 
[33m=[39m _interopRe
quireDefault(require(
[32m"@babel/runtime/he
lpers/classCallCheck"
[39m))[33m;[39m
[31m[1m>[22m[39m[
90m  9 |[39m 
[36mvar[39m 
_createClass2 
[33m=[39m _interopRe
quireDefault(require(
[32m"@babel/runtime/he
lpers/createClass"[39
m))[33m;[39m
 [90m    |[39m      
                      
                [31m
[1m^[22m[39m[31m[1
m^[22m[39m[31m[1m^
[22m[39m[31m[1m^[
22m[39m[31m[1m^[22
m[39m[31m[1m^[22m
[39m[31m[1m^[22m[3
9m[31m[1m^[22m[39m
[31m[1m^[22m[39m[
31m[1m^[22m[39m[31
m[1m^[22m[39m[31m
[1m^[22m[39m[31m[1
m^[22m[39m[31m[1m^
[22m[39m[31m[1m^[
22m[39m[31m[1m^[22
m[39m[31m[1m^[22m
[39m[31m[1m^[22m[3
9m[31m[1m^[22m[39m
[31m[1m^[22m[39m[
31m[1m^[22m[39m[31
m[1m^[22m[39m[31m
[1m^[22m[39m[31m[1
m^[22m[39m[31m[1m^
[22m[39m[31m[1m^[
22m[39m[31m[1m^[22
m[39m[31m[1m^[22m
[39m[31m[1m^[22m[3
9m[31m[1m^[22m[39m
[31m[1m^[22m[39m[
31m[1m^[22m[39m[31
m[1m^[22m[39m[31m
[1m^[22m[39m[31m[1
m^[22m[39m[31m[1m^
[22m[39m[31m[1m^[
22m[39m[31m[1m^[22
m[39m[31m[1m^[22m
[39m[31m[1m^[22m[3
9m[31m[1m^[22m[39m
[31m[1m^[22m[39m[
31m[1m^[22m[39m[31
m[1m^[22m[39m[31m
[1m^[22m[39m
 [90m 10 |[39m 
[36mvar[39m 
_inherits2 
[33m=[39m _interopRe
quireDefault(require(
[32m"@babel/runtime/he
lpers/inherits"[39m))
[33m;[39m
 [90m 11 |[39m 
[36mvar[39m _possibl
eConstructorReturn2 
[33m=[39m _interopRe
quireDefault(require(
[32m"@babel/runtime/he
lpers/possibleConstruc
torReturn"[39m))[33m
;[39m
 [90m 12 |[39m 
[36mvar[39m 
_getPrototypeOf2 
[33m=[39m _interopRe
quireDefault(require(
[32m"@babel/runtime/he
lpers/getPrototypeOf"
[39m))[33m;[39m[0m



Import traces:
  Client Component 
Browser:
    ./Downloads/backen
d-hub-api/node_modules
/@recurly/react-recurl
y/lib-dist/three-d-sec
ure-action.js [Client 
Component Browser]
    ./Downloads/backen
d-hub-api/node_modules
/@recurly/react-recurl
y/lib-dist/index.js 
[Client Component 
Browser]
    ./Downloads/backen
d-hub-api/src/app/page
.tsx [Client 
Component Browser]
    ./Downloads/backen
d-hub-api/src/app/page
.tsx [Server 
Component]

  Client Component 
SSR:
    ./Downloads/backen
d-hub-api/node_modules
/@recurly/react-recurl
y/lib-dist/three-d-sec
ure-action.js [Client 
Component SSR]
    ./Downloads/backen
d-hub-api/node_modules
/@recurly/react-recurl
y/lib-dist/index.js 
[Client Component SSR]
    ./Downloads/backen
d-hub-api/src/app/page
.tsx [Client 
Component SSR]
    ./Downloads/backen
d-hub-api/src/app/page
.tsx [Server 
Component]

https://nextjs.org/doc
s/messages/module-not-
found


./Downloads/backend-hu
b-api/node_modules/@re
curly/react-recurly/li
b-dist/element/card-cv
v.js:13:47
Module not found: 
Can't resolve '@babel/
runtime/helpers/define
Property'
[0m [90m 11 |[39m 
[36mvar[39m _possibl
eConstructorReturn2 
[33m=[39m _interopRe
quireDefault(require(
[32m"@babel/runtime/he
lpers/possibleConstruc
torReturn"[39m))[33m
;[39m
 [90m 12 |[39m 
[36mvar[39m 
_getPrototypeOf2 
[33m=[39m _interopRe
quireDefault(require(
[32m"@babel/runtime/he
lpers/getPrototypeOf"
[39m))[33m;[39m
[31m[1m>[22m[39m[
90m 13 |[39m 
[36mvar[39m 
_defineProperty2 
[33m=[39m _interopRe
quireDefault(require(
[32m"@babel/runtime/he
lpers/defineProperty"
[39m))[33m;[39m
 [90m    |[39m      
                      
                   [3
1m[1m^[22m[39m[31m
[1m^[22m[39m[31m[
1m^[22m[39m[31m[1m
^[22m[39m[31m[1m^
[22m[39m[31m[1m^[2
2m[39m[31m[1m^[22m
[39m[31m[1m^[22m[
39m[31m[1m^[22m[39
m[31m[1m^[22m[39m
[31m[1m^[22m[39m[3
1m[1m^[22m[39m[31m
[1m^[22m[39m[31m[
1m^[22m[39m[31m[1m
^[22m[39m[31m[1m^
[22m[39m[31m[1m^[2
2m[39m[31m[1m^[22m
[39m[31m[1m^[22m[
39m[31m[1m^[22m[39
m[31m[1m^[22m[39m
[31m[1m^[22m[39m[3
1m[1m^[22m[39m[31m
[1m^[22m[39m[31m[
1m^[22m[39m[31m[1m
^[22m[39m[31m[1m^
[22m[39m[31m[1m^[2
2m[39m[31m[1m^[22m
[39m[31m[1m^[22m[
39m[31m[1m^[22m[39
m[31m[1m^[22m[39m
[31m[1m^[22m[39m[3
1m[1m^[22m[39m[31m
[1m^[22m[39m[31m[
1m^[22m[39m[31m[1m
^[22m[39m[31m[1m^
[22m[39m[31m[1m^[2
2m[39m[31m[1m^[22m
[39m[31m[1m^[22m[
39m[31m[1m^[22m[39
m[31m[1m^[22m[39m
[31m[1m^[22m[39m[3
1m[1m^[22m[39m[31m
[1m^[22m[39m[31m[
1m^[22m[39m[31m[1m
^[22m[39m
 [90m 14 |[39m 
[36mvar[39m 
_element [33m=[39m _
interopRequireDefault(
require([32m"./elemen
t"[39m))[33m;[39m
 [90m 15 |[39m 
[36mfunction[39m _cr
eateSuper([33mDerived
[39m) { 
[36mvar[39m hasNativ
eReflectConstruct 
[33m=[39m _isNativeR
eflectConstruct()[33m
;[39m 
[36mreturn[39m 
[36mfunction[39m _cr
eateSuperInternal() { 
[36mvar[39m 
[33mSuper[39m 
[33m=[39m ([35m0[3
9m[33m,[39m _getProt
otypeOf2[[32m"default
"[39m])([33mDerived
[39m)[33m,[39m 
result[33m;[39m 
[36mif[39m (hasNativ
eReflectConstruct) { 
[36mvar[39m 
[33mNewTarget[39m 
[33m=[39m ([35m0[3
9m[33m,[39m _getProt
otypeOf2[[32m"default
"[39m])([36mthis[39
m)[33m.[39mconstruct
or[33m;[39m result 
[33m=[39m [33mRefle
ct[39m[33m.[39mcons
truct([33mSuper[39m
[33m,[39m 
arguments[33m,[39m 
[33mNewTarget[39m)[3
3m;[39m } 
[36melse[39m { 
result [33m=[39m [3
3mSuper[39m[33m.[39
mapply([36mthis[39m
[33m,[39m 
arguments)[33m;[39m 
} [36mreturn[39m ([
35m0[39m[33m,[39m _
possibleConstructorRet
urn2[[32m"default"[3
9m])([36mthis[39m[3
3m,[39m 
result)[33m;[39m 
}[33m;[39m }
 [90m 16 |[39m 
[36mfunction[39m _is
NativeReflectConstruct
() { [36mif[39m 
([36mtypeof[39m 
[33mReflect[39m 
[33m===[39m 
[32m"undefined"[39m 
[33m||[39m [33m![3
9m[33mReflect[39m[3
3m.[39mconstruct) 
[36mreturn[39m [36m
false[39m[33m;[39m 
[36mif[39m ([33mRef
lect[39m[33m.[39mco
nstruct[33m.[39msham
) [36mreturn[39m [3
6mfalse[39m[33m;[39
m [36mif[39m 
([36mtypeof[39m 
[33mProxy[39m 
[33m===[39m 
[32m"function"[39m) 
[36mreturn[39m [36m
true[39m[33m;[39m 
[36mtry[39m { [33mB
oolean[39m[33m.[39m
prototype[33m.[39mva
lueOf[33m.[39mcall(
[33mReflect[39m[33m.
[39mconstruct([33mBo
olean[39m[33m,[39m 
[][33m,[39m 
[36mfunction[39m () 
{}))[33m;[39m 
[36mreturn[39m [36m
true[39m[33m;[39m 
} [36mcatch[39m (e) 
{ [36mreturn[39m [3
6mfalse[39m[33m;[39
m } }[0m



Import traces:
  Client Component 
Browser:
    ./Downloads/backen
d-hub-api/node_modules
/@recurly/react-recurl
y/lib-dist/element/car
d-cvv.js [Client 
Component Browser]
    ./Downloads/backen
d-hub-api/node_modules
/@recurly/react-recurl
y/lib-dist/index.js 
[Client Component 
Browser]
    ./Downloads/backen
d-hub-api/src/app/page
.tsx [Client 
Component Browser]
    ./Downloads/backen
d-hub-api/src/app/page
.tsx [Server 
Component]

  Client Component 
SSR:
    ./Downloads/backen
d-hub-api/node_modules
/@recurly/react-recurl
y/lib-dist/element/car
d-cvv.js [Client 
Component SSR]
    ./Downloads/backen
d-hub-api/node_modules
/@recurly/react-recurl
y/lib-dist/index.js 
[Client Component SSR]
    ./Downloads/backen
d-hub-api/src/app/page
.tsx [Client 
Component SSR]
    ./Downloads/backen
d-hub-api/src/app/page
.tsx [Server 
Component]

https://nextjs.org/doc
s/messages/module-not-
found


./Downloads/backend-hu
b-api/node_modules/@re
curly/react-recurly/li
b-dist/element/card-mo
nth.js:13:47
Module not found: 
Can't resolve '@babel/
runtime/helpers/define
Property'
[0m [90m 11 |[39m 
[36mvar[39m _possibl
eConstructorReturn2 
[33m=[39m _interopRe
quireDefault(require(
[32m"@babel/runtime/he
lpers/possibleConstruc
torReturn"[39m))[33m
;[39m
 [90m 12 |[39m 
[36mvar[39m 
_getPrototypeOf2 
[33m=[39m _interopRe
quireDefault(require(
[32m"@babel/runtime/he
lpers/getPrototypeOf"
[39m))[33m;[39m
[31m[1m>[22m[39m[
90m 13 |[39m 
[36mvar[39m 
_defineProperty2 
[33m=[39m _interopRe
quireDefault(require(
[32m"@babel/runtime/he
lpers/defineProperty"
[39m))[33m;[39m
 [90m    |[39m      
                      
                   [3
1m[1m^[22m[39m[31m
[1m^[22m[39m[31m[
1m^[22m[39m[31m[1m
^[22m[39m[31m[1m^
[22m[39m[31m[1m^[2
2m[39m[31m[1m^[22m
[39m[31m[1m^[22m[
39m[31m[1m^[22m[39
m[31m[1m^[22m[39m
[31m[1m^[22m[39m[3
1m[1m^[22m[39m[31m
[1m^[22m[39m[31m[
1m^[22m[39m[31m[1m
^[22m[39m[31m[1m^
[22m[39m[31m[1m^[2
2m[39m[31m[1m^[22m
[39m[31m[1m^[22m[
39m[31m[1m^[22m[39
m[31m[1m^[22m[39m
[31m[1m^[22m[39m[3
1m[1m^[22m[39m[31m
[1m^[22m[39m[31m[
1m^[22m[39m[31m[1m
^[22m[39m[31m[1m^
[22m[39m[31m[1m^[2
2m[39m[31m[1m^[22m
[39m[31m[1m^[22m[
39m[31m[1m^[22m[39
m[31m[1m^[22m[39m
[31m[1m^[22m[39m[3
1m[1m^[22m[39m[31m
[1m^[22m[39m[31m[
1m^[22m[39m[31m[1m
^[22m[39m[31m[1m^
[22m[39m[31m[1m^[2
2m[39m[31m[1m^[22m
[39m[31m[1m^[22m[
39m[31m[1m^[22m[39
m[31m[1m^[22m[39m
[31m[1m^[22m[39m[3
1m[1m^[22m[39m[31m
[1m^[22m[39m[31m[
1m^[22m[39m[31m[1m
^[22m[39m
 [90m 14 |[39m 
[36mvar[39m 
_element [33m=[39m _
interopRequireDefault(
require([32m"./elemen
t"[39m))[33m;[39m
 [90m 15 |[39m 
[36mfunction[39m _cr
eateSuper([33mDerived
[39m) { 
[36mvar[39m hasNativ
eReflectConstruct 
[33m=[39m _isNativeR
eflectConstruct()[33m
;[39m 
[36mreturn[39m 
[36mfunction[39m _cr
eateSuperInternal() { 
[36mvar[39m 
[33mSuper[39m 
[33m=[39m ([35m0[3
9m[33m,[39m _getProt
otypeOf2[[32m"default
"[39m])([33mDerived
[39m)[33m,[39m 
result[33m;[39m 
[36mif[39m (hasNativ
eReflectConstruct) { 
[36mvar[39m 
[33mNewTarget[39m 
[33m=[39m ([35m0[3
9m[33m,[39m _getProt
otypeOf2[[32m"default
"[39m])([36mthis[39
m)[33m.[39mconstruct
or[33m;[39m result 
[33m=[39m [33mRefle
ct[39m[33m.[39mcons
truct([33mSuper[39m
[33m,[39m 
arguments[33m,[39m 
[33mNewTarget[39m)[3
3m;[39m } 
[36melse[39m { 
result [33m=[39m [3
3mSuper[39m[33m.[39
mapply([36mthis[39m
[33m,[39m 
arguments)[33m;[39m 
} [36mreturn[39m ([
35m0[39m[33m,[39m _
possibleConstructorRet
urn2[[32m"default"[3
9m])([36mthis[39m[3
3m,[39m 
result)[33m;[39m 
}[33m;[39m }
 [90m 16 |[39m 
[36mfunction[39m _is
NativeReflectConstruct
() { [36mif[39m 
([36mtypeof[39m 
[33mReflect[39m 
[33m===[39m 
[32m"undefined"[39m 
[33m||[39m [33m![3
9m[33mReflect[39m[3
3m.[39mconstruct) 
[36mreturn[39m [36m
false[39m[33m;[39m 
[36mif[39m ([33mRef
lect[39m[33m.[39mco
nstruct[33m.[39msham
) [36mreturn[39m [3
6mfalse[39m[33m;[39
m [36mif[39m 
([36mtypeof[39m 
[33mProxy[39m 
[33m===[39m 
[32m"function"[39m) 
[36mreturn[39m [36m
true[39m[33m;[39m 
[36mtry[39m { [33mB
oolean[39m[33m.[39m
prototype[33m.[39mva
lueOf[33m.[39mcall(
[33mReflect[39m[33m.
[39mconstruct([33mBo
olean[39m[33m,[39m 
[][33m,[39m 
[36mfunction[39m () 
{}))[33m;[39m 
[36mreturn[39m [36m
true[39m[33m;[39m 
} [36mcatch[39m (e) 
{ [36mreturn[39m [3
6mfalse[39m[33m;[39
m } }[0m



Import traces:
  Client Component 
Browser:
    ./Downloads/backen
d-hub-api/node_modules
/@recurly/react-recurl
y/lib-dist/element/car
d-month.js [Client 
Component Browser]
    ./Downloads/backen
d-hub-api/node_modules
/@recurly/react-recurl
y/lib-dist/index.js 
[Client Component 
Browser]
    ./Downloads/backen
d-hub-api/src/app/page
.tsx [Client 
Component Browser]
    ./Downloads/backen
d-hub-api/src/app/page
.tsx [Server 
Component]

  Client Component 
SSR:
    ./Downloads/backen
d-hub-api/node_modules
/@recurly/react-recurl
y/lib-dist/element/car
d-month.js [Client 
Component SSR]
    ./Downloads/backen
d-hub-api/node_modules
/@recurly/react-recurl
y/lib-dist/index.js 
[Client Component SSR]
    ./Downloads/backen
d-hub-api/src/app/page
.tsx [Client 
Component SSR]
    ./Downloads/backen
d-hub-api/src/app/page
.tsx [Server 
Component]

https://nextjs.org/doc
s/messages/module-not-
found


./Downloads/backend-hu
b-api/node_modules/@re
curly/react-recurly/li
b-dist/element/card-nu
mber.js:13:47
Module not found: 
Can't resolve '@babel/
runtime/helpers/define
Property'
[0m [90m 11 |[39m 
[36mvar[39m _possibl
eConstructorReturn2 
[33m=[39m _interopRe
quireDefault(require(
[32m"@babel/runtime/he
lpers/possibleConstruc
torReturn"[39m))[33m
;[39m
 [90m 12 |[39m 
[36mvar[39m 
_getPrototypeOf2 
[33m=[39m _interopRe
quireDefault(require(
[32m"@babel/runtime/he
lpers/getPrototypeOf"
[39m))[33m;[39m
[31m[1m>[22m[39m[
90m 13 |[39m 
[36mvar[39m 
_defineProperty2 
[33m=[39m _interopRe
quireDefault(require(
[32m"@babel/runtime/he
lpers/defineProperty"
[39m))[33m;[39m
 [90m    |[39m      
                      
                   [3
1m[1m^[22m[39m[31m
[1m^[22m[39m[31m[
1m^[22m[39m[31m[1m
^[22m[39m[31m[1m^
[22m[39m[31m[1m^[2
2m[39m[31m[1m^[22m
[39m[31m[1m^[22m[
39m[31m[1m^[22m[39
m[31m[1m^[22m[39m
[31m[1m^[22m[39m[3
1m[1m^[22m[39m[31m
[1m^[22m[39m[31m[
1m^[22m[39m[31m[1m
^[22m[39m[31m[1m^
[22m[39m[31m[1m^[2
2m[39m[31m[1m^[22m
[39m[31m[1m^[22m[
39m[31m[1m^[22m[39
m[31m[1m^[22m[39m
[31m[1m^[22m[39m[3
1m[1m^[22m[39m[31m
[1m^[22m[39m[31m[
1m^[22m[39m[31m[1m
^[22m[39m[31m[1m^
[22m[39m[31m[1m^[2
2m[39m[31m[1m^[22m
[39m[31m[1m^[22m[
39m[31m[1m^[22m[39
m[31m[1m^[22m[39m
[31m[1m^[22m[39m[3
1m[1m^[22m[39m[31m
[1m^[22m[39m[31m[
1m^[22m[39m[31m[1m
^[22m[39m[31m[1m^
[22m[39m[31m[1m^[2
2m[39m[31m[1m^[22m
[39m[31m[1m^[22m[
39m[31m[1m^[22m[39
m[31m[1m^[22m[39m
[31m[1m^[22m[39m[3
1m[1m^[22m[39m[31m
[1m^[22m[39m[31m[
1m^[22m[39m[31m[1m
^[22m[39m
 [90m 14 |[39m 
[36mvar[39m 
_element [33m=[39m _
interopRequireDefault(
require([32m"./elemen
t"[39m))[33m;[39m
 [90m 15 |[39m 
[36mfunction[39m _cr
eateSuper([33mDerived
[39m) { 
[36mvar[39m hasNativ
eReflectConstruct 
[33m=[39m _isNativeR
eflectConstruct()[33m
;[39m 
[36mreturn[39m 
[36mfunction[39m _cr
eateSuperInternal() { 
[36mvar[39m 
[33mSuper[39m 
[33m=[39m ([35m0[3
9m[33m,[39m _getProt
otypeOf2[[32m"default
"[39m])([33mDerived
[39m)[33m,[39m 
result[33m;[39m 
[36mif[39m (hasNativ
eReflectConstruct) { 
[36mvar[39m 
[33mNewTarget[39m 
[33m=[39m ([35m0[3
9m[33m,[39m _getProt
otypeOf2[[32m"default
"[39m])([36mthis[39
m)[33m.[39mconstruct
or[33m;[39m result 
[33m=[39m [33mRefle
ct[39m[33m.[39mcons
truct([33mSuper[39m
[33m,[39m 
arguments[33m,[39m 
[33mNewTarget[39m)[3
3m;[39m } 
[36melse[39m { 
result [33m=[39m [3
3mSuper[39m[33m.[39
mapply([36mthis[39m
[33m,[39m 
arguments)[33m;[39m 
} [36mreturn[39m ([
35m0[39m[33m,[39m _
possibleConstructorRet
urn2[[32m"default"[3
9m])([36mthis[39m[3
3m,[39m 
result)[33m;[39m 
}[33m;[39m }
 [90m 16 |[39m 
[36mfunction[39m _is
NativeReflectConstruct
() { [36mif[39m 
([36mtypeof[39m 
[33mReflect[39m 
[33m===[39m 
[32m"undefined"[39m 
[33m||[39m [33m![3
9m[33mReflect[39m[3
3m.[39mconstruct) 
[36mreturn[39m [36m
false[39m[33m;[39m 
[36mif[39m ([33mRef
lect[39m[33m.[39mco
nstruct[33m.[39msham
) [36mreturn[39m [3
6mfalse[39m[33m;[39
m [36mif[39m 
([36mtypeof[39m 
[33mProxy[39m 
[33m===[39m 
[32m"function"[39m) 
[36mreturn[39m [36m
true[39m[33m;[39m 
[36mtry[39m { [33mB
oolean[39m[33m.[39m
prototype[33m.[39mva
lueOf[33m.[39mcall(
[33mReflect[39m[33m.
[39mconstruct([33mBo
olean[39m[33m,[39m 
[][33m,[39m 
[36mfunction[39m () 
{}))[33m;[39m 
[36mreturn[39m [36m
true[39m[33m;[39m 
} [36mcatch[39m (e) 
{ [36mreturn[39m [3
6mfalse[39m[33m;[39
m } }[0m



Import traces:
  Client Component 
Browser:
    ./Downloads/backen
d-hub-api/node_modules
/@recurly/react-recurl
y/lib-dist/element/car
d-number.js [Client 
Component Browser]
    ./Downloads/backen
d-hub-api/node_modules
/@recurly/react-recurl
y/lib-dist/index.js 
[Client Component 
Browser]
    ./Downloads/backen
d-hub-api/src/app/page
.tsx [Client 
Component Browser]
    ./Downloads/backen
d-hub-api/src/app/page
.tsx [Server 
Component]

  Client Component 
SSR:
    ./Downloads/backen
d-hub-api/node_modules
/@recurly/react-recurl
y/lib-dist/element/car
d-number.js [Client 
Component SSR]
    ./Downloads/backen
d-hub-api/node_modules
/@recurly/react-recurl
y/lib-dist/index.js 
[Client Component SSR]
    ./Downloads/backen
d-hub-api/src/app/page
.tsx [Client 
Component SSR]
    ./Downloads/backen
d-hub-api/src/app/page
.tsx [Server 
Component]

https://nextjs.org/doc
s/messages/module-not-
found


./Downloads/backend-hu
b-api/node_modules/@re
curly/react-recurly/li
b-dist/element/card-ye
ar.js:13:47
Module not found: 
Can't resolve '@babel/
runtime/helpers/define
Property'
[0m [90m 11 |[39m 
[36mvar[39m _possibl
eConstructorReturn2 
[33m=[39m _interopRe
quireDefault(require(
[32m"@babel/runtime/he
lpers/possibleConstruc
torReturn"[39m))[33m
;[39m
 [90m 12 |[39m 
[36mvar[39m 
_getPrototypeOf2 
[33m=[39m _interopRe
quireDefault(require(
[32m"@babel/runtime/he
lpers/getPrototypeOf"
[39m))[33m;[39m
[31m[1m>[22m[39m[
90m 13 |[39m 
[36mvar[39m 
_defineProperty2 
[33m=[39m _interopRe
quireDefault(require(
[32m"@babel/runtime/he
lpers/defineProperty"
[39m))[33m;[39m
 [90m    |[39m      
                      
                   [3
1m[1m^[22m[39m[31m
[1m^[22m[39m[31m[
1m^[22m[39m[31m[1m
^[22m[39m[31m[1m^
[22m[39m[31m[1m^[2
2m[39m[31m[1m^[22m
[39m[31m[1m^[22m[
39m[31m[1m^[22m[39
m[31m[1m^[22m[39m
[31m[1m^[22m[39m[3
1m[1m^[22m[39m[31m
[1m^[22m[39m[31m[
1m^[22m[39m[31m[1m
^[22m[39m[31m[1m^
[22m[39m[31m[1m^[2
2m[39m[31m[1m^[22m
[39m[31m[1m^[22m[
39m[31m[1m^[22m[39
m[31m[1m^[22m[39m
[31m[1m^[22m[39m[3
1m[1m^[22m[39m[31m
[1m^[22m[39m[31m[
1m^[22m[39m[31m[1m
^[22m[39m[31m[1m^
[22m[39m[31m[1m^[2
2m[39m[31m[1m^[22m
[39m[31m[1m^[22m[
39m[31m[1m^[22m[39
m[31m[1m^[22m[39m
[31m[1m^[22m[39m[3
1m[1m^[22m[39m[31m
[1m^[22m[39m[31m[
1m^[22m[39m[31m[1m
^[22m[39m[31m[1m^
[22m[39m[31m[1m^[2
2m[39m[31m[1m^[22m
[39m[31m[1m^[22m[
39m[31m[1m^[22m[39
m[31m[1m^[22m[39m
[31m[1m^[22m[39m[3
1m[1m^[22m[39m[31m
[1m^[22m[39m[31m[
1m^[22m[39m[31m[1m
^[22m[39m
 [90m 14 |[39m 
[36mvar[39m 
_element [33m=[39m _
interopRequireDefault(
require([32m"./elemen
t"[39m))[33m;[39m
 [90m 15 |[39m 
[36mfunction[39m _cr
eateSuper([33mDerived
[39m) { 
[36mvar[39m hasNativ
eReflectConstruct 
[33m=[39m _isNativeR
eflectConstruct()[33m
;[39m 
[36mreturn[39m 
[36mfunction[39m _cr
eateSuperInternal() { 
[36mvar[39m 
[33mSuper[39m 
[33m=[39m ([35m0[3
9m[33m,[39m _getProt
otypeOf2[[32m"default
"[39m])([33mDerived
[39m)[33m,[39m 
result[33m;[39m 
[36mif[39m (hasNativ
eReflectConstruct) { 
[36mvar[39m 
[33mNewTarget[39m 
[33m=[39m ([35m0[3
9m[33m,[39m _getProt
otypeOf2[[32m"default
"[39m])([36mthis[39
m)[33m.[39mconstruct
or[33m;[39m result 
[33m=[39m [33mRefle
ct[39m[33m.[39mcons
truct([33mSuper[39m
[33m,[39m 
arguments[33m,[39m 
[33mNewTarget[39m)[3
3m;[39m } 
[36melse[39m { 
result [33m=[39m [3
3mSuper[39m[33m.[39
mapply([36mthis[39m
[33m,[39m 
arguments)[33m;[39m 
} [36mreturn[39m ([
35m0[39m[33m,[39m _
possibleConstructorRet
urn2[[32m"default"[3
9m])([36mthis[39m[3
3m,[39m 
result)[33m;[39m 
}[33m;[39m }
 [90m 16 |[39m 
[36mfunction[39m _is
NativeReflectConstruct
() { [36mif[39m 
([36mtypeof[39m 
[33mReflect[39m 
[33m===[39m 
[32m"undefined"[39m 
[33m||[39m [33m![3
9m[33mReflect[39m[3
3m.[39mconstruct) 
[36mreturn[39m [36m
false[39m[33m;[39m 
[36mif[39m ([33mRef
lect[39m[33m.[39mco
nstruct[33m.[39msham
) [36mreturn[39m [3
6mfalse[39m[33m;[39
m [36mif[39m 
([36mtypeof[39m 
[33mProxy[39m 
[33m===[39m 
[32m"function"[39m) 
[36mreturn[39m [36m
true[39m[33m;[39m 
[36mtry[39m { [33mB
oolean[39m[33m.[39m
prototype[33m.[39mva
lueOf[33m.[39mcall(
[33mReflect[39m[33m.
[39mconstruct([33mBo
olean[39m[33m,[39m 
[][33m,[39m 
[36mfunction[39m () 
{}))[33m;[39m 
[36mreturn[39m [36m
true[39m[33m;[39m 
} [36mcatch[39m (e) 
{ [36mreturn[39m [3
6mfalse[39m[33m;[39
m } }[0m



Import traces:
  Client Component 
Browser:
    ./Downloads/backen
d-hub-api/node_modules
/@recurly/react-recurl
y/lib-dist/element/car
d-year.js [Client 
Component Browser]
    ./Downloads/backen
d-hub-api/node_modules
/@recurly/react-recurl
y/lib-dist/index.js 
[Client Component 
Browser]
    ./Downloads/backen
d-hub-api/src/app/page
.tsx [Client 
Component Browser]
    ./Downloads/backen
d-hub-api/src/app/page
.tsx [Server 
Component]

  Client Component 
SSR:
    ./Downloads/backen
d-hub-api/node_modules
/@recurly/react-recurl
y/lib-dist/element/car
d-year.js [Client 
Component SSR]
    ./Downloads/backen
d-hub-api/node_modules
/@recurly/react-recurl
y/lib-dist/index.js 
[Client Component SSR]
    ./Downloads/backen
d-hub-api/src/app/page
.tsx [Client 
Component SSR]
    ./Downloads/backen
d-hub-api/src/app/page
.tsx [Server 
Component]

https://nextjs.org/doc
s/messages/module-not-
found


./Downloads/backend-hu
b-api/node_modules/@re
curly/react-recurly/li
b-dist/element/card.js
:13:47
Module not found: 
Can't resolve '@babel/
runtime/helpers/define
Property'
[0m [90m 11 |[39m 
[36mvar[39m _possibl
eConstructorReturn2 
[33m=[39m _interopRe
quireDefault(require(
[32m"@babel/runtime/he
lpers/possibleConstruc
torReturn"[39m))[33m
;[39m
 [90m 12 |[39m 
[36mvar[39m 
_getPrototypeOf2 
[33m=[39m _interopRe
quireDefault(require(
[32m"@babel/runtime/he
lpers/getPrototypeOf"
[39m))[33m;[39m
[31m[1m>[22m[39m[
90m 13 |[39m 
[36mvar[39m 
_defineProperty2 
[33m=[39m _interopRe
quireDefault(require(
[32m"@babel/runtime/he
lpers/defineProperty"
[39m))[33m;[39m
 [90m    |[39m      
                      
                   [3
1m[1m^[22m[39m[31m
[1m^[22m[39m[31m[
1m^[22m[39m[31m[1m
^[22m[39m[31m[1m^
[22m[39m[31m[1m^[2
2m[39m[31m[1m^[22m
[39m[31m[1m^[22m[
39m[31m[1m^[22m[39
m[31m[1m^[22m[39m
[31m[1m^[22m[39m[3
1m[1m^[22m[39m[31m
[1m^[22m[39m[31m[
1m^[22m[39m[31m[1m
^[22m[39m[31m[1m^
[22m[39m[31m[1m^[2
2m[39m[31m[1m^[22m
[39m[31m[1m^[22m[
39m[31m[1m^[22m[39
m[31m[1m^[22m[39m
[31m[1m^[22m[39m[3
1m[1m^[22m[39m[31m
[1m^[22m[39m[31m[
1m^[22m[39m[31m[1m
^[22m[39m[31m[1m^
[22m[39m[31m[1m^[2
2m[39m[31m[1m^[22m
[39m[31m[1m^[22m[
39m[31m[1m^[22m[39
m[31m[1m^[22m[39m
[31m[1m^[22m[39m[3
1m[1m^[22m[39m[31m
[1m^[22m[39m[31m[
1m^[22m[39m[31m[1m
^[22m[39m[31m[1m^
[22m[39m[31m[1m^[2
2m[39m[31m[1m^[22m
[39m[31m[1m^[22m[
39m[31m[1m^[22m[39
m[31m[1m^[22m[39m
[31m[1m^[22m[39m[3
1m[1m^[22m[39m[31m
[1m^[22m[39m[31m[
1m^[22m[39m[31m[1m
^[22m[39m
 [90m 14 |[39m 
[36mvar[39m 
_element [33m=[39m _
interopRequireDefault(
require([32m"./elemen
t"[39m))[33m;[39m
 [90m 15 |[39m 
[36mfunction[39m _cr
eateSuper([33mDerived
[39m) { 
[36mvar[39m hasNativ
eReflectConstruct 
[33m=[39m _isNativeR
eflectConstruct()[33m
;[39m 
[36mreturn[39m 
[36mfunction[39m _cr
eateSuperInternal() { 
[36mvar[39m 
[33mSuper[39m 
[33m=[39m ([35m0[3
9m[33m,[39m _getProt
otypeOf2[[32m"default
"[39m])([33mDerived
[39m)[33m,[39m 
result[33m;[39m 
[36mif[39m (hasNativ
eReflectConstruct) { 
[36mvar[39m 
[33mNewTarget[39m 
[33m=[39m ([35m0[3
9m[33m,[39m _getProt
otypeOf2[[32m"default
"[39m])([36mthis[39
m)[33m.[39mconstruct
or[33m;[39m result 
[33m=[39m [33mRefle
ct[39m[33m.[39mcons
truct([33mSuper[39m
[33m,[39m 
arguments[33m,[39m 
[33mNewTarget[39m)[3
3m;[39m } 
[36melse[39m { 
result [33m=[39m [3
3mSuper[39m[33m.[39
mapply([36mthis[39m
[33m,[39m 
arguments)[33m;[39m 
} [36mreturn[39m ([
35m0[39m[33m,[39m _
possibleConstructorRet
urn2[[32m"default"[3
9m])([36mthis[39m[3
3m,[39m 
result)[33m;[39m 
}[33m;[39m }
 [90m 16 |[39m 
[36mfunction[39m _is
NativeReflectConstruct
() { [36mif[39m 
([36mtypeof[39m 
[33mReflect[39m 
[33m===[39m 
[32m"undefined"[39m 
[33m||[39m [33m![3
9m[33mReflect[39m[3
3m.[39mconstruct) 
[36mreturn[39m [36m
false[39m[33m;[39m 
[36mif[39m ([33mRef
lect[39m[33m.[39mco
nstruct[33m.[39msham
) [36mreturn[39m [3
6mfalse[39m[33m;[39
m [36mif[39m 
([36mtypeof[39m 
[33mProxy[39m 
[33m===[39m 
[32m"function"[39m) 
[36mreturn[39m [36m
true[39m[33m;[39m 
[36mtry[39m { [33mB
oolean[39m[33m.[39m
prototype[33m.[39mva
lueOf[33m.[39mcall(
[33mReflect[39m[33m.
[39mconstruct([33mBo
olean[39m[33m,[39m 
[][33m,[39m 
[36mfunction[39m () 
{}))[33m;[39m 
[36mreturn[39m [36m
true[39m[33m;[39m 
} [36mcatch[39m (e) 
{ [36mreturn[39m [3
6mfalse[39m[33m;[39
m } }[0m



Import traces:
  Client Component 
Browser:
    ./Downloads/backen
d-hub-api/node_modules
/@recurly/react-recurl
y/lib-dist/element/car
d.js [Client 
Component Browser]
    ./Downloads/backen
d-hub-api/node_modules
/@recurly/react-recurl
y/lib-dist/index.js 
[Client Component 
Browser]
    ./Downloads/backen
d-hub-api/src/app/page
.tsx [Client 
Component Browser]
    ./Downloads/backen
d-hub-api/src/app/page
.tsx [Server 
Component]

  Client Component 
SSR:
    ./Downloads/backen
d-hub-api/node_modules
/@recurly/react-recurl
y/lib-dist/element/car
d.js [Client 
Component SSR]
    ./Downloads/backen
d-hub-api/node_modules
/@recurly/react-recurl
y/lib-dist/index.js 
[Client Component SSR]
    ./Downloads/backen
d-hub-api/src/app/page
.tsx [Client 
Component SSR]
    ./Downloads/backen
d-hub-api/src/app/page
.tsx [Server 
Component]

https://nextjs.org/doc
s/messages/module-not-
found


./Downloads/backend-hu
b-api/node_modules/@re
curly/react-recurly/li
b-dist/element/element
.js:14:47
Module not found: 
Can't resolve '@babel/
runtime/helpers/define
Property'
[0m [90m 12 |[39m 
[36mvar[39m _possibl
eConstructorReturn2 
[33m=[39m _interopRe
quireDefault(require(
[32m"@babel/runtime/he
lpers/possibleConstruc
torReturn"[39m))[33m
;[39m
 [90m 13 |[39m 
[36mvar[39m 
_getPrototypeOf2 
[33m=[39m _interopRe
quireDefault(require(
[32m"@babel/runtime/he
lpers/getPrototypeOf"
[39m))[33m;[39m
[31m[1m>[22m[39m[
90m 14 |[39m 
[36mvar[39m 
_defineProperty2 
[33m=[39m _interopRe
quireDefault(require(
[32m"@babel/runtime/he
lpers/defineProperty"
[39m))[33m;[39m
 [90m    |[39m      
                      
                   [3
1m[1m^[22m[39m[31m
[1m^[22m[39m[31m[
1m^[22m[39m[31m[1m
^[22m[39m[31m[1m^
[22m[39m[31m[1m^[2
2m[39m[31m[1m^[22m
[39m[31m[1m^[22m[
39m[31m[1m^[22m[39
m[31m[1m^[22m[39m
[31m[1m^[22m[39m[3
1m[1m^[22m[39m[31m
[1m^[22m[39m[31m[
1m^[22m[39m[31m[1m
^[22m[39m[31m[1m^
[22m[39m[31m[1m^[2
2m[39m[31m[1m^[22m
[39m[31m[1m^[22m[
39m[31m[1m^[22m[39
m[31m[1m^[22m[39m
[31m[1m^[22m[39m[3
1m[1m^[22m[39m[31m
[1m^[22m[39m[31m[
1m^[22m[39m[31m[1m
^[22m[39m[31m[1m^
[22m[39m[31m[1m^[2
2m[39m[31m[1m^[22m
[39m[31m[1m^[22m[
39m[31m[1m^[22m[39
m[31m[1m^[22m[39m
[31m[1m^[22m[39m[3
1m[1m^[22m[39m[31m
[1m^[22m[39m[31m[
1m^[22m[39m[31m[1m
^[22m[39m[31m[1m^
[22m[39m[31m[1m^[2
2m[39m[31m[1m^[22m
[39m[31m[1m^[22m[
39m[31m[1m^[22m[39
m[31m[1m^[22m[39m
[31m[1m^[22m[39m[3
1m[1m^[22m[39m[31m
[1m^[22m[39m[31m[
1m^[22m[39m[31m[1m
^[22m[39m
 [90m 15 |[39m 
[36mvar[39m _objectW
ithoutProperties2 
[33m=[39m _interopRe
quireDefault(require(
[32m"@babel/runtime/he
lpers/objectWithoutPro
perties"[39m))[33m;
[39m
 [90m 16 |[39m 
[36mvar[39m _react 
[33m=[39m _interopRe
quireDefault(require(
[32m"react"[39m))[33
m;[39m
 [90m 17 |[39m 
[36mvar[39m 
_propTypes 
[33m=[39m _interopRe
quireDefault(require(
[32m"prop-types"[39m)
)[33m;[39m[0m



Import traces:
  Client Component 
Browser:
    ./Downloads/backen
d-hub-api/node_modules
/@recurly/react-recurl
y/lib-dist/element/ele
ment.js [Client 
Component Browser]
    ./Downloads/backen
d-hub-api/node_modules
/@recurly/react-recurl
y/lib-dist/element/car
d-cvv.js [Client 
Component Browser]
    ./Downloads/backen
d-hub-api/node_modules
/@recurly/react-recurl
y/lib-dist/index.js 
[Client Component 
Browser]
    ./Downloads/backen
d-hub-api/src/app/page
.tsx [Client 
Component Browser]
    ./Downloads/backen
d-hub-api/src/app/page
.tsx [Server 
Component]

  Client Component 
SSR:
    ./Downloads/backen
d-hub-api/node_modules
/@recurly/react-recurl
y/lib-dist/element/ele
ment.js [Client 
Component SSR]
    ./Downloads/backen
d-hub-api/node_modules
/@recurly/react-recurl
y/lib-dist/element/car
d-cvv.js [Client 
Component SSR]
    ./Downloads/backen
d-hub-api/node_modules
/@recurly/react-recurl
y/lib-dist/index.js 
[Client Component SSR]
    ./Downloads/backen
d-hub-api/src/app/page
.tsx [Client 
Component SSR]
    ./Downloads/backen
d-hub-api/src/app/page
.tsx [Server 
Component]

https://nextjs.org/doc
s/messages/module-not-
found


./Downloads/backend-hu
b-api/node_modules/@re
curly/react-recurly/li
b-dist/elements.js:13:
47
Module not found: 
Can't resolve '@babel/
runtime/helpers/define
Property'
[0m [90m 11 |[39m 
[36mvar[39m _possibl
eConstructorReturn2 
[33m=[39m _interopRe
quireDefault(require(
[32m"@babel/runtime/he
lpers/possibleConstruc
torReturn"[39m))[33m
;[39m
 [90m 12 |[39m 
[36mvar[39m 
_getPrototypeOf2 
[33m=[39m _interopRe
quireDefault(require(
[32m"@babel/runtime/he
lpers/getPrototypeOf"
[39m))[33m;[39m
[31m[1m>[22m[39m[
90m 13 |[39m 
[36mvar[39m 
_defineProperty2 
[33m=[39m _interopRe
quireDefault(require(
[32m"@babel/runtime/he
lpers/defineProperty"
[39m))[33m;[39m
 [90m    |[39m      
                      
                   [3
1m[1m^[22m[39m[31m
[1m^[22m[39m[31m[
1m^[22m[39m[31m[1m
^[22m[39m[31m[1m^
[22m[39m[31m[1m^[2
2m[39m[31m[1m^[22m
[39m[31m[1m^[22m[
39m[31m[1m^[22m[39
m[31m[1m^[22m[39m
[31m[1m^[22m[39m[3
1m[1m^[22m[39m[31m
[1m^[22m[39m[31m[
1m^[22m[39m[31m[1m
^[22m[39m[31m[1m^
[22m[39m[31m[1m^[2
2m[39m[31m[1m^[22m
[39m[31m[1m^[22m[
39m[31m[1m^[22m[39
m[31m[1m^[22m[39m
[31m[1m^[22m[39m[3
1m[1m^[22m[39m[31m
[1m^[22m[39m[31m[
1m^[22m[39m[31m[1m
^[22m[39m[31m[1m^
[22m[39m[31m[1m^[2
2m[39m[31m[1m^[22m
[39m[31m[1m^[22m[
39m[31m[1m^[22m[39
m[31m[1m^[22m[39m
[31m[1m^[22m[39m[3
1m[1m^[22m[39m[31m
[1m^[22m[39m[31m[
1m^[22m[39m[31m[1m
^[22m[39m[31m[1m^
[22m[39m[31m[1m^[2
2m[39m[31m[1m^[22m
[39m[31m[1m^[22m[
39m[31m[1m^[22m[39
m[31m[1m^[22m[39m
[31m[1m^[22m[39m[3
1m[1m^[22m[39m[31m
[1m^[22m[39m[31m[
1m^[22m[39m[31m[1m
^[22m[39m
 [90m 14 |[39m 
[36mvar[39m _react 
[33m=[39m _interopRe
quireDefault(require(
[32m"react"[39m))[33
m;[39m
 [90m 15 |[39m 
[36mvar[39m 
_propTypes 
[33m=[39m _interopRe
quireDefault(require(
[32m"prop-types"[39m)
)[33m;[39m
 [90m 16 |[39m 
[36mvar[39m 
_provider [33m=[39m 
require([32m"./provid
er"[39m)[33m;[39m[
0m



Import traces:
  Client Component 
Browser:
    ./Downloads/backen
d-hub-api/node_modules
/@recurly/react-recurl
y/lib-dist/elements.js
 [Client Component 
Browser]
    ./Downloads/backen
d-hub-api/node_modules
/@recurly/react-recurl
y/lib-dist/index.js 
[Client Component 
Browser]
    ./Downloads/backen
d-hub-api/src/app/page
.tsx [Client 
Component Browser]
    ./Downloads/backen
d-hub-api/src/app/page
.tsx [Server 
Component]

  Client Component 
SSR:
    ./Downloads/backen
d-hub-api/node_modules
/@recurly/react-recurl
y/lib-dist/elements.js
 [Client Component 
SSR]
    ./Downloads/backen
d-hub-api/node_modules
/@recurly/react-recurl
y/lib-dist/index.js 
[Client Component SSR]
    ./Downloads/backen
d-hub-api/src/app/page
.tsx [Client 
Component SSR]
    ./Downloads/backen
d-hub-api/src/app/page
.tsx [Server 
Component]

https://nextjs.org/doc
s/messages/module-not-
found


./Downloads/backend-hu
b-api/node_modules/@re
curly/react-recurly/li
b-dist/provider.js:14:
47
Module not found: 
Can't resolve '@babel/
runtime/helpers/define
Property'
[0m [90m 12 |[39m 
[36mvar[39m _possibl
eConstructorReturn2 
[33m=[39m _interopRe
quireDefault(require(
[32m"@babel/runtime/he
lpers/possibleConstruc
torReturn"[39m))[33m
;[39m
 [90m 13 |[39m 
[36mvar[39m 
_getPrototypeOf2 
[33m=[39m _interopRe
quireDefault(require(
[32m"@babel/runtime/he
lpers/getPrototypeOf"
[39m))[33m;[39m
[31m[1m>[22m[39m[
90m 14 |[39m 
[36mvar[39m 
_defineProperty2 
[33m=[39m _interopRe
quireDefault(require(
[32m"@babel/runtime/he
lpers/defineProperty"
[39m))[33m;[39m
 [90m    |[39m      
                      
                   [3
1m[1m^[22m[39m[31m
[1m^[22m[39m[31m[
1m^[22m[39m[31m[1m
^[22m[39m[31m[1m^
[22m[39m[31m[1m^[2
2m[39m[31m[1m^[22m
[39m[31m[1m^[22m[
39m[31m[1m^[22m[39
m[31m[1m^[22m[39m
[31m[1m^[22m[39m[3
1m[1m^[22m[39m[31m
[1m^[22m[39m[31m[
1m^[22m[39m[31m[1m
^[22m[39m[31m[1m^
[22m[39m[31m[1m^[2
2m[39m[31m[1m^[22m
[39m[31m[1m^[22m[
39m[31m[1m^[22m[39
m[31m[1m^[22m[39m
[31m[1m^[22m[39m[3
1m[1m^[22m[39m[31m
[1m^[22m[39m[31m[
1m^[22m[39m[31m[1m
^[22m[39m[31m[1m^
[22m[39m[31m[1m^[2
2m[39m[31m[1m^[22m
[39m[31m[1m^[22m[
39m[31m[1m^[22m[39
m[31m[1m^[22m[39m
[31m[1m^[22m[39m[3
1m[1m^[22m[39m[31m
[1m^[22m[39m[31m[
1m^[22m[39m[31m[1m
^[22m[39m[31m[1m^
[22m[39m[31m[1m^[2
2m[39m[31m[1m^[22m
[39m[31m[1m^[22m[
39m[31m[1m^[22m[39
m[31m[1m^[22m[39m
[31m[1m^[22m[39m[3
1m[1m^[22m[39m[31m
[1m^[22m[39m[31m[
1m^[22m[39m[31m[1m
^[22m[39m
 [90m 15 |[39m 
[36mvar[39m _react 
[33m=[39m _interopRe
quireDefault(require(
[32m"react"[39m))[33
m;[39m
 [90m 16 |[39m 
[36mvar[39m 
_propTypes 
[33m=[39m _interopRe
quireDefault(require(
[32m"prop-types"[39m)
)[33m;[39m
 [90m 17 |[39m 
[36mvar[39m 
_package [33m=[39m r
equire([32m"../packag
e.json"[39m)[33m;[3
9m[0m



Import traces:
  Client Component 
Browser:
    ./Downloads/backen
d-hub-api/node_modules
/@recurly/react-recurl
y/lib-dist/provider.js
 [Client Component 
Browser]
    ./Downloads/backen
d-hub-api/node_modules
/@recurly/react-recurl
y/lib-dist/index.js 
[Client Component 
Browser]
    ./Downloads/backen
d-hub-api/src/app/page
.tsx [Client 
Component Browser]
    ./Downloads/backen
d-hub-api/src/app/page
.tsx [Server 
Component]

  Client Component 
SSR:
    ./Downloads/backen
d-hub-api/node_modules
/@recurly/react-recurl
y/lib-dist/provider.js
 [Client Component 
SSR]
    ./Downloads/backen
d-hub-api/node_modules
/@recurly/react-recurl
y/lib-dist/index.js 
[Client Component SSR]
    ./Downloads/backen
d-hub-api/src/app/page
.tsx [Client 
Component SSR]
    ./Downloads/backen
d-hub-api/src/app/page
.tsx [Server 
Component]

https://nextjs.org/doc
s/messages/module-not-
found


./Downloads/backend-hu
b-api/node_modules/@re
curly/react-recurly/li
b-dist/risk-data-colle
ctor.js:13:47
Module not found: 
Can't resolve '@babel/
runtime/helpers/define
Property'
[0m [90m 11 |[39m 
[36mvar[39m _possibl
eConstructorReturn2 
[33m=[39m _interopRe
quireDefault(require(
[32m"@babel/runtime/he
lpers/possibleConstruc
torReturn"[39m))[33m
;[39m
 [90m 12 |[39m 
[36mvar[39m 
_getPrototypeOf2 
[33m=[39m _interopRe
quireDefault(require(
[32m"@babel/runtime/he
lpers/getPrototypeOf"
[39m))[33m;[39m
[31m[1m>[22m[39m[
90m 13 |[39m 
[36mvar[39m 
_defineProperty2 
[33m=[39m _interopRe
quireDefault(require(
[32m"@babel/runtime/he
lpers/defineProperty"
[39m))[33m;[39m
 [90m    |[39m      
                      
                   [3
1m[1m^[22m[39m[31m
[1m^[22m[39m[31m[
1m^[22m[39m[31m[1m
^[22m[39m[31m[1m^
[22m[39m[31m[1m^[2
2m[39m[31m[1m^[22m
[39m[31m[1m^[22m[
39m[31m[1m^[22m[39
m[31m[1m^[22m[39m
[31m[1m^[22m[39m[3
1m[1m^[22m[39m[31m
[1m^[22m[39m[31m[
1m^[22m[39m[31m[1m
^[22m[39m[31m[1m^
[22m[39m[31m[1m^[2
2m[39m[31m[1m^[22m
[39m[31m[1m^[22m[
39m[31m[1m^[22m[39
m[31m[1m^[22m[39m
[31m[1m^[22m[39m[3
1m[1m^[22m[39m[31m
[1m^[22m[39m[31m[
1m^[22m[39m[31m[1m
^[22m[39m[31m[1m^
[22m[39m[31m[1m^[2
2m[39m[31m[1m^[22m
[39m[31m[1m^[22m[
39m[31m[1m^[22m[39
m[31m[1m^[22m[39m
[31m[1m^[22m[39m[3
1m[1m^[22m[39m[31m
[1m^[22m[39m[31m[
1m^[22m[39m[31m[1m
^[22m[39m[31m[1m^
[22m[39m[31m[1m^[2
2m[39m[31m[1m^[22m
[39m[31m[1m^[22m[
39m[31m[1m^[22m[39
m[31m[1m^[22m[39m
[31m[1m^[22m[39m[3
1m[1m^[22m[39m[31m
[1m^[22m[39m[31m[
1m^[22m[39m[31m[1m
^[22m[39m
 [90m 14 |[39m 
[36mvar[39m _react 
[33m=[39m _interopRe
quireDefault(require(
[32m"react"[39m))[33
m;[39m
 [90m 15 |[39m 
[36mvar[39m 
_propTypes 
[33m=[39m _interopRe
quireDefault(require(
[32m"prop-types"[39m)
)[33m;[39m
 [90m 16 |[39m 
[36mvar[39m 
_provider [33m=[39m 
require([32m"./provid
er"[39m)[33m;[39m[
0m



Import traces:
  Client Component 
Browser:
    ./Downloads/backen
d-hub-api/node_modules
/@recurly/react-recurl
y/lib-dist/risk-data-c
ollector.js [Client 
Component Browser]
    ./Downloads/backen
d-hub-api/node_modules
/@recurly/react-recurl
y/lib-dist/index.js 
[Client Component 
Browser]
    ./Downloads/backen
d-hub-api/src/app/page
.tsx [Client 
Component Browser]
    ./Downloads/backen
d-hub-api/src/app/page
.tsx [Server 
Component]

  Client Component 
SSR:
    ./Downloads/backen
d-hub-api/node_modules
/@recurly/react-recurl
y/lib-dist/risk-data-c
ollector.js [Client 
Component SSR]
    ./Downloads/backen
d-hub-api/node_modules
/@recurly/react-recurl
y/lib-dist/index.js 
[Client Component SSR]
    ./Downloads/backen
d-hub-api/src/app/page
.tsx [Client 
Component SSR]
    ./Downloads/backen
d-hub-api/src/app/page
.tsx [Server 
Component]

https://nextjs.org/doc
s/messages/module-not-
found


./Downloads/backend-hu
b-api/node_modules/@re
curly/react-recurly/li
b-dist/three-d-secure-
action.js:13:47
Module not found: 
Can't resolve '@babel/
runtime/helpers/define
Property'
[0m [90m 11 |[39m 
[36mvar[39m _possibl
eConstructorReturn2 
[33m=[39m _interopRe
quireDefault(require(
[32m"@babel/runtime/he
lpers/possibleConstruc
torReturn"[39m))[33m
;[39m
 [90m 12 |[39m 
[36mvar[39m 
_getPrototypeOf2 
[33m=[39m _interopRe
quireDefault(require(
[32m"@babel/runtime/he
lpers/getPrototypeOf"
[39m))[33m;[39m
[31m[1m>[22m[39m[
90m 13 |[39m 
[36mvar[39m 
_defineProperty2 
[33m=[39m _interopRe
quireDefault(require(
[32m"@babel/runtime/he
lpers/defineProperty"
[39m))[33m;[39m
 [90m    |[39m      
                      
                   [3
1m[1m^[22m[39m[31m
[1m^[22m[39m[31m[
1m^[22m[39m[31m[1m
^[22m[39m[31m[1m^
[22m[39m[31m[1m^[2
2m[39m[31m[1m^[22m
[39m[31m[1m^[22m[
39m[31m[1m^[22m[39
m[31m[1m^[22m[39m
[31m[1m^[22m[39m[3
1m[1m^[22m[39m[31m
[1m^[22m[39m[31m[
1m^[22m[39m[31m[1m
^[22m[39m[31m[1m^
[22m[39m[31m[1m^[2
2m[39m[31m[1m^[22m
[39m[31m[1m^[22m[
39m[31m[1m^[22m[39
m[31m[1m^[22m[39m
[31m[1m^[22m[39m[3
1m[1m^[22m[39m[31m
[1m^[22m[39m[31m[
1m^[22m[39m[31m[1m
^[22m[39m[31m[1m^
[22m[39m[31m[1m^[2
2m[39m[31m[1m^[22m
[39m[31m[1m^[22m[
39m[31m[1m^[22m[39
m[31m[1m^[22m[39m
[31m[1m^[22m[39m[3
1m[1m^[22m[39m[31m
[1m^[22m[39m[31m[
1m^[22m[39m[31m[1m
^[22m[39m[31m[1m^
[22m[39m[31m[1m^[2
2m[39m[31m[1m^[22m
[39m[31m[1m^[22m[
39m[31m[1m^[22m[39
m[31m[1m^[22m[39m
[31m[1m^[22m[39m[3
1m[1m^[22m[39m[31m
[1m^[22m[39m[31m[
1m^[22m[39m[31m[1m
^[22m[39m
 [90m 14 |[39m 
[36mvar[39m _react 
[33m=[39m _interopRe
quireDefault(require(
[32m"react"[39m))[33
m;[39m
 [90m 15 |[39m 
[36mvar[39m 
_propTypes 
[33m=[39m _interopRe
quireDefault(require(
[32m"prop-types"[39m)
)[33m;[39m
 [90m 16 |[39m 
[36mvar[39m 
_provider [33m=[39m 
require([32m"./provid
er"[39m)[33m;[39m[
0m



Import traces:
  Client Component 
Browser:
    ./Downloads/backen
d-hub-api/node_modules
/@recurly/react-recurl
y/lib-dist/three-d-sec
ure-action.js [Client 
Component Browser]
    ./Downloads/backen
d-hub-api/node_modules
/@recurly/react-recurl
y/lib-dist/index.js 
[Client Component 
Browser]
    ./Downloads/backen
d-hub-api/src/app/page
.tsx [Client 
Component Browser]
    ./Downloads/backen
d-hub-api/src/app/page
.tsx [Server 
Component]

  Client Component 
SSR:
    ./Downloads/backen
d-hub-api/node_modules
/@recurly/react-recurl
y/lib-dist/three-d-sec
ure-action.js [Client 
Component SSR]
    ./Downloads/backen
d-hub-api/node_modules
/@recurly/react-recurl
y/lib-dist/index.js 
[Client Component SSR]
    ./Downloads/backen
d-hub-api/src/app/page
.tsx [Client 
Component SSR]
    ./Downloads/backen
d-hub-api/src/app/page
.tsx [Server 
Component]

https://nextjs.org/doc
s/messages/module-not-
found


./Downloads/backend-hu
b-api/node_modules/@re
curly/react-recurly/li
b-dist/use-recurly.js:
8:47
Module not found: 
Can't resolve '@babel/
runtime/helpers/define
Property'
[0m [90m  6 |[39m 
})[33m;[39m
 [90m  7 |[39m expor
ts[[32m"default"[39m
] [33m=[39m 
useRecurly[33m;[39m
[31m[1m>[22m[39m[
90m  8 |[39m 
[36mvar[39m 
_defineProperty2 
[33m=[39m _interopRe
quireDefault(require(
[32m"@babel/runtime/he
lpers/defineProperty"
[39m))[33m;[39m
 [90m    |[39m      
                      
                   [3
1m[1m^[22m[39m[31m
[1m^[22m[39m[31m[
1m^[22m[39m[31m[1m
^[22m[39m[31m[1m^
[22m[39m[31m[1m^[2
2m[39m[31m[1m^[22m
[39m[31m[1m^[22m[
39m[31m[1m^[22m[39
m[31m[1m^[22m[39m
[31m[1m^[22m[39m[3
1m[1m^[22m[39m[31m
[1m^[22m[39m[31m[
1m^[22m[39m[31m[1m
^[22m[39m[31m[1m^
[22m[39m[31m[1m^[2
2m[39m[31m[1m^[22m
[39m[31m[1m^[22m[
39m[31m[1m^[22m[39
m[31m[1m^[22m[39m
[31m[1m^[22m[39m[3
1m[1m^[22m[39m[31m
[1m^[22m[39m[31m[
1m^[22m[39m[31m[1m
^[22m[39m[31m[1m^
[22m[39m[31m[1m^[2
2m[39m[31m[1m^[22m
[39m[31m[1m^[22m[
39m[31m[1m^[22m[39
m[31m[1m^[22m[39m
[31m[1m^[22m[39m[3
1m[1m^[22m[39m[31m
[1m^[22m[39m[31m[
1m^[22m[39m[31m[1m
^[22m[39m[31m[1m^
[22m[39m[31m[1m^[2
2m[39m[31m[1m^[22m
[39m[31m[1m^[22m[
39m[31m[1m^[22m[39
m[31m[1m^[22m[39m
[31m[1m^[22m[39m[3
1m[1m^[22m[39m[31m
[1m^[22m[39m[31m[
1m^[22m[39m[31m[1m
^[22m[39m
 [90m  9 |[39m 
[36mvar[39m _react 
[33m=[39m require([
32m"react"[39m)[33m;
[39m
 [90m 10 |[39m 
[36mvar[39m 
_elements [33m=[39m 
require([32m"./elemen
ts"[39m)[33m;[39m
 [90m 11 |[39m 
[36mfunction[39m own
Keys(object[33m,[39m
 enumerableOnly) { 
[36mvar[39m keys 
[33m=[39m [33mObjec
t[39m[33m.[39mkeys(
object)[33m;[39m 
[36mif[39m ([33mObj
ect[39m[33m.[39mget
OwnPropertySymbols) { 
[36mvar[39m symbols 
[33m=[39m [33mObjec
t[39m[33m.[39mgetOw
nPropertySymbols(objec
t)[33m;[39m 
enumerableOnly 
[33m&&[39m (symbols 
[33m=[39m symbols[3
3m.[39mfilter([36mfu
nction[39m (sym) { 
[36mreturn[39m [33m
Object[39m[33m.[39m
getOwnPropertyDescript
or(object[33m,[39m s
ym)[33m.[39menumerab
le[33m;[39m 
}))[33m,[39m keys[3
3m.[39mpush[33m.[39
mapply(keys[33m,[39m
 symbols)[33m;[39m 
} [36mreturn[39m 
keys[33m;[39m }[0m



Import traces:
  Client Component 
Browser:
    ./Downloads/backen
d-hub-api/node_modules
/@recurly/react-recurl
y/lib-dist/use-recurly
.js [Client Component 
Browser]
    ./Downloads/backen
d-hub-api/node_modules
/@recurly/react-recurl
y/lib-dist/index.js 
[Client Component 
Browser]
    ./Downloads/backen
d-hub-api/src/app/page
.tsx [Client 
Component Browser]
    ./Downloads/backen
d-hub-api/src/app/page
.tsx [Server 
Component]

  Client Component 
SSR:
    ./Downloads/backen
d-hub-api/node_modules
/@recurly/react-recurl
y/lib-dist/use-recurly
.js [Client Component 
SSR]
    ./Downloads/backen
d-hub-api/node_modules
/@recurly/react-recurl
y/lib-dist/index.js 
[Client Component SSR]
    ./Downloads/backen
d-hub-api/src/app/page
.tsx [Client 
Component SSR]
    ./Downloads/backen
d-hub-api/src/app/page
.tsx [Server 
Component]

https://nextjs.org/doc
s/messages/module-not-
found


./Downloads/backend-hu
b-api/node_modules/@re
curly/react-recurly/li
b-dist/element/card-cv
v.js:12:47
Module not found: 
Can't resolve '@babel/
runtime/helpers/getPro
totypeOf'
[0m [90m 10 |[39m 
[36mvar[39m 
_inherits2 
[33m=[39m _interopRe
quireDefault(require(
[32m"@babel/runtime/he
lpers/inherits"[39m))
[33m;[39m
 [90m 11 |[39m 
[36mvar[39m _possibl
eConstructorReturn2 
[33m=[39m _interopRe
quireDefault(require(
[32m"@babel/runtime/he
lpers/possibleConstruc
torReturn"[39m))[33m
;[39m
[31m[1m>[22m[39m[
90m 12 |[39m 
[36mvar[39m 
_getPrototypeOf2 
[33m=[39m _interopRe
quireDefault(require(
[32m"@babel/runtime/he
lpers/getPrototypeOf"
[39m))[33m;[39m
 [90m    |[39m      
                      
                   [3
1m[1m^[22m[39m[31m
[1m^[22m[39m[31m[
1m^[22m[39m[31m[1m
^[22m[39m[31m[1m^
[22m[39m[31m[1m^[2
2m[39m[31m[1m^[22m
[39m[31m[1m^[22m[
39m[31m[1m^[22m[39
m[31m[1m^[22m[39m
[31m[1m^[22m[39m[3
1m[1m^[22m[39m[31m
[1m^[22m[39m[31m[
1m^[22m[39m[31m[1m
^[22m[39m[31m[1m^
[22m[39m[31m[1m^[2
2m[39m[31m[1m^[22m
[39m[31m[1m^[22m[
39m[31m[1m^[22m[39
m[31m[1m^[22m[39m
[31m[1m^[22m[39m[3
1m[1m^[22m[39m[31m
[1m^[22m[39m[31m[
1m^[22m[39m[31m[1m
^[22m[39m[31m[1m^
[22m[39m[31m[1m^[2
2m[39m[31m[1m^[22m
[39m[31m[1m^[22m[
39m[31m[1m^[22m[39
m[31m[1m^[22m[39m
[31m[1m^[22m[39m[3
1m[1m^[22m[39m[31m
[1m^[22m[39m[31m[
1m^[22m[39m[31m[1m
^[22m[39m[31m[1m^
[22m[39m[31m[1m^[2
2m[39m[31m[1m^[22m
[39m[31m[1m^[22m[
39m[31m[1m^[22m[39
m[31m[1m^[22m[39m
[31m[1m^[22m[39m[3
1m[1m^[22m[39m[31m
[1m^[22m[39m[31m[
1m^[22m[39m[31m[1m
^[22m[39m
 [90m 13 |[39m 
[36mvar[39m 
_defineProperty2 
[33m=[39m _interopRe
quireDefault(require(
[32m"@babel/runtime/he
lpers/defineProperty"
[39m))[33m;[39m
 [90m 14 |[39m 
[36mvar[39m 
_element [33m=[39m _
interopRequireDefault(
require([32m"./elemen
t"[39m))[33m;[39m
 [90m 15 |[39m 
[36mfunction[39m _cr
eateSuper([33mDerived
[39m) { 
[36mvar[39m hasNativ
eReflectConstruct 
[33m=[39m _isNativeR
eflectConstruct()[33m
;[39m 
[36mreturn[39m 
[36mfunction[39m _cr
eateSuperInternal() { 
[36mvar[39m 
[33mSuper[39m 
[33m=[39m ([35m0[3
9m[33m,[39m _getProt
otypeOf2[[32m"default
"[39m])([33mDerived
[39m)[33m,[39m 
result[33m;[39m 
[36mif[39m (hasNativ
eReflectConstruct) { 
[36mvar[39m 
[33mNewTarget[39m 
[33m=[39m ([35m0[3
9m[33m,[39m _getProt
otypeOf2[[32m"default
"[39m])([36mthis[39
m)[33m.[39mconstruct
or[33m;[39m result 
[33m=[39m [33mRefle
ct[39m[33m.[39mcons
truct([33mSuper[39m
[33m,[39m 
arguments[33m,[39m 
[33mNewTarget[39m)[3
3m;[39m } 
[36melse[39m { 
result [33m=[39m [3
3mSuper[39m[33m.[39
mapply([36mthis[39m
[33m,[39m 
arguments)[33m;[39m 
} [36mreturn[39m ([
35m0[39m[33m,[39m _
possibleConstructorRet
urn2[[32m"default"[3
9m])([36mthis[39m[3
3m,[39m 
result)[33m;[39m 
}[33m;[39m }[0m



Import traces:
  Client Component 
Browser:
    ./Downloads/backen
d-hub-api/node_modules
/@recurly/react-recurl
y/lib-dist/element/car
d-cvv.js [Client 
Component Browser]
    ./Downloads/backen
d-hub-api/node_modules
/@recurly/react-recurl
y/lib-dist/index.js 
[Client Component 
Browser]
    ./Downloads/backen
d-hub-api/src/app/page
.tsx [Client 
Component Browser]
    ./Downloads/backen
d-hub-api/src/app/page
.tsx [Server 
Component]

  Client Component 
SSR:
    ./Downloads/backen
d-hub-api/node_modules
/@recurly/react-recurl
y/lib-dist/element/car
d-cvv.js [Client 
Component SSR]
    ./Downloads/backen
d-hub-api/node_modules
/@recurly/react-recurl
y/lib-dist/index.js 
[Client Component SSR]
    ./Downloads/backen
d-hub-api/src/app/page
.tsx [Client 
Component SSR]
    ./Downloads/backen
d-hub-api/src/app/page
.tsx [Server 
Component]

https://nextjs.org/doc
s/messages/module-not-
found


./Downloads/backend-hu
b-api/node_modules/@re
curly/react-recurly/li
b-dist/element/card-mo
nth.js:12:47
Module not found: 
Can't resolve '@babel/
runtime/helpers/getPro
totypeOf'
[0m [90m 10 |[39m 
[36mvar[39m 
_inherits2 
[33m=[39m _interopRe
quireDefault(require(
[32m"@babel/runtime/he
lpers/inherits"[39m))
[33m;[39m
 [90m 11 |[39m 
[36mvar[39m _possibl
eConstructorReturn2 
[33m=[39m _interopRe
quireDefault(require(
[32m"@babel/runtime/he
lpers/possibleConstruc
torReturn"[39m))[33m
;[39m
[31m[1m>[22m[39m[
90m 12 |[39m 
[36mvar[39m 
_getPrototypeOf2 
[33m=[39m _interopRe
quireDefault(require(
[32m"@babel/runtime/he
lpers/getPrototypeOf"
[39m))[33m;[39m
 [90m    |[39m      
                      
                   [3
1m[1m^[22m[39m[31m
[1m^[22m[39m[31m[
1m^[22m[39m[31m[1m
^[22m[39m[31m[1m^
[22m[39m[31m[1m^[2
2m[39m[31m[1m^[22m
[39m[31m[1m^[22m[
39m[31m[1m^[22m[39
m[31m[1m^[22m[39m
[31m[1m^[22m[39m[3
1m[1m^[22m[39m[31m
[1m^[22m[39m[31m[
1m^[22m[39m[31m[1m
^[22m[39m[31m[1m^
[22m[39m[31m[1m^[2
2m[39m[31m[1m^[22m
[39m[31m[1m^[22m[
39m[31m[1m^[22m[39
m[31m[1m^[22m[39m
[31m[1m^[22m[39m[3
1m[1m^[22m[39m[31m
[1m^[22m[39m[31m[
1m^[22m[39m[31m[1m
^[22m[39m[31m[1m^
[22m[39m[31m[1m^[2
2m[39m[31m[1m^[22m
[39m[31m[1m^[22m[
39m[31m[1m^[22m[39
m[31m[1m^[22m[39m
[31m[1m^[22m[39m[3
1m[1m^[22m[39m[31m
[1m^[22m[39m[31m[
1m^[22m[39m[31m[1m
^[22m[39m[31m[1m^
[22m[39m[31m[1m^[2
2m[39m[31m[1m^[22m
[39m[31m[1m^[22m[
39m[31m[1m^[22m[39
m[31m[1m^[22m[39m
[31m[1m^[22m[39m[3
1m[1m^[22m[39m[31m
[1m^[22m[39m[31m[
1m^[22m[39m[31m[1m
^[22m[39m
 [90m 13 |[39m 
[36mvar[39m 
_defineProperty2 
[33m=[39m _interopRe
quireDefault(require(
[32m"@babel/runtime/he
lpers/defineProperty"
[39m))[33m;[39m
 [90m 14 |[39m 
[36mvar[39m 
_element [33m=[39m _
interopRequireDefault(
require([32m"./elemen
t"[39m))[33m;[39m
 [90m 15 |[39m 
[36mfunction[39m _cr
eateSuper([33mDerived
[39m) { 
[36mvar[39m hasNativ
eReflectConstruct 
[33m=[39m _isNativeR
eflectConstruct()[33m
;[39m 
[36mreturn[39m 
[36mfunction[39m _cr
eateSuperInternal() { 
[36mvar[39m 
[33mSuper[39m 
[33m=[39m ([35m0[3
9m[33m,[39m _getProt
otypeOf2[[32m"default
"[39m])([33mDerived
[39m)[33m,[39m 
result[33m;[39m 
[36mif[39m (hasNativ
eReflectConstruct) { 
[36mvar[39m 
[33mNewTarget[39m 
[33m=[39m ([35m0[3
9m[33m,[39m _getProt
otypeOf2[[32m"default
"[39m])([36mthis[39
m)[33m.[39mconstruct
or[33m;[39m result 
[33m=[39m [33mRefle
ct[39m[33m.[39mcons
truct([33mSuper[39m
[33m,[39m 
arguments[33m,[39m 
[33mNewTarget[39m)[3
3m;[39m } 
[36melse[39m { 
result [33m=[39m [3
3mSuper[39m[33m.[39
mapply([36mthis[39m
[33m,[39m 
arguments)[33m;[39m 
} [36mreturn[39m ([
35m0[39m[33m,[39m _
possibleConstructorRet
urn2[[32m"default"[3
9m])([36mthis[39m[3
3m,[39m 
result)[33m;[39m 
}[33m;[39m }[0m



Import traces:
  Client Component 
Browser:
    ./Downloads/backen
d-hub-api/node_modules
/@recurly/react-recurl
y/lib-dist/element/car
d-month.js [Client 
Component Browser]
    ./Downloads/backen
d-hub-api/node_modules
/@recurly/react-recurl
y/lib-dist/index.js 
[Client Component 
Browser]
    ./Downloads/backen
d-hub-api/src/app/page
.tsx [Client 
Component Browser]
    ./Downloads/backen
d-hub-api/src/app/page
.tsx [Server 
Component]

  Client Component 
SSR:
    ./Downloads/backen
d-hub-api/node_modules
/@recurly/react-recurl
y/lib-dist/element/car
d-month.js [Client 
Component SSR]
    ./Downloads/backen
d-hub-api/node_modules
/@recurly/react-recurl
y/lib-dist/index.js 
[Client Component SSR]
    ./Downloads/backen
d-hub-api/src/app/page
.tsx [Client 
Component SSR]
    ./Downloads/backen
d-hub-api/src/app/page
.tsx [Server 
Component]

https://nextjs.org/doc
s/messages/module-not-
found


./Downloads/backend-hu
b-api/node_modules/@re
curly/react-recurly/li
b-dist/element/card-nu
mber.js:12:47
Module not found: 
Can't resolve '@babel/
runtime/helpers/getPro
totypeOf'
[0m [90m 10 |[39m 
[36mvar[39m 
_inherits2 
[33m=[39m _interopRe
quireDefault(require(
[32m"@babel/runtime/he
lpers/inherits"[39m))
[33m;[39m
 [90m 11 |[39m 
[36mvar[39m _possibl
eConstructorReturn2 
[33m=[39m _interopRe
quireDefault(require(
[32m"@babel/runtime/he
lpers/possibleConstruc
torReturn"[39m))[33m
;[39m
[31m[1m>[22m[39m[
90m 12 |[39m 
[36mvar[39m 
_getPrototypeOf2 
[33m=[39m _interopRe
quireDefault(require(
[32m"@babel/runtime/he
lpers/getPrototypeOf"
[39m))[33m;[39m
 [90m    |[39m      
                      
                   [3
1m[1m^[22m[39m[31m
[1m^[22m[39m[31m[
1m^[22m[39m[31m[1m
^[22m[39m[31m[1m^
[22m[39m[31m[1m^[2
2m[39m[31m[1m^[22m
[39m[31m[1m^[22m[
39m[31m[1m^[22m[39
m[31m[1m^[22m[39m
[31m[1m^[22m[39m[3
1m[1m^[22m[39m[31m
[1m^[22m[39m[31m[
1m^[22m[39m[31m[1m
^[22m[39m[31m[1m^
[22m[39m[31m[1m^[2
2m[39m[31m[1m^[22m
[39m[31m[1m^[22m[
39m[31m[1m^[22m[39
m[31m[1m^[22m[39m
[31m[1m^[22m[39m[3
1m[1m^[22m[39m[31m
[1m^[22m[39m[31m[
1m^[22m[39m[31m[1m
^[22m[39m[31m[1m^
[22m[39m[31m[1m^[2
2m[39m[31m[1m^[22m
[39m[31m[1m^[22m[
39m[31m[1m^[22m[39
m[31m[1m^[22m[39m
[31m[1m^[22m[39m[3
1m[1m^[22m[39m[31m
[1m^[22m[39m[31m[
1m^[22m[39m[31m[1m
^[22m[39m[31m[1m^
[22m[39m[31m[1m^[2
2m[39m[31m[1m^[22m
[39m[31m[1m^[22m[
39m[31m[1m^[22m[39
m[31m[1m^[22m[39m
[31m[1m^[22m[39m[3
1m[1m^[22m[39m[31m
[1m^[22m[39m[31m[
1m^[22m[39m[31m[1m
^[22m[39m
 [90m 13 |[39m 
[36mvar[39m 
_defineProperty2 
[33m=[39m _interopRe
quireDefault(require(
[32m"@babel/runtime/he
lpers/defineProperty"
[39m))[33m;[39m
 [90m 14 |[39m 
[36mvar[39m 
_element [33m=[39m _
interopRequireDefault(
require([32m"./elemen
t"[39m))[33m;[39m
 [90m 15 |[39m 
[36mfunction[39m _cr
eateSuper([33mDerived
[39m) { 
[36mvar[39m hasNativ
eReflectConstruct 
[33m=[39m _isNativeR
eflectConstruct()[33m
;[39m 
[36mreturn[39m 
[36mfunction[39m _cr
eateSuperInternal() { 
[36mvar[39m 
[33mSuper[39m 
[33m=[39m ([35m0[3
9m[33m,[39m _getProt
otypeOf2[[32m"default
"[39m])([33mDerived
[39m)[33m,[39m 
result[33m;[39m 
[36mif[39m (hasNativ
eReflectConstruct) { 
[36mvar[39m 
[33mNewTarget[39m 
[33m=[39m ([35m0[3
9m[33m,[39m _getProt
otypeOf2[[32m"default
"[39m])([36mthis[39
m)[33m.[39mconstruct
or[33m;[39m result 
[33m=[39m [33mRefle
ct[39m[33m.[39mcons
truct([33mSuper[39m
[33m,[39m 
arguments[33m,[39m 
[33mNewTarget[39m)[3
3m;[39m } 
[36melse[39m { 
result [33m=[39m [3
3mSuper[39m[33m.[39
mapply([36mthis[39m
[33m,[39m 
arguments)[33m;[39m 
} [36mreturn[39m ([
35m0[39m[33m,[39m _
possibleConstructorRet
urn2[[32m"default"[3
9m])([36mthis[39m[3
3m,[39m 
result)[33m;[39m 
}[33m;[39m }[0m



Import traces:
  Client Component 
Browser:
    ./Downloads/backen
d-hub-api/node_modules
/@recurly/react-recurl
y/lib-dist/element/car
d-number.js [Client 
Component Browser]
    ./Downloads/backen
d-hub-api/node_modules
/@recurly/react-recurl
y/lib-dist/index.js 
[Client Component 
Browser]
    ./Downloads/backen
d-hub-api/src/app/page
.tsx [Client 
Component Browser]
    ./Downloads/backen
d-hub-api/src/app/page
.tsx [Server 
Component]

  Client Component 
SSR:
    ./Downloads/backen
d-hub-api/node_modules
/@recurly/react-recurl
y/lib-dist/element/car
d-number.js [Client 
Component SSR]
    ./Downloads/backen
d-hub-api/node_modules
/@recurly/react-recurl
y/lib-dist/index.js 
[Client Component SSR]
    ./Downloads/backen
d-hub-api/src/app/page
.tsx [Client 
Component SSR]
    ./Downloads/backen
d-hub-api/src/app/page
.tsx [Server 
Component]

https://nextjs.org/doc
s/messages/module-not-
found


./Downloads/backend-hu
b-api/node_modules/@re
curly/react-recurly/li
b-dist/element/card-ye
ar.js:12:47
Module not found: 
Can't resolve '@babel/
runtime/helpers/getPro
totypeOf'
[0m [90m 10 |[39m 
[36mvar[39m 
_inherits2 
[33m=[39m _interopRe
quireDefault(require(
[32m"@babel/runtime/he
lpers/inherits"[39m))
[33m;[39m
 [90m 11 |[39m 
[36mvar[39m _possibl
eConstructorReturn2 
[33m=[39m _interopRe
quireDefault(require(
[32m"@babel/runtime/he
lpers/possibleConstruc
torReturn"[39m))[33m
;[39m
[31m[1m>[22m[39m[
90m 12 |[39m 
[36mvar[39m 
_getPrototypeOf2 
[33m=[39m _interopRe
quireDefault(require(
[32m"@babel/runtime/he
lpers/getPrototypeOf"
[39m))[33m;[39m
 [90m    |[39m      
                      
                   [3
1m[1m^[22m[39m[31m
[1m^[22m[39m[31m[
1m^[22m[39m[31m[1m
^[22m[39m[31m[1m^
[22m[39m[31m[1m^[2
2m[39m[31m[1m^[22m
[39m[31m[1m^[22m[
39m[31m[1m^[22m[39
m[31m[1m^[22m[39m
[31m[1m^[22m[39m[3
1m[1m^[22m[39m[31m
[1m^[22m[39m[31m[
1m^[22m[39m[31m[1m
^[22m[39m[31m[1m^
[22m[39m[31m[1m^[2
2m[39m[31m[1m^[22m
[39m[31m[1m^[22m[
39m[31m[1m^[22m[39
m[31m[1m^[22m[39m
[31m[1m^[22m[39m[3
1m[1m^[22m[39m[31m
[1m^[22m[39m[31m[
1m^[22m[39m[31m[1m
^[22m[39m[31m[1m^
[22m[39m[31m[1m^[2
2m[39m[31m[1m^[22m
[39m[31m[1m^[22m[
39m[31m[1m^[22m[39
m[31m[1m^[22m[39m
[31m[1m^[22m[39m[3
1m[1m^[22m[39m[31m
[1m^[22m[39m[31m[
1m^[22m[39m[31m[1m
^[22m[39m[31m[1m^
[22m[39m[31m[1m^[2
2m[39m[31m[1m^[22m
[39m[31m[1m^[22m[
39m[31m[1m^[22m[39
m[31m[1m^[22m[39m
[31m[1m^[22m[39m[3
1m[1m^[22m[39m[31m
[1m^[22m[39m[31m[
1m^[22m[39m[31m[1m
^[22m[39m
 [90m 13 |[39m 
[36mvar[39m 
_defineProperty2 
[33m=[39m _interopRe
quireDefault(require(
[32m"@babel/runtime/he
lpers/defineProperty"
[39m))[33m;[39m
 [90m 14 |[39m 
[36mvar[39m 
_element [33m=[39m _
interopRequireDefault(
require([32m"./elemen
t"[39m))[33m;[39m
 [90m 15 |[39m 
[36mfunction[39m _cr
eateSuper([33mDerived
[39m) { 
[36mvar[39m hasNativ
eReflectConstruct 
[33m=[39m _isNativeR
eflectConstruct()[33m
;[39m 
[36mreturn[39m 
[36mfunction[39m _cr
eateSuperInternal() { 
[36mvar[39m 
[33mSuper[39m 
[33m=[39m ([35m0[3
9m[33m,[39m _getProt
otypeOf2[[32m"default
"[39m])([33mDerived
[39m)[33m,[39m 
result[33m;[39m 
[36mif[39m (hasNativ
eReflectConstruct) { 
[36mvar[39m 
[33mNewTarget[39m 
[33m=[39m ([35m0[3
9m[33m,[39m _getProt
otypeOf2[[32m"default
"[39m])([36mthis[39
m)[33m.[39mconstruct
or[33m;[39m result 
[33m=[39m [33mRefle
ct[39m[33m.[39mcons
truct([33mSuper[39m
[33m,[39m 
arguments[33m,[39m 
[33mNewTarget[39m)[3
3m;[39m } 
[36melse[39m { 
result [33m=[39m [3
3mSuper[39m[33m.[39
mapply([36mthis[39m
[33m,[39m 
arguments)[33m;[39m 
} [36mreturn[39m ([
35m0[39m[33m,[39m _
possibleConstructorRet
urn2[[32m"default"[3
9m])([36mthis[39m[3
3m,[39m 
result)[33m;[39m 
}[33m;[39m }[0m



Import traces:
  Client Component 
Browser:
    ./Downloads/backen
d-hub-api/node_modules
/@recurly/react-recurl
y/lib-dist/element/car
d-year.js [Client 
Component Browser]
    ./Downloads/backen
d-hub-api/node_modules
/@recurly/react-recurl
y/lib-dist/index.js 
[Client Component 
Browser]
    ./Downloads/backen
d-hub-api/src/app/page
.tsx [Client 
Component Browser]
    ./Downloads/backen
d-hub-api/src/app/page
.tsx [Server 
Component]

  Client Component 
SSR:
    ./Downloads/backen
d-hub-api/node_modules
/@recurly/react-recurl
y/lib-dist/element/car
d-year.js [Client 
Component SSR]
    ./Downloads/backen
d-hub-api/node_modules
/@recurly/react-recurl
y/lib-dist/index.js 
[Client Component SSR]
    ./Downloads/backen
d-hub-api/src/app/page
.tsx [Client 
Component SSR]
    ./Downloads/backen
d-hub-api/src/app/page
.tsx [Server 
Component]

https://nextjs.org/doc
s/messages/module-not-
found


./Downloads/backend-hu
b-api/node_modules/@re
curly/react-recurly/li
b-dist/element/card.js
:12:47
Module not found: 
Can't resolve '@babel/
runtime/helpers/getPro
totypeOf'
[0m [90m 10 |[39m 
[36mvar[39m 
_inherits2 
[33m=[39m _interopRe
quireDefault(require(
[32m"@babel/runtime/he
lpers/inherits"[39m))
[33m;[39m
 [90m 11 |[39m 
[36mvar[39m _possibl
eConstructorReturn2 
[33m=[39m _interopRe
quireDefault(require(
[32m"@babel/runtime/he
lpers/possibleConstruc
torReturn"[39m))[33m
;[39m
[31m[1m>[22m[39m[
90m 12 |[39m 
[36mvar[39m 
_getPrototypeOf2 
[33m=[39m _interopRe
quireDefault(require(
[32m"@babel/runtime/he
lpers/getPrototypeOf"
[39m))[33m;[39m
 [90m    |[39m      
                      
                   [3
1m[1m^[22m[39m[31m
[1m^[22m[39m[31m[
1m^[22m[39m[31m[1m
^[22m[39m[31m[1m^
[22m[39m[31m[1m^[2
2m[39m[31m[1m^[22m
[39m[31m[1m^[22m[
39m[31m[1m^[22m[39
m[31m[1m^[22m[39m
[31m[1m^[22m[39m[3
1m[1m^[22m[39m[31m
[1m^[22m[39m[31m[
1m^[22m[39m[31m[1m
^[22m[39m[31m[1m^
[22m[39m[31m[1m^[2
2m[39m[31m[1m^[22m
[39m[31m[1m^[22m[
39m[31m[1m^[22m[39
m[31m[1m^[22m[39m
[31m[1m^[22m[39m[3
1m[1m^[22m[39m[31m
[1m^[22m[39m[31m[
1m^[22m[39m[31m[1m
^[22m[39m[31m[1m^
[22m[39m[31m[1m^[2
2m[39m[31m[1m^[22m
[39m[31m[1m^[22m[
39m[31m[1m^[22m[39
m[31m[1m^[22m[39m
[31m[1m^[22m[39m[3
1m[1m^[22m[39m[31m
[1m^[22m[39m[31m[
1m^[22m[39m[31m[1m
^[22m[39m[31m[1m^
[22m[39m[31m[1m^[2
2m[39m[31m[1m^[22m
[39m[31m[1m^[22m[
39m[31m[1m^[22m[39
m[31m[1m^[22m[39m
[31m[1m^[22m[39m[3
1m[1m^[22m[39m[31m
[1m^[22m[39m[31m[
1m^[22m[39m[31m[1m
^[22m[39m
 [90m 13 |[39m 
[36mvar[39m 
_defineProperty2 
[33m=[39m _interopRe
quireDefault(require(
[32m"@babel/runtime/he
lpers/defineProperty"
[39m))[33m;[39m
 [90m 14 |[39m 
[36mvar[39m 
_element [33m=[39m _
interopRequireDefault(
require([32m"./elemen
t"[39m))[33m;[39m
 [90m 15 |[39m 
[36mfunction[39m _cr
eateSuper([33mDerived
[39m) { 
[36mvar[39m hasNativ
eReflectConstruct 
[33m=[39m _isNativeR
eflectConstruct()[33m
;[39m 
[36mreturn[39m 
[36mfunction[39m _cr
eateSuperInternal() { 
[36mvar[39m 
[33mSuper[39m 
[33m=[39m ([35m0[3
9m[33m,[39m _getProt
otypeOf2[[32m"default
"[39m])([33mDerived
[39m)[33m,[39m 
result[33m;[39m 
[36mif[39m (hasNativ
eReflectConstruct) { 
[36mvar[39m 
[33mNewTarget[39m 
[33m=[39m ([35m0[3
9m[33m,[39m _getProt
otypeOf2[[32m"default
"[39m])([36mthis[39
m)[33m.[39mconstruct
or[33m;[39m result 
[33m=[39m [33mRefle
ct[39m[33m.[39mcons
truct([33mSuper[39m
[33m,[39m 
arguments[33m,[39m 
[33mNewTarget[39m)[3
3m;[39m } 
[36melse[39m { 
result [33m=[39m [3
3mSuper[39m[33m.[39
mapply([36mthis[39m
[33m,[39m 
arguments)[33m;[39m 
} [36mreturn[39m ([
35m0[39m[33m,[39m _
possibleConstructorRet
urn2[[32m"default"[3
9m])([36mthis[39m[3
3m,[39m 
result)[33m;[39m 
}[33m;[39m }[0m



Import traces:
  Client Component 
Browser:
    ./Downloads/backen
d-hub-api/node_modules
/@recurly/react-recurl
y/lib-dist/element/car
d.js [Client 
Component Browser]
    ./Downloads/backen
d-hub-api/node_modules
/@recurly/react-recurl
y/lib-dist/index.js 
[Client Component 
Browser]
    ./Downloads/backen
d-hub-api/src/app/page
.tsx [Client 
Component Browser]
    ./Downloads/backen
d-hub-api/src/app/page
.tsx [Server 
Component]

  Client Component 
SSR:
    ./Downloads/backen
d-hub-api/node_modules
/@recurly/react-recurl
y/lib-dist/element/car
d.js [Client 
Component SSR]
    ./Downloads/backen
d-hub-api/node_modules
/@recurly/react-recurl
y/lib-dist/index.js 
[Client Component SSR]
    ./Downloads/backen
d-hub-api/src/app/page
.tsx [Client 
Component SSR]
    ./Downloads/backen
d-hub-api/src/app/page
.tsx [Server 
Component]

https://nextjs.org/doc
s/messages/module-not-
found


./Downloads/backend-hu
b-api/node_modules/@re
curly/react-recurly/li
b-dist/element/element
.js:13:47
Module not found: 
Can't resolve '@babel/
runtime/helpers/getPro
totypeOf'
[0m [90m 11 |[39m 
[36mvar[39m 
_inherits2 
[33m=[39m _interopRe
quireDefault(require(
[32m"@babel/runtime/he
lpers/inherits"[39m))
[33m;[39m
 [90m 12 |[39m 
[36mvar[39m _possibl
eConstructorReturn2 
[33m=[39m _interopRe
quireDefault(require(
[32m"@babel/runtime/he
lpers/possibleConstruc
torReturn"[39m))[33m
;[39m
[31m[1m>[22m[39m[
90m 13 |[39m 
[36mvar[39m 
_getPrototypeOf2 
[33m=[39m _interopRe
quireDefault(require(
[32m"@babel/runtime/he
lpers/getPrototypeOf"
[39m))[33m;[39m
 [90m    |[39m      
                      
                   [3
1m[1m^[22m[39m[31m
[1m^[22m[39m[31m[
1m^[22m[39m[31m[1m
^[22m[39m[31m[1m^
[22m[39m[31m[1m^[2
2m[39m[31m[1m^[22m
[39m[31m[1m^[22m[
39m[31m[1m^[22m[39
m[31m[1m^[22m[39m
[31m[1m^[22m[39m[3
1m[1m^[22m[39m[31m
[1m^[22m[39m[31m[
1m^[22m[39m[31m[1m
^[22m[39m[31m[1m^
[22m[39m[31m[1m^[2
2m[39m[31m[1m^[22m
[39m[31m[1m^[22m[
39m[31m[1m^[22m[39
m[31m[1m^[22m[39m
[31m[1m^[22m[39m[3
1m[1m^[22m[39m[31m
[1m^[22m[39m[31m[
1m^[22m[39m[31m[1m
^[22m[39m[31m[1m^
[22m[39m[31m[1m^[2
2m[39m[31m[1m^[22m
[39m[31m[1m^[22m[
39m[31m[1m^[22m[39
m[31m[1m^[22m[39m
[31m[1m^[22m[39m[3
1m[1m^[22m[39m[31m
[1m^[22m[39m[31m[
1m^[22m[39m[31m[1m
^[22m[39m[31m[1m^
[22m[39m[31m[1m^[2
2m[39m[31m[1m^[22m
[39m[31m[1m^[22m[
39m[31m[1m^[22m[39
m[31m[1m^[22m[39m
[31m[1m^[22m[39m[3
1m[1m^[22m[39m[31m
[1m^[22m[39m[31m[
1m^[22m[39m[31m[1m
^[22m[39m
 [90m 14 |[39m 
[36mvar[39m 
_defineProperty2 
[33m=[39m _interopRe
quireDefault(require(
[32m"@babel/runtime/he
lpers/defineProperty"
[39m))[33m;[39m
 [90m 15 |[39m 
[36mvar[39m _objectW
ithoutProperties2 
[33m=[39m _interopRe
quireDefault(require(
[32m"@babel/runtime/he
lpers/objectWithoutPro
perties"[39m))[33m;
[39m
 [90m 16 |[39m 
[36mvar[39m _react 
[33m=[39m _interopRe
quireDefault(require(
[32m"react"[39m))[33
m;[39m[0m



Import traces:
  Client Component 
Browser:
    ./Downloads/backen
d-hub-api/node_modules
/@recurly/react-recurl
y/lib-dist/element/ele
ment.js [Client 
Component Browser]
    ./Downloads/backen
d-hub-api/node_modules
/@recurly/react-recurl
y/lib-dist/element/car
d-cvv.js [Client 
Component Browser]
    ./Downloads/backen
d-hub-api/node_modules
/@recurly/react-recurl
y/lib-dist/index.js 
[Client Component 
Browser]
    ./Downloads/backen
d-hub-api/src/app/page
.tsx [Client 
Component Browser]
    ./Downloads/backen
d-hub-api/src/app/page
.tsx [Server 
Component]

  Client Component 
SSR:
    ./Downloads/backen
d-hub-api/node_modules
/@recurly/react-recurl
y/lib-dist/element/ele
ment.js [Client 
Component SSR]
    ./Downloads/backen
d-hub-api/node_modules
/@recurly/react-recurl
y/lib-dist/element/car
d-cvv.js [Client 
Component SSR]
    ./Downloads/backen
d-hub-api/node_modules
/@recurly/react-recurl
y/lib-dist/index.js 
[Client Component SSR]
    ./Downloads/backen
d-hub-api/src/app/page
.tsx [Client 
Component SSR]
    ./Downloads/backen
d-hub-api/src/app/page
.tsx [Server 
Component]

https://nextjs.org/doc
s/messages/module-not-
found


./Downloads/backend-hu
b-api/node_modules/@re
curly/react-recurly/li
b-dist/elements.js:12:
47
Module not found: 
Can't resolve '@babel/
runtime/helpers/getPro
totypeOf'
[0m [90m 10 |[39m 
[36mvar[39m 
_inherits2 
[33m=[39m _interopRe
quireDefault(require(
[32m"@babel/runtime/he
lpers/inherits"[39m))
[33m;[39m
 [90m 11 |[39m 
[36mvar[39m _possibl
eConstructorReturn2 
[33m=[39m _interopRe
quireDefault(require(
[32m"@babel/runtime/he
lpers/possibleConstruc
torReturn"[39m))[33m
;[39m
[31m[1m>[22m[39m[
90m 12 |[39m 
[36mvar[39m 
_getPrototypeOf2 
[33m=[39m _interopRe
quireDefault(require(
[32m"@babel/runtime/he
lpers/getPrototypeOf"
[39m))[33m;[39m
 [90m    |[39m      
                      
                   [3
1m[1m^[22m[39m[31m
[1m^[22m[39m[31m[
1m^[22m[39m[31m[1m
^[22m[39m[31m[1m^
[22m[39m[31m[1m^[2
2m[39m[31m[1m^[22m
[39m[31m[1m^[22m[
39m[31m[1m^[22m[39
m[31m[1m^[22m[39m
[31m[1m^[22m[39m[3
1m[1m^[22m[39m[31m
[1m^[22m[39m[31m[
1m^[22m[39m[31m[1m
^[22m[39m[31m[1m^
[22m[39m[31m[1m^[2
2m[39m[31m[1m^[22m
[39m[31m[1m^[22m[
39m[31m[1m^[22m[39
m[31m[1m^[22m[39m
[31m[1m^[22m[39m[3
1m[1m^[22m[39m[31m
[1m^[22m[39m[31m[
1m^[22m[39m[31m[1m
^[22m[39m[31m[1m^
[22m[39m[31m[1m^[2
2m[39m[31m[1m^[22m
[39m[31m[1m^[22m[
39m[31m[1m^[22m[39
m[31m[1m^[22m[39m
[31m[1m^[22m[39m[3
1m[1m^[22m[39m[31m
[1m^[22m[39m[31m[
1m^[22m[39m[31m[1m
^[22m[39m[31m[1m^
[22m[39m[31m[1m^[2
2m[39m[31m[1m^[22m
[39m[31m[1m^[22m[
39m[31m[1m^[22m[39
m[31m[1m^[22m[39m
[31m[1m^[22m[39m[3
1m[1m^[22m[39m[31m
[1m^[22m[39m[31m[
1m^[22m[39m[31m[1m
^[22m[39m
 [90m 13 |[39m 
[36mvar[39m 
_defineProperty2 
[33m=[39m _interopRe
quireDefault(require(
[32m"@babel/runtime/he
lpers/defineProperty"
[39m))[33m;[39m
 [90m 14 |[39m 
[36mvar[39m _react 
[33m=[39m _interopRe
quireDefault(require(
[32m"react"[39m))[33
m;[39m
 [90m 15 |[39m 
[36mvar[39m 
_propTypes 
[33m=[39m _interopRe
quireDefault(require(
[32m"prop-types"[39m)
)[33m;[39m[0m



Import traces:
  Client Component 
Browser:
    ./Downloads/backen
d-hub-api/node_modules
/@recurly/react-recurl
y/lib-dist/elements.js
 [Client Component 
Browser]
    ./Downloads/backen
d-hub-api/node_modules
/@recurly/react-recurl
y/lib-dist/index.js 
[Client Component 
Browser]
    ./Downloads/backen
d-hub-api/src/app/page
.tsx [Client 
Component Browser]
    ./Downloads/backen
d-hub-api/src/app/page
.tsx [Server 
Component]

  Client Component 
SSR:
    ./Downloads/backen
d-hub-api/node_modules
/@recurly/react-recurl
y/lib-dist/elements.js
 [Client Component 
SSR]
    ./Downloads/backen
d-hub-api/node_modules
/@recurly/react-recurl
y/lib-dist/index.js 
[Client Component SSR]
    ./Downloads/backen
d-hub-api/src/app/page
.tsx [Client 
Component SSR]
    ./Downloads/backen
d-hub-api/src/app/page
.tsx [Server 
Component]

https://nextjs.org/doc
s/messages/module-not-
found


./Downloads/backend-hu
b-api/node_modules/@re
curly/react-recurly/li
b-dist/provider.js:13:
47
Module not found: 
Can't resolve '@babel/
runtime/helpers/getPro
totypeOf'
[0m [90m 11 |[39m 
[36mvar[39m 
_inherits2 
[33m=[39m _interopRe
quireDefault(require(
[32m"@babel/runtime/he
lpers/inherits"[39m))
[33m;[39m
 [90m 12 |[39m 
[36mvar[39m _possibl
eConstructorReturn2 
[33m=[39m _interopRe
quireDefault(require(
[32m"@babel/runtime/he
lpers/possibleConstruc
torReturn"[39m))[33m
;[39m
[31m[1m>[22m[39m[
90m 13 |[39m 
[36mvar[39m 
_getPrototypeOf2 
[33m=[39m _interopRe
quireDefault(require(
[32m"@babel/runtime/he
lpers/getPrototypeOf"
[39m))[33m;[39m
 [90m    |[39m      
                      
                   [3
1m[1m^[22m[39m[31m
[1m^[22m[39m[31m[
1m^[22m[39m[31m[1m
^[22m[39m[31m[1m^
[22m[39m[31m[1m^[2
2m[39m[31m[1m^[22m
[39m[31m[1m^[22m[
39m[31m[1m^[22m[39
m[31m[1m^[22m[39m
[31m[1m^[22m[39m[3
1m[1m^[22m[39m[31m
[1m^[22m[39m[31m[
1m^[22m[39m[31m[1m
^[22m[39m[31m[1m^
[22m[39m[31m[1m^[2
2m[39m[31m[1m^[22m
[39m[31m[1m^[22m[
39m[31m[1m^[22m[39
m[31m[1m^[22m[39m
[31m[1m^[22m[39m[3
1m[1m^[22m[39m[31m
[1m^[22m[39m[31m[
1m^[22m[39m[31m[1m
^[22m[39m[31m[1m^
[22m[39m[31m[1m^[2
2m[39m[31m[1m^[22m
[39m[31m[1m^[22m[
39m[31m[1m^[22m[39
m[31m[1m^[22m[39m
[31m[1m^[22m[39m[3
1m[1m^[22m[39m[31m
[1m^[22m[39m[31m[
1m^[22m[39m[31m[1m
^[22m[39m[31m[1m^
[22m[39m[31m[1m^[2
2m[39m[31m[1m^[22m
[39m[31m[1m^[22m[
39m[31m[1m^[22m[39
m[31m[1m^[22m[39m
[31m[1m^[22m[39m[3
1m[1m^[22m[39m[31m
[1m^[22m[39m[31m[
1m^[22m[39m[31m[1m
^[22m[39m
 [90m 14 |[39m 
[36mvar[39m 
_defineProperty2 
[33m=[39m _interopRe
quireDefault(require(
[32m"@babel/runtime/he
lpers/defineProperty"
[39m))[33m;[39m
 [90m 15 |[39m 
[36mvar[39m _react 
[33m=[39m _interopRe
quireDefault(require(
[32m"react"[39m))[33
m;[39m
 [90m 16 |[39m 
[36mvar[39m 
_propTypes 
[33m=[39m _interopRe
quireDefault(require(
[32m"prop-types"[39m)
)[33m;[39m[0m



Import traces:
  Client Component 
Browser:
    ./Downloads/backen
d-hub-api/node_modules
/@recurly/react-recurl
y/lib-dist/provider.js
 [Client Component 
Browser]
    ./Downloads/backen
d-hub-api/node_modules
/@recurly/react-recurl
y/lib-dist/index.js 
[Client Component 
Browser]
    ./Downloads/backen
d-hub-api/src/app/page
.tsx [Client 
Component Browser]
    ./Downloads/backen
d-hub-api/src/app/page
.tsx [Server 
Component]

  Client Component 
SSR:
    ./Downloads/backen
d-hub-api/node_modules
/@recurly/react-recurl
y/lib-dist/provider.js
 [Client Component 
SSR]
    ./Downloads/backen
d-hub-api/node_modules
/@recurly/react-recurl
y/lib-dist/index.js 
[Client Component SSR]
    ./Downloads/backen
d-hub-api/src/app/page
.tsx [Client 
Component SSR]
    ./Downloads/backen
d-hub-api/src/app/page
.tsx [Server 
Component]

https://nextjs.org/doc
s/messages/module-not-
found


./Downloads/backend-hu
b-api/node_modules/@re
curly/react-recurly/li
b-dist/risk-data-colle
ctor.js:12:47
Module not found: 
Can't resolve '@babel/
runtime/helpers/getPro
totypeOf'
[0m [90m 10 |[39m 
[36mvar[39m 
_inherits2 
[33m=[39m _interopRe
quireDefault(require(
[32m"@babel/runtime/he
lpers/inherits"[39m))
[33m;[39m
 [90m 11 |[39m 
[36mvar[39m _possibl
eConstructorReturn2 
[33m=[39m _interopRe
quireDefault(require(
[32m"@babel/runtime/he
lpers/possibleConstruc
torReturn"[39m))[33m
;[39m
[31m[1m>[22m[39m[
90m 12 |[39m 
[36mvar[39m 
_getPrototypeOf2 
[33m=[39m _interopRe
quireDefault(require(
[32m"@babel/runtime/he
lpers/getPrototypeOf"
[39m))[33m;[39m
 [90m    |[39m      
                      
                   [3
1m[1m^[22m[39m[31m
[1m^[22m[39m[31m[
1m^[22m[39m[31m[1m
^[22m[39m[31m[1m^
[22m[39m[31m[1m^[2
2m[39m[31m[1m^[22m
[39m[31m[1m^[22m[
39m[31m[1m^[22m[39
m[31m[1m^[22m[39m
[31m[1m^[22m[39m[3
1m[1m^[22m[39m[31m
[1m^[22m[39m[31m[
1m^[22m[39m[31m[1m
^[22m[39m[31m[1m^
[22m[39m[31m[1m^[2
2m[39m[31m[1m^[22m
[39m[31m[1m^[22m[
39m[31m[1m^[22m[39
m[31m[1m^[22m[39m
[31m[1m^[22m[39m[3
1m[1m^[22m[39m[31m
[1m^[22m[39m[31m[
1m^[22m[39m[31m[1m
^[22m[39m[31m[1m^
[22m[39m[31m[1m^[2
2m[39m[31m[1m^[22m
[39m[31m[1m^[22m[
39m[31m[1m^[22m[39
m[31m[1m^[22m[39m
[31m[1m^[22m[39m[3
1m[1m^[22m[39m[31m
[1m^[22m[39m[31m[
1m^[22m[39m[31m[1m
^[22m[39m[31m[1m^
[22m[39m[31m[1m^[2
2m[39m[31m[1m^[22m
[39m[31m[1m^[22m[
39m[31m[1m^[22m[39
m[31m[1m^[22m[39m
[31m[1m^[22m[39m[3
1m[1m^[22m[39m[31m
[1m^[22m[39m[31m[
1m^[22m[39m[31m[1m
^[22m[39m
 [90m 13 |[39m 
[36mvar[39m 
_defineProperty2 
[33m=[39m _interopRe
quireDefault(require(
[32m"@babel/runtime/he
lpers/defineProperty"
[39m))[33m;[39m
 [90m 14 |[39m 
[36mvar[39m _react 
[33m=[39m _interopRe
quireDefault(require(
[32m"react"[39m))[33
m;[39m
 [90m 15 |[39m 
[36mvar[39m 
_propTypes 
[33m=[39m _interopRe
quireDefault(require(
[32m"prop-types"[39m)
)[33m;[39m[0m



Import traces:
  Client Component 
Browser:
    ./Downloads/backen
d-hub-api/node_modules
/@recurly/react-recurl
y/lib-dist/risk-data-c
ollector.js [Client 
Component Browser]
    ./Downloads/backen
d-hub-api/node_modules
/@recurly/react-recurl
y/lib-dist/index.js 
[Client Component 
Browser]
    ./Downloads/backen
d-hub-api/src/app/page
.tsx [Client 
Component Browser]
    ./Downloads/backen
d-hub-api/src/app/page
.tsx [Server 
Component]

  Client Component 
SSR:
    ./Downloads/backen
d-hub-api/node_modules
/@recurly/react-recurl
y/lib-dist/risk-data-c
ollector.js [Client 
Component SSR]
    ./Downloads/backen
d-hub-api/node_modules
/@recurly/react-recurl
y/lib-dist/index.js 
[Client Component SSR]
    ./Downloads/backen
d-hub-api/src/app/page
.tsx [Client 
Component SSR]
    ./Downloads/backen
d-hub-api/src/app/page
.tsx [Server 
Component]

https://nextjs.org/doc
s/messages/module-not-
found


./Downloads/backend-hu
b-api/node_modules/@re
curly/react-recurly/li
b-dist/three-d-secure-
action.js:12:47
Module not found: 
Can't resolve '@babel/
runtime/helpers/getPro
totypeOf'
[0m [90m 10 |[39m 
[36mvar[39m 
_inherits2 
[33m=[39m _interopRe
quireDefault(require(
[32m"@babel/runtime/he
lpers/inherits"[39m))
[33m;[39m
 [90m 11 |[39m 
[36mvar[39m _possibl
eConstructorReturn2 
[33m=[39m _interopRe
quireDefault(require(
[32m"@babel/runtime/he
lpers/possibleConstruc
torReturn"[39m))[33m
;[39m
[31m[1m>[22m[39m[
90m 12 |[39m 
[36mvar[39m 
_getPrototypeOf2 
[33m=[39m _interopRe
quireDefault(require(
[32m"@babel/runtime/he
lpers/getPrototypeOf"
[39m))[33m;[39m
 [90m    |[39m      
                      
                   [3
1m[1m^[22m[39m[31m
[1m^[22m[39m[31m[
1m^[22m[39m[31m[1m
^[22m[39m[31m[1m^
[22m[39m[31m[1m^[2
2m[39m[31m[1m^[22m
[39m[31m[1m^[22m[
39m[31m[1m^[22m[39
m[31m[1m^[22m[39m
[31m[1m^[22m[39m[3
1m[1m^[22m[39m[31m
[1m^[22m[39m[31m[
1m^[22m[39m[31m[1m
^[22m[39m[31m[1m^
[22m[39m[31m[1m^[2
2m[39m[31m[1m^[22m
[39m[31m[1m^[22m[
39m[31m[1m^[22m[39
m[31m[1m^[22m[39m
[31m[1m^[22m[39m[3
1m[1m^[22m[39m[31m
[1m^[22m[39m[31m[
1m^[22m[39m[31m[1m
^[22m[39m[31m[1m^
[22m[39m[31m[1m^[2
2m[39m[31m[1m^[22m
[39m[31m[1m^[22m[
39m[31m[1m^[22m[39
m[31m[1m^[22m[39m
[31m[1m^[22m[39m[3
1m[1m^[22m[39m[31m
[1m^[22m[39m[31m[
1m^[22m[39m[31m[1m
^[22m[39m[31m[1m^
[22m[39m[31m[1m^[2
2m[39m[31m[1m^[22m
[39m[31m[1m^[22m[
39m[31m[1m^[22m[39
m[31m[1m^[22m[39m
[31m[1m^[22m[39m[3
1m[1m^[22m[39m[31m
[1m^[22m[39m[31m[
1m^[22m[39m[31m[1m
^[22m[39m
 [90m 13 |[39m 
[36mvar[39m 
_defineProperty2 
[33m=[39m _interopRe
quireDefault(require(
[32m"@babel/runtime/he
lpers/defineProperty"
[39m))[33m;[39m
 [90m 14 |[39m 
[36mvar[39m _react 
[33m=[39m _interopRe
quireDefault(require(
[32m"react"[39m))[33
m;[39m
 [90m 15 |[39m 
[36mvar[39m 
_propTypes 
[33m=[39m _interopRe
quireDefault(require(
[32m"prop-types"[39m)
)[33m;[39m[0m



Import traces:
  Client Component 
Browser:
    ./Downloads/backen
d-hub-api/node_modules
/@recurly/react-recurl
y/lib-dist/three-d-sec
ure-action.js [Client 
Component Browser]
    ./Downloads/backen
d-hub-api/node_modules
/@recurly/react-recurl
y/lib-dist/index.js 
[Client Component 
Browser]
    ./Downloads/backen
d-hub-api/src/app/page
.tsx [Client 
Component Browser]
    ./Downloads/backen
d-hub-api/src/app/page
.tsx [Server 
Component]

  Client Component 
SSR:
    ./Downloads/backen
d-hub-api/node_modules
/@recurly/react-recurl
y/lib-dist/three-d-sec
ure-action.js [Client 
Component SSR]
    ./Downloads/backen
d-hub-api/node_modules
/@recurly/react-recurl
y/lib-dist/index.js 
[Client Component SSR]
    ./Downloads/backen
d-hub-api/src/app/page
.tsx [Client 
Component SSR]
    ./Downloads/backen
d-hub-api/src/app/page
.tsx [Server 
Component]

https://nextjs.org/doc
s/messages/module-not-
found


./Downloads/backend-hu
b-api/node_modules/@re
curly/react-recurly/li
b-dist/element/card-cv
v.js:10:41
Module not found: 
Can't resolve '@babel/
runtime/helpers/inheri
ts'
[0m [90m  8 |[39m 
[36mvar[39m 
_createClass2 
[33m=[39m _interopRe
quireDefault(require(
[32m"@babel/runtime/he
lpers/createClass"[39
m))[33m;[39m
 [90m  9 |[39m 
[36mvar[39m 
_classCallCheck2 
[33m=[39m _interopRe
quireDefault(require(
[32m"@babel/runtime/he
lpers/classCallCheck"
[39m))[33m;[39m
[31m[1m>[22m[39m[
90m 10 |[39m 
[36mvar[39m 
_inherits2 
[33m=[39m _interopRe
quireDefault(require(
[32m"@babel/runtime/he
lpers/inherits"[39m))
[33m;[39m
 [90m    |[39m      
                      
             [31m[1m
^[22m[39m[31m[1m^
[22m[39m[31m[1m^[2
2m[39m[31m[1m^[22m
[39m[31m[1m^[22m[
39m[31m[1m^[22m[39
m[31m[1m^[22m[39m
[31m[1m^[22m[39m[3
1m[1m^[22m[39m[31m
[1m^[22m[39m[31m[
1m^[22m[39m[31m[1m
^[22m[39m[31m[1m^
[22m[39m[31m[1m^[2
2m[39m[31m[1m^[22m
[39m[31m[1m^[22m[
39m[31m[1m^[22m[39
m[31m[1m^[22m[39m
[31m[1m^[22m[39m[3
1m[1m^[22m[39m[31m
[1m^[22m[39m[31m[
1m^[22m[39m[31m[1m
^[22m[39m[31m[1m^
[22m[39m[31m[1m^[2
2m[39m[31m[1m^[22m
[39m[31m[1m^[22m[
39m[31m[1m^[22m[39
m[31m[1m^[22m[39m
[31m[1m^[22m[39m[3
1m[1m^[22m[39m[31m
[1m^[22m[39m[31m[
1m^[22m[39m[31m[1m
^[22m[39m[31m[1m^
[22m[39m[31m[1m^[2
2m[39m[31m[1m^[22m
[39m[31m[1m^[22m[
39m[31m[1m^[22m[39
m[31m[1m^[22m[39m
[31m[1m^[22m[39m[3
1m[1m^[22m[39m
 [90m 11 |[39m 
[36mvar[39m _possibl
eConstructorReturn2 
[33m=[39m _interopRe
quireDefault(require(
[32m"@babel/runtime/he
lpers/possibleConstruc
torReturn"[39m))[33m
;[39m
 [90m 12 |[39m 
[36mvar[39m 
_getPrototypeOf2 
[33m=[39m _interopRe
quireDefault(require(
[32m"@babel/runtime/he
lpers/getPrototypeOf"
[39m))[33m;[39m
 [90m 13 |[39m 
[36mvar[39m 
_defineProperty2 
[33m=[39m _interopRe
quireDefault(require(
[32m"@babel/runtime/he
lpers/defineProperty"
[39m))[33m;[39m[0m



Import traces:
  Client Component 
Browser:
    ./Downloads/backen
d-hub-api/node_modules
/@recurly/react-recurl
y/lib-dist/element/car
d-cvv.js [Client 
Component Browser]
    ./Downloads/backen
d-hub-api/node_modules
/@recurly/react-recurl
y/lib-dist/index.js 
[Client Component 
Browser]
    ./Downloads/backen
d-hub-api/src/app/page
.tsx [Client 
Component Browser]
    ./Downloads/backen
d-hub-api/src/app/page
.tsx [Server 
Component]

  Client Component 
SSR:
    ./Downloads/backen
d-hub-api/node_modules
/@recurly/react-recurl
y/lib-dist/element/car
d-cvv.js [Client 
Component SSR]
    ./Downloads/backen
d-hub-api/node_modules
/@recurly/react-recurl
y/lib-dist/index.js 
[Client Component SSR]
    ./Downloads/backen
d-hub-api/src/app/page
.tsx [Client 
Component SSR]
    ./Downloads/backen
d-hub-api/src/app/page
.tsx [Server 
Component]

https://nextjs.org/doc
s/messages/module-not-
found


./Downloads/backend-hu
b-api/node_modules/@re
curly/react-recurly/li
b-dist/element/card-mo
nth.js:10:41
Module not found: 
Can't resolve '@babel/
runtime/helpers/inheri
ts'
[0m [90m  8 |[39m 
[36mvar[39m 
_createClass2 
[33m=[39m _interopRe
quireDefault(require(
[32m"@babel/runtime/he
lpers/createClass"[39
m))[33m;[39m
 [90m  9 |[39m 
[36mvar[39m 
_classCallCheck2 
[33m=[39m _interopRe
quireDefault(require(
[32m"@babel/runtime/he
lpers/classCallCheck"
[39m))[33m;[39m
[31m[1m>[22m[39m[
90m 10 |[39m 
[36mvar[39m 
_inherits2 
[33m=[39m _interopRe
quireDefault(require(
[32m"@babel/runtime/he
lpers/inherits"[39m))
[33m;[39m
 [90m    |[39m      
                      
             [31m[1m
^[22m[39m[31m[1m^
[22m[39m[31m[1m^[2
2m[39m[31m[1m^[22m
[39m[31m[1m^[22m[
39m[31m[1m^[22m[39
m[31m[1m^[22m[39m
[31m[1m^[22m[39m[3
1m[1m^[22m[39m[31m
[1m^[22m[39m[31m[
1m^[22m[39m[31m[1m
^[22m[39m[31m[1m^
[22m[39m[31m[1m^[2
2m[39m[31m[1m^[22m
[39m[31m[1m^[22m[
39m[31m[1m^[22m[39
m[31m[1m^[22m[39m
[31m[1m^[22m[39m[3
1m[1m^[22m[39m[31m
[1m^[22m[39m[31m[
1m^[22m[39m[31m[1m
^[22m[39m[31m[1m^
[22m[39m[31m[1m^[2
2m[39m[31m[1m^[22m
[39m[31m[1m^[22m[
39m[31m[1m^[22m[39
m[31m[1m^[22m[39m
[31m[1m^[22m[39m[3
1m[1m^[22m[39m[31m
[1m^[22m[39m[31m[
1m^[22m[39m[31m[1m
^[22m[39m[31m[1m^
[22m[39m[31m[1m^[2
2m[39m[31m[1m^[22m
[39m[31m[1m^[22m[
39m[31m[1m^[22m[39
m[31m[1m^[22m[39m
[31m[1m^[22m[39m[3
1m[1m^[22m[39m
 [90m 11 |[39m 
[36mvar[39m _possibl
eConstructorReturn2 
[33m=[39m _interopRe
quireDefault(require(
[32m"@babel/runtime/he
lpers/possibleConstruc
torReturn"[39m))[33m
;[39m
 [90m 12 |[39m 
[36mvar[39m 
_getPrototypeOf2 
[33m=[39m _interopRe
quireDefault(require(
[32m"@babel/runtime/he
lpers/getPrototypeOf"
[39m))[33m;[39m
 [90m 13 |[39m 
[36mvar[39m 
_defineProperty2 
[33m=[39m _interopRe
quireDefault(require(
[32m"@babel/runtime/he
lpers/defineProperty"
[39m))[33m;[39m[0m



Import traces:
  Client Component 
Browser:
    ./Downloads/backen
d-hub-api/node_modules
/@recurly/react-recurl
y/lib-dist/element/car
d-month.js [Client 
Component Browser]
    ./Downloads/backen
d-hub-api/node_modules
/@recurly/react-recurl
y/lib-dist/index.js 
[Client Component 
Browser]
    ./Downloads/backen
d-hub-api/src/app/page
.tsx [Client 
Component Browser]
    ./Downloads/backen
d-hub-api/src/app/page
.tsx [Server 
Component]

  Client Component 
SSR:
    ./Downloads/backen
d-hub-api/node_modules
/@recurly/react-recurl
y/lib-dist/element/car
d-month.js [Client 
Component SSR]
    ./Downloads/backen
d-hub-api/node_modules
/@recurly/react-recurl
y/lib-dist/index.js 
[Client Component SSR]
    ./Downloads/backen
d-hub-api/src/app/page
.tsx [Client 
Component SSR]
    ./Downloads/backen
d-hub-api/src/app/page
.tsx [Server 
Component]

https://nextjs.org/doc
s/messages/module-not-
found


./Downloads/backend-hu
b-api/node_modules/@re
curly/react-recurly/li
b-dist/element/card-nu
mber.js:10:41
Module not found: 
Can't resolve '@babel/
runtime/helpers/inheri
ts'
[0m [90m  8 |[39m 
[36mvar[39m 
_createClass2 
[33m=[39m _interopRe
quireDefault(require(
[32m"@babel/runtime/he
lpers/createClass"[39
m))[33m;[39m
 [90m  9 |[39m 
[36mvar[39m 
_classCallCheck2 
[33m=[39m _interopRe
quireDefault(require(
[32m"@babel/runtime/he
lpers/classCallCheck"
[39m))[33m;[39m
[31m[1m>[22m[39m[
90m 10 |[39m 
[36mvar[39m 
_inherits2 
[33m=[39m _interopRe
quireDefault(require(
[32m"@babel/runtime/he
lpers/inherits"[39m))
[33m;[39m
 [90m    |[39m      
                      
             [31m[1m
^[22m[39m[31m[1m^
[22m[39m[31m[1m^[2
2m[39m[31m[1m^[22m
[39m[31m[1m^[22m[
39m[31m[1m^[22m[39
m[31m[1m^[22m[39m
[31m[1m^[22m[39m[3
1m[1m^[22m[39m[31m
[1m^[22m[39m[31m[
1m^[22m[39m[31m[1m
^[22m[39m[31m[1m^
[22m[39m[31m[1m^[2
2m[39m[31m[1m^[22m
[39m[31m[1m^[22m[
39m[31m[1m^[22m[39
m[31m[1m^[22m[39m
[31m[1m^[22m[39m[3
1m[1m^[22m[39m[31m
[1m^[22m[39m[31m[
1m^[22m[39m[31m[1m
^[22m[39m[31m[1m^
[22m[39m[31m[1m^[2
2m[39m[31m[1m^[22m
[39m[31m[1m^[22m[
39m[31m[1m^[22m[39
m[31m[1m^[22m[39m
[31m[1m^[22m[39m[3
1m[1m^[22m[39m[31m
[1m^[22m[39m[31m[
1m^[22m[39m[31m[1m
^[22m[39m[31m[1m^
[22m[39m[31m[1m^[2
2m[39m[31m[1m^[22m
[39m[31m[1m^[22m[
39m[31m[1m^[22m[39
m[31m[1m^[22m[39m
[31m[1m^[22m[39m[3
1m[1m^[22m[39m
 [90m 11 |[39m 
[36mvar[39m _possibl
eConstructorReturn2 
[33m=[39m _interopRe
quireDefault(require(
[32m"@babel/runtime/he
lpers/possibleConstruc
torReturn"[39m))[33m
;[39m
 [90m 12 |[39m 
[36mvar[39m 
_getPrototypeOf2 
[33m=[39m _interopRe
quireDefault(require(
[32m"@babel/runtime/he
lpers/getPrototypeOf"
[39m))[33m;[39m
 [90m 13 |[39m 
[36mvar[39m 
_defineProperty2 
[33m=[39m _interopRe
quireDefault(require(
[32m"@babel/runtime/he
lpers/defineProperty"
[39m))[33m;[39m[0m



Import traces:
  Client Component 
Browser:
    ./Downloads/backen
d-hub-api/node_modules
/@recurly/react-recurl
y/lib-dist/element/car
d-number.js [Client 
Component Browser]
    ./Downloads/backen
d-hub-api/node_modules
/@recurly/react-recurl
y/lib-dist/index.js 
[Client Component 
Browser]
    ./Downloads/backen
d-hub-api/src/app/page
.tsx [Client 
Component Browser]
    ./Downloads/backen
d-hub-api/src/app/page
.tsx [Server 
Component]

  Client Component 
SSR:
    ./Downloads/backen
d-hub-api/node_modules
/@recurly/react-recurl
y/lib-dist/element/car
d-number.js [Client 
Component SSR]
    ./Downloads/backen
d-hub-api/node_modules
/@recurly/react-recurl
y/lib-dist/index.js 
[Client Component SSR]
    ./Downloads/backen
d-hub-api/src/app/page
.tsx [Client 
Component SSR]
    ./Downloads/backen
d-hub-api/src/app/page
.tsx [Server 
Component]

https://nextjs.org/doc
s/messages/module-not-
found


./Downloads/backend-hu
b-api/node_modules/@re
curly/react-recurly/li
b-dist/element/card-ye
ar.js:10:41
Module not found: 
Can't resolve '@babel/
runtime/helpers/inheri
ts'
[0m [90m  8 |[39m 
[36mvar[39m 
_createClass2 
[33m=[39m _interopRe
quireDefault(require(
[32m"@babel/runtime/he
lpers/createClass"[39
m))[33m;[39m
 [90m  9 |[39m 
[36mvar[39m 
_classCallCheck2 
[33m=[39m _interopRe
quireDefault(require(
[32m"@babel/runtime/he
lpers/classCallCheck"
[39m))[33m;[39m
[31m[1m>[22m[39m[
90m 10 |[39m 
[36mvar[39m 
_inherits2 
[33m=[39m _interopRe
quireDefault(require(
[32m"@babel/runtime/he
lpers/inherits"[39m))
[33m;[39m
 [90m    |[39m      
                      
             [31m[1m
^[22m[39m[31m[1m^
[22m[39m[31m[1m^[2
2m[39m[31m[1m^[22m
[39m[31m[1m^[22m[
39m[31m[1m^[22m[39
m[31m[1m^[22m[39m
[31m[1m^[22m[39m[3
1m[1m^[22m[39m[31m
[1m^[22m[39m[31m[
1m^[22m[39m[31m[1m
^[22m[39m[31m[1m^
[22m[39m[31m[1m^[2
2m[39m[31m[1m^[22m
[39m[31m[1m^[22m[
39m[31m[1m^[22m[39
m[31m[1m^[22m[39m
[31m[1m^[22m[39m[3
1m[1m^[22m[39m[31m
[1m^[22m[39m[31m[
1m^[22m[39m[31m[1m
^[22m[39m[31m[1m^
[22m[39m[31m[1m^[2
2m[39m[31m[1m^[22m
[39m[31m[1m^[22m[
39m[31m[1m^[22m[39
m[31m[1m^[22m[39m
[31m[1m^[22m[39m[3
1m[1m^[22m[39m[31m
[1m^[22m[39m[31m[
1m^[22m[39m[31m[1m
^[22m[39m[31m[1m^
[22m[39m[31m[1m^[2
2m[39m[31m[1m^[22m
[39m[31m[1m^[22m[
39m[31m[1m^[22m[39
m[31m[1m^[22m[39m
[31m[1m^[22m[39m[3
1m[1m^[22m[39m
 [90m 11 |[39m 
[36mvar[39m _possibl
eConstructorReturn2 
[33m=[39m _interopRe
quireDefault(require(
[32m"@babel/runtime/he
lpers/possibleConstruc
torReturn"[39m))[33m
;[39m
 [90m 12 |[39m 
[36mvar[39m 
_getPrototypeOf2 
[33m=[39m _interopRe
quireDefault(require(
[32m"@babel/runtime/he
lpers/getPrototypeOf"
[39m))[33m;[39m
 [90m 13 |[39m 
[36mvar[39m 
_defineProperty2 
[33m=[39m _interopRe
quireDefault(require(
[32m"@babel/runtime/he
lpers/defineProperty"
[39m))[33m;[39m[0m



Import traces:
  Client Component 
Browser:
    ./Downloads/backen
d-hub-api/node_modules
/@recurly/react-recurl
y/lib-dist/element/car
d-year.js [Client 
Component Browser]
    ./Downloads/backen
d-hub-api/node_modules
/@recurly/react-recurl
y/lib-dist/index.js 
[Client Component 
Browser]
    ./Downloads/backen
d-hub-api/src/app/page
.tsx [Client 
Component Browser]
    ./Downloads/backen
d-hub-api/src/app/page
.tsx [Server 
Component]

  Client Component 
SSR:
    ./Downloads/backen
d-hub-api/node_modules
/@recurly/react-recurl
y/lib-dist/element/car
d-year.js [Client 
Component SSR]
    ./Downloads/backen
d-hub-api/node_modules
/@recurly/react-recurl
y/lib-dist/index.js 
[Client Component SSR]
    ./Downloads/backen
d-hub-api/src/app/page
.tsx [Client 
Component SSR]
    ./Downloads/backen
d-hub-api/src/app/page
.tsx [Server 
Component]

https://nextjs.org/doc
s/messages/module-not-
found


./Downloads/backend-hu
b-api/node_modules/@re
curly/react-recurly/li
b-dist/element/card.js
:10:41
Module not found: 
Can't resolve '@babel/
runtime/helpers/inheri
ts'
[0m [90m  8 |[39m 
[36mvar[39m 
_createClass2 
[33m=[39m _interopRe
quireDefault(require(
[32m"@babel/runtime/he
lpers/createClass"[39
m))[33m;[39m
 [90m  9 |[39m 
[36mvar[39m 
_classCallCheck2 
[33m=[39m _interopRe
quireDefault(require(
[32m"@babel/runtime/he
lpers/classCallCheck"
[39m))[33m;[39m
[31m[1m>[22m[39m[
90m 10 |[39m 
[36mvar[39m 
_inherits2 
[33m=[39m _interopRe
quireDefault(require(
[32m"@babel/runtime/he
lpers/inherits"[39m))
[33m;[39m
 [90m    |[39m      
                      
             [31m[1m
^[22m[39m[31m[1m^
[22m[39m[31m[1m^[2
2m[39m[31m[1m^[22m
[39m[31m[1m^[22m[
39m[31m[1m^[22m[39
m[31m[1m^[22m[39m
[31m[1m^[22m[39m[3
1m[1m^[22m[39m[31m
[1m^[22m[39m[31m[
1m^[22m[39m[31m[1m
^[22m[39m[31m[1m^
[22m[39m[31m[1m^[2
2m[39m[31m[1m^[22m
[39m[31m[1m^[22m[
39m[31m[1m^[22m[39
m[31m[1m^[22m[39m
[31m[1m^[22m[39m[3
1m[1m^[22m[39m[31m
[1m^[22m[39m[31m[
1m^[22m[39m[31m[1m
^[22m[39m[31m[1m^
[22m[39m[31m[1m^[2
2m[39m[31m[1m^[22m
[39m[31m[1m^[22m[
39m[31m[1m^[22m[39
m[31m[1m^[22m[39m
[31m[1m^[22m[39m[3
1m[1m^[22m[39m[31m
[1m^[22m[39m[31m[
1m^[22m[39m[31m[1m
^[22m[39m[31m[1m^
[22m[39m[31m[1m^[2
2m[39m[31m[1m^[22m
[39m[31m[1m^[22m[
39m[31m[1m^[22m[39
m[31m[1m^[22m[39m
[31m[1m^[22m[39m[3
1m[1m^[22m[39m
 [90m 11 |[39m 
[36mvar[39m _possibl
eConstructorReturn2 
[33m=[39m _interopRe
quireDefault(require(
[32m"@babel/runtime/he
lpers/possibleConstruc
torReturn"[39m))[33m
;[39m
 [90m 12 |[39m 
[36mvar[39m 
_getPrototypeOf2 
[33m=[39m _interopRe
quireDefault(require(
[32m"@babel/runtime/he
lpers/getPrototypeOf"
[39m))[33m;[39m
 [90m 13 |[39m 
[36mvar[39m 
_defineProperty2 
[33m=[39m _interopRe
quireDefault(require(
[32m"@babel/runtime/he
lpers/defineProperty"
[39m))[33m;[39m[0m



Import traces:
  Client Component 
Browser:
    ./Downloads/backen
d-hub-api/node_modules
/@recurly/react-recurl
y/lib-dist/element/car
d.js [Client 
Component Browser]
    ./Downloads/backen
d-hub-api/node_modules
/@recurly/react-recurl
y/lib-dist/index.js 
[Client Component 
Browser]
    ./Downloads/backen
d-hub-api/src/app/page
.tsx [Client 
Component Browser]
    ./Downloads/backen
d-hub-api/src/app/page
.tsx [Server 
Component]

  Client Component 
SSR:
    ./Downloads/backen
d-hub-api/node_modules
/@recurly/react-recurl
y/lib-dist/element/car
d.js [Client 
Component SSR]
    ./Downloads/backen
d-hub-api/node_modules
/@recurly/react-recurl
y/lib-dist/index.js 
[Client Component SSR]
    ./Downloads/backen
d-hub-api/src/app/page
.tsx [Client 
Component SSR]
    ./Downloads/backen
d-hub-api/src/app/page
.tsx [Server 
Component]

https://nextjs.org/doc
s/messages/module-not-
found


./Downloads/backend-hu
b-api/node_modules/@re
curly/react-recurly/li
b-dist/element/element
.js:11:41
Module not found: 
Can't resolve '@babel/
runtime/helpers/inheri
ts'
[0m [90m  9 |[39m 
[36mvar[39m 
_createClass2 
[33m=[39m _interopRe
quireDefault(require(
[32m"@babel/runtime/he
lpers/createClass"[39
m))[33m;[39m
 [90m 10 |[39m 
[36mvar[39m _assertT
hisInitialized2 
[33m=[39m _interopRe
quireDefault(require(
[32m"@babel/runtime/he
lpers/assertThisInitia
lized"[39m))[33m;[3
9m
[31m[1m>[22m[39m[
90m 11 |[39m 
[36mvar[39m 
_inherits2 
[33m=[39m _interopRe
quireDefault(require(
[32m"@babel/runtime/he
lpers/inherits"[39m))
[33m;[39m
 [90m    |[39m      
                      
             [31m[1m
^[22m[39m[31m[1m^
[22m[39m[31m[1m^[2
2m[39m[31m[1m^[22m
[39m[31m[1m^[22m[
39m[31m[1m^[22m[39
m[31m[1m^[22m[39m
[31m[1m^[22m[39m[3
1m[1m^[22m[39m[31m
[1m^[22m[39m[31m[
1m^[22m[39m[31m[1m
^[22m[39m[31m[1m^
[22m[39m[31m[1m^[2
2m[39m[31m[1m^[22m
[39m[31m[1m^[22m[
39m[31m[1m^[22m[39
m[31m[1m^[22m[39m
[31m[1m^[22m[39m[3
1m[1m^[22m[39m[31m
[1m^[22m[39m[31m[
1m^[22m[39m[31m[1m
^[22m[39m[31m[1m^
[22m[39m[31m[1m^[2
2m[39m[31m[1m^[22m
[39m[31m[1m^[22m[
39m[31m[1m^[22m[39
m[31m[1m^[22m[39m
[31m[1m^[22m[39m[3
1m[1m^[22m[39m[31m
[1m^[22m[39m[31m[
1m^[22m[39m[31m[1m
^[22m[39m[31m[1m^
[22m[39m[31m[1m^[2
2m[39m[31m[1m^[22m
[39m[31m[1m^[22m[
39m[31m[1m^[22m[39
m[31m[1m^[22m[39m
[31m[1m^[22m[39m[3
1m[1m^[22m[39m
 [90m 12 |[39m 
[36mvar[39m _possibl
eConstructorReturn2 
[33m=[39m _interopRe
quireDefault(require(
[32m"@babel/runtime/he
lpers/possibleConstruc
torReturn"[39m))[33m
;[39m
 [90m 13 |[39m 
[36mvar[39m 
_getPrototypeOf2 
[33m=[39m _interopRe
quireDefault(require(
[32m"@babel/runtime/he
lpers/getPrototypeOf"
[39m))[33m;[39m
 [90m 14 |[39m 
[36mvar[39m 
_defineProperty2 
[33m=[39m _interopRe
quireDefault(require(
[32m"@babel/runtime/he
lpers/defineProperty"
[39m))[33m;[39m[0m



Import traces:
  Client Component 
Browser:
    ./Downloads/backen
d-hub-api/node_modules
/@recurly/react-recurl
y/lib-dist/element/ele
ment.js [Client 
Component Browser]
    ./Downloads/backen
d-hub-api/node_modules
/@recurly/react-recurl
y/lib-dist/element/car
d-cvv.js [Client 
Component Browser]
    ./Downloads/backen
d-hub-api/node_modules
/@recurly/react-recurl
y/lib-dist/index.js 
[Client Component 
Browser]
    ./Downloads/backen
d-hub-api/src/app/page
.tsx [Client 
Component Browser]
    ./Downloads/backen
d-hub-api/src/app/page
.tsx [Server 
Component]

  Client Component 
SSR:
    ./Downloads/backen
d-hub-api/node_modules
/@recurly/react-recurl
y/lib-dist/element/ele
ment.js [Client 
Component SSR]
    ./Downloads/backen
d-hub-api/node_modules
/@recurly/react-recurl
y/lib-dist/element/car
d-cvv.js [Client 
Component SSR]
    ./Downloads/backen
d-hub-api/node_modules
/@recurly/react-recurl
y/lib-dist/index.js 
[Client Component SSR]
    ./Downloads/backen
d-hub-api/src/app/page
.tsx [Client 
Component SSR]
    ./Downloads/backen
d-hub-api/src/app/page
.tsx [Server 
Component]

https://nextjs.org/doc
s/messages/module-not-
found


./Downloads/backend-hu
b-api/node_modules/@re
curly/react-recurly/li
b-dist/elements.js:10:
41
Module not found: 
Can't resolve '@babel/
runtime/helpers/inheri
ts'
[0m [90m  8 |[39m 
[36mvar[39m 
_classCallCheck2 
[33m=[39m _interopRe
quireDefault(require(
[32m"@babel/runtime/he
lpers/classCallCheck"
[39m))[33m;[39m
 [90m  9 |[39m 
[36mvar[39m 
_createClass2 
[33m=[39m _interopRe
quireDefault(require(
[32m"@babel/runtime/he
lpers/createClass"[39
m))[33m;[39m
[31m[1m>[22m[39m[
90m 10 |[39m 
[36mvar[39m 
_inherits2 
[33m=[39m _interopRe
quireDefault(require(
[32m"@babel/runtime/he
lpers/inherits"[39m))
[33m;[39m
 [90m    |[39m      
                      
             [31m[1m
^[22m[39m[31m[1m^
[22m[39m[31m[1m^[2
2m[39m[31m[1m^[22m
[39m[31m[1m^[22m[
39m[31m[1m^[22m[39
m[31m[1m^[22m[39m
[31m[1m^[22m[39m[3
1m[1m^[22m[39m[31m
[1m^[22m[39m[31m[
1m^[22m[39m[31m[1m
^[22m[39m[31m[1m^
[22m[39m[31m[1m^[2
2m[39m[31m[1m^[22m
[39m[31m[1m^[22m[
39m[31m[1m^[22m[39
m[31m[1m^[22m[39m
[31m[1m^[22m[39m[3
1m[1m^[22m[39m[31m
[1m^[22m[39m[31m[
1m^[22m[39m[31m[1m
^[22m[39m[31m[1m^
[22m[39m[31m[1m^[2
2m[39m[31m[1m^[22m
[39m[31m[1m^[22m[
39m[31m[1m^[22m[39
m[31m[1m^[22m[39m
[31m[1m^[22m[39m[3
1m[1m^[22m[39m[31m
[1m^[22m[39m[31m[
1m^[22m[39m[31m[1m
^[22m[39m[31m[1m^
[22m[39m[31m[1m^[2
2m[39m[31m[1m^[22m
[39m[31m[1m^[22m[
39m[31m[1m^[22m[39
m[31m[1m^[22m[39m
[31m[1m^[22m[39m[3
1m[1m^[22m[39m
 [90m 11 |[39m 
[36mvar[39m _possibl
eConstructorReturn2 
[33m=[39m _interopRe
quireDefault(require(
[32m"@babel/runtime/he
lpers/possibleConstruc
torReturn"[39m))[33m
;[39m
 [90m 12 |[39m 
[36mvar[39m 
_getPrototypeOf2 
[33m=[39m _interopRe
quireDefault(require(
[32m"@babel/runtime/he
lpers/getPrototypeOf"
[39m))[33m;[39m
 [90m 13 |[39m 
[36mvar[39m 
_defineProperty2 
[33m=[39m _interopRe
quireDefault(require(
[32m"@babel/runtime/he
lpers/defineProperty"
[39m))[33m;[39m[0m



Import traces:
  Client Component 
Browser:
    ./Downloads/backen
d-hub-api/node_modules
/@recurly/react-recurl
y/lib-dist/elements.js
 [Client Component 
Browser]
    ./Downloads/backen
d-hub-api/node_modules
/@recurly/react-recurl
y/lib-dist/index.js 
[Client Component 
Browser]
    ./Downloads/backen
d-hub-api/src/app/page
.tsx [Client 
Component Browser]
    ./Downloads/backen
d-hub-api/src/app/page
.tsx [Server 
Component]

  Client Component 
SSR:
    ./Downloads/backen
d-hub-api/node_modules
/@recurly/react-recurl
y/lib-dist/elements.js
 [Client Component 
SSR]
    ./Downloads/backen
d-hub-api/node_modules
/@recurly/react-recurl
y/lib-dist/index.js 
[Client Component SSR]
    ./Downloads/backen
d-hub-api/src/app/page
.tsx [Client 
Component SSR]
    ./Downloads/backen
d-hub-api/src/app/page
.tsx [Server 
Component]

https://nextjs.org/doc
s/messages/module-not-
found


./Downloads/backend-hu
b-api/node_modules/@re
curly/react-recurly/li
b-dist/provider.js:11:
41
Module not found: 
Can't resolve '@babel/
runtime/helpers/inheri
ts'
[0m [90m  9 |[39m 
[36mvar[39m 
_classCallCheck2 
[33m=[39m _interopRe
quireDefault(require(
[32m"@babel/runtime/he
lpers/classCallCheck"
[39m))[33m;[39m
 [90m 10 |[39m 
[36mvar[39m 
_createClass2 
[33m=[39m _interopRe
quireDefault(require(
[32m"@babel/runtime/he
lpers/createClass"[39
m))[33m;[39m
[31m[1m>[22m[39m[
90m 11 |[39m 
[36mvar[39m 
_inherits2 
[33m=[39m _interopRe
quireDefault(require(
[32m"@babel/runtime/he
lpers/inherits"[39m))
[33m;[39m
 [90m    |[39m      
                      
             [31m[1m
^[22m[39m[31m[1m^
[22m[39m[31m[1m^[2
2m[39m[31m[1m^[22m
[39m[31m[1m^[22m[
39m[31m[1m^[22m[39
m[31m[1m^[22m[39m
[31m[1m^[22m[39m[3
1m[1m^[22m[39m[31m
[1m^[22m[39m[31m[
1m^[22m[39m[31m[1m
^[22m[39m[31m[1m^
[22m[39m[31m[1m^[2
2m[39m[31m[1m^[22m
[39m[31m[1m^[22m[
39m[31m[1m^[22m[39
m[31m[1m^[22m[39m
[31m[1m^[22m[39m[3
1m[1m^[22m[39m[31m
[1m^[22m[39m[31m[
1m^[22m[39m[31m[1m
^[22m[39m[31m[1m^
[22m[39m[31m[1m^[2
2m[39m[31m[1m^[22m
[39m[31m[1m^[22m[
39m[31m[1m^[22m[39
m[31m[1m^[22m[39m
[31m[1m^[22m[39m[3
1m[1m^[22m[39m[31m
[1m^[22m[39m[31m[
1m^[22m[39m[31m[1m
^[22m[39m[31m[1m^
[22m[39m[31m[1m^[2
2m[39m[31m[1m^[22m
[39m[31m[1m^[22m[
39m[31m[1m^[22m[39
m[31m[1m^[22m[39m
[31m[1m^[22m[39m[3
1m[1m^[22m[39m
 [90m 12 |[39m 
[36mvar[39m _possibl
eConstructorReturn2 
[33m=[39m _interopRe
quireDefault(require(
[32m"@babel/runtime/he
lpers/possibleConstruc
torReturn"[39m))[33m
;[39m
 [90m 13 |[39m 
[36mvar[39m 
_getPrototypeOf2 
[33m=[39m _interopRe
quireDefault(require(
[32m"@babel/runtime/he
lpers/getPrototypeOf"
[39m))[33m;[39m
 [90m 14 |[39m 
[36mvar[39m 
_defineProperty2 
[33m=[39m _interopRe
quireDefault(require(
[32m"@babel/runtime/he
lpers/defineProperty"
[39m))[33m;[39m[0m



Import traces:
  Client Component 
Browser:
    ./Downloads/backen
d-hub-api/node_modules
/@recurly/react-recurl
y/lib-dist/provider.js
 [Client Component 
Browser]
    ./Downloads/backen
d-hub-api/node_modules
/@recurly/react-recurl
y/lib-dist/index.js 
[Client Component 
Browser]
    ./Downloads/backen
d-hub-api/src/app/page
.tsx [Client 
Component Browser]
    ./Downloads/backen
d-hub-api/src/app/page
.tsx [Server 
Component]

  Client Component 
SSR:
    ./Downloads/backen
d-hub-api/node_modules
/@recurly/react-recurl
y/lib-dist/provider.js
 [Client Component 
SSR]
    ./Downloads/backen
d-hub-api/node_modules
/@recurly/react-recurl
y/lib-dist/index.js 
[Client Component SSR]
    ./Downloads/backen
d-hub-api/src/app/page
.tsx [Client 
Component SSR]
    ./Downloads/backen
d-hub-api/src/app/page
.tsx [Server 
Component]

https://nextjs.org/doc
s/messages/module-not-
found


./Downloads/backend-hu
b-api/node_modules/@re
curly/react-recurly/li
b-dist/risk-data-colle
ctor.js:10:41
Module not found: 
Can't resolve '@babel/
runtime/helpers/inheri
ts'
[0m [90m  8 |[39m 
[36mvar[39m 
_classCallCheck2 
[33m=[39m _interopRe
quireDefault(require(
[32m"@babel/runtime/he
lpers/classCallCheck"
[39m))[33m;[39m
 [90m  9 |[39m 
[36mvar[39m 
_createClass2 
[33m=[39m _interopRe
quireDefault(require(
[32m"@babel/runtime/he
lpers/createClass"[39
m))[33m;[39m
[31m[1m>[22m[39m[
90m 10 |[39m 
[36mvar[39m 
_inherits2 
[33m=[39m _interopRe
quireDefault(require(
[32m"@babel/runtime/he
lpers/inherits"[39m))
[33m;[39m
 [90m    |[39m      
                      
             [31m[1m
^[22m[39m[31m[1m^
[22m[39m[31m[1m^[2
2m[39m[31m[1m^[22m
[39m[31m[1m^[22m[
39m[31m[1m^[22m[39
m[31m[1m^[22m[39m
[31m[1m^[22m[39m[3
1m[1m^[22m[39m[31m
[1m^[22m[39m[31m[
1m^[22m[39m[31m[1m
^[22m[39m[31m[1m^
[22m[39m[31m[1m^[2
2m[39m[31m[1m^[22m
[39m[31m[1m^[22m[
39m[31m[1m^[22m[39
m[31m[1m^[22m[39m
[31m[1m^[22m[39m[3
1m[1m^[22m[39m[31m
[1m^[22m[39m[31m[
1m^[22m[39m[31m[1m
^[22m[39m[31m[1m^
[22m[39m[31m[1m^[2
2m[39m[31m[1m^[22m
[39m[31m[1m^[22m[
39m[31m[1m^[22m[39
m[31m[1m^[22m[39m
[31m[1m^[22m[39m[3
1m[1m^[22m[39m[31m
[1m^[22m[39m[31m[
1m^[22m[39m[31m[1m
^[22m[39m[31m[1m^
[22m[39m[31m[1m^[2
2m[39m[31m[1m^[22m
[39m[31m[1m^[22m[
39m[31m[1m^[22m[39
m[31m[1m^[22m[39m
[31m[1m^[22m[39m[3
1m[1m^[22m[39m
 [90m 11 |[39m 
[36mvar[39m _possibl
eConstructorReturn2 
[33m=[39m _interopRe
quireDefault(require(
[32m"@babel/runtime/he
lpers/possibleConstruc
torReturn"[39m))[33m
;[39m
 [90m 12 |[39m 
[36mvar[39m 
_getPrototypeOf2 
[33m=[39m _interopRe
quireDefault(require(
[32m"@babel/runtime/he
lpers/getPrototypeOf"
[39m))[33m;[39m
 [90m 13 |[39m 
[36mvar[39m 
_defineProperty2 
[33m=[39m _interopRe
quireDefault(require(
[32m"@babel/runtime/he
lpers/defineProperty"
[39m))[33m;[39m[0m



Import traces:
  Client Component 
Browser:
    ./Downloads/backen
d-hub-api/node_modules
/@recurly/react-recurl
y/lib-dist/risk-data-c
ollector.js [Client 
Component Browser]
    ./Downloads/backen
d-hub-api/node_modules
/@recurly/react-recurl
y/lib-dist/index.js 
[Client Component 
Browser]
    ./Downloads/backen
d-hub-api/src/app/page
.tsx [Client 
Component Browser]
    ./Downloads/backen
d-hub-api/src/app/page
.tsx [Server 
Component]

  Client Component 
SSR:
    ./Downloads/backen
d-hub-api/node_modules
/@recurly/react-recurl
y/lib-dist/risk-data-c
ollector.js [Client 
Component SSR]
    ./Downloads/backen
d-hub-api/node_modules
/@recurly/react-recurl
y/lib-dist/index.js 
[Client Component SSR]
    ./Downloads/backen
d-hub-api/src/app/page
.tsx [Client 
Component SSR]
    ./Downloads/backen
d-hub-api/src/app/page
.tsx [Server 
Component]

https://nextjs.org/doc
s/messages/module-not-
found


./Downloads/backend-hu
b-api/node_modules/@re
curly/react-recurly/li
b-dist/three-d-secure-
action.js:10:41
Module not found: 
Can't resolve '@babel/
runtime/helpers/inheri
ts'
[0m [90m  8 |[39m 
[36mvar[39m 
_classCallCheck2 
[33m=[39m _interopRe
quireDefault(require(
[32m"@babel/runtime/he
lpers/classCallCheck"
[39m))[33m;[39m
 [90m  9 |[39m 
[36mvar[39m 
_createClass2 
[33m=[39m _interopRe
quireDefault(require(
[32m"@babel/runtime/he
lpers/createClass"[39
m))[33m;[39m
[31m[1m>[22m[39m[
90m 10 |[39m 
[36mvar[39m 
_inherits2 
[33m=[39m _interopRe
quireDefault(require(
[32m"@babel/runtime/he
lpers/inherits"[39m))
[33m;[39m
 [90m    |[39m      
                      
             [31m[1m
^[22m[39m[31m[1m^
[22m[39m[31m[1m^[2
2m[39m[31m[1m^[22m
[39m[31m[1m^[22m[
39m[31m[1m^[22m[39
m[31m[1m^[22m[39m
[31m[1m^[22m[39m[3
1m[1m^[22m[39m[31m
[1m^[22m[39m[31m[
1m^[22m[39m[31m[1m
^[22m[39m[31m[1m^
[22m[39m[31m[1m^[2
2m[39m[31m[1m^[22m
[39m[31m[1m^[22m[
39m[31m[1m^[22m[39
m[31m[1m^[22m[39m
[31m[1m^[22m[39m[3
1m[1m^[22m[39m[31m
[1m^[22m[39m[31m[
1m^[22m[39m[31m[1m
^[22m[39m[31m[1m^
[22m[39m[31m[1m^[2
2m[39m[31m[1m^[22m
[39m[31m[1m^[22m[
39m[31m[1m^[22m[39
m[31m[1m^[22m[39m
[31m[1m^[22m[39m[3
1m[1m^[22m[39m[31m
[1m^[22m[39m[31m[
1m^[22m[39m[31m[1m
^[22m[39m[31m[1m^
[22m[39m[31m[1m^[2
2m[39m[31m[1m^[22m
[39m[31m[1m^[22m[
39m[31m[1m^[22m[39
m[31m[1m^[22m[39m
[31m[1m^[22m[39m[3
1m[1m^[22m[39m
 [90m 11 |[39m 
[36mvar[39m _possibl
eConstructorReturn2 
[33m=[39m _interopRe
quireDefault(require(
[32m"@babel/runtime/he
lpers/possibleConstruc
torReturn"[39m))[33m
;[39m
 [90m 12 |[39m 
[36mvar[39m 
_getPrototypeOf2 
[33m=[39m _interopRe
quireDefault(require(
[32m"@babel/runtime/he
lpers/getPrototypeOf"
[39m))[33m;[39m
 [90m 13 |[39m 
[36mvar[39m 
_defineProperty2 
[33m=[39m _interopRe
quireDefault(require(
[32m"@babel/runtime/he
lpers/defineProperty"
[39m))[33m;[39m[0m



Import traces:
  Client Component 
Browser:
    ./Downloads/backen
d-hub-api/node_modules
/@recurly/react-recurl
y/lib-dist/three-d-sec
ure-action.js [Client 
Component Browser]
    ./Downloads/backen
d-hub-api/node_modules
/@recurly/react-recurl
y/lib-dist/index.js 
[Client Component 
Browser]
    ./Downloads/backen
d-hub-api/src/app/page
.tsx [Client 
Component Browser]
    ./Downloads/backen
d-hub-api/src/app/page
.tsx [Server 
Component]

  Client Component 
SSR:
    ./Downloads/backen
d-hub-api/node_modules
/@recurly/react-recurl
y/lib-dist/three-d-sec
ure-action.js [Client 
Component SSR]
    ./Downloads/backen
d-hub-api/node_modules
/@recurly/react-recurl
y/lib-dist/index.js 
[Client Component SSR]
    ./Downloads/backen
d-hub-api/src/app/page
.tsx [Client 
Component SSR]
    ./Downloads/backen
d-hub-api/src/app/page
.tsx [Server 
Component]

https://nextjs.org/doc
s/messages/module-not-
found


./Downloads/backend-hu
b-api/node_modules/@re
curly/react-recurly/li
b-dist/element/card-cv
v.js:3:30
Module not found: 
Can't resolve '@babel/
runtime/helpers/intero
pRequireDefault'
[0m [90m 1 |[39m 
[32m"use strict"[39m
[33m;[39m
 [90m 2 |[39m
[31m[1m>[22m[39m[
90m 3 |[39m 
[36mvar[39m _interop
RequireDefault 
[33m=[39m require([
32m"@babel/runtime/hel
pers/interopRequireDef
ault"[39m)[33m;[39m
 [90m   |[39m       
                      
 [31m[1m^[22m[39m
[31m[1m^[22m[39m[3
1m[1m^[22m[39m[31m
[1m^[22m[39m[31m[
1m^[22m[39m[31m[1m
^[22m[39m[31m[1m^
[22m[39m[31m[1m^[2
2m[39m[31m[1m^[22m
[39m[31m[1m^[22m[
39m[31m[1m^[22m[39
m[31m[1m^[22m[39m
[31m[1m^[22m[39m[3
1m[1m^[22m[39m[31m
[1m^[22m[39m[31m[
1m^[22m[39m[31m[1m
^[22m[39m[31m[1m^
[22m[39m[31m[1m^[2
2m[39m[31m[1m^[22m
[39m[31m[1m^[22m[
39m[31m[1m^[22m[39
m[31m[1m^[22m[39m
[31m[1m^[22m[39m[3
1m[1m^[22m[39m[31m
[1m^[22m[39m[31m[
1m^[22m[39m[31m[1m
^[22m[39m[31m[1m^
[22m[39m[31m[1m^[2
2m[39m[31m[1m^[22m
[39m[31m[1m^[22m[
39m[31m[1m^[22m[39
m[31m[1m^[22m[39m
[31m[1m^[22m[39m[3
1m[1m^[22m[39m[31m
[1m^[22m[39m[31m[
1m^[22m[39m[31m[1m
^[22m[39m[31m[1m^
[22m[39m[31m[1m^[2
2m[39m[31m[1m^[22m
[39m[31m[1m^[22m[
39m[31m[1m^[22m[39
m[31m[1m^[22m[39m
[31m[1m^[22m[39m[3
1m[1m^[22m[39m[31m
[1m^[22m[39m[31m[
1m^[22m[39m[31m[1m
^[22m[39m[31m[1m^
[22m[39m[31m[1m^[2
2m[39m[31m[1m^[22m
[39m[31m[1m^[22m[
39m[31m[1m^[22m[39
m
 [90m 4 |[39m [33mO
bject[39m[33m.[39md
efineProperty(exports
[33m,[39m [32m"__esM
odule"[39m[33m,[39m
 {
 [90m 5 |[39m   
value[33m:[39m 
[36mtrue[39m
 [90m 6 |[39m 
})[33m;[39m[0m



Import traces:
  Client Component 
Browser:
    ./Downloads/backen
d-hub-api/node_modules
/@recurly/react-recurl
y/lib-dist/element/car
d-cvv.js [Client 
Component Browser]
    ./Downloads/backen
d-hub-api/node_modules
/@recurly/react-recurl
y/lib-dist/index.js 
[Client Component 
Browser]
    ./Downloads/backen
d-hub-api/src/app/page
.tsx [Client 
Component Browser]
    ./Downloads/backen
d-hub-api/src/app/page
.tsx [Server 
Component]

  Client Component 
SSR:
    ./Downloads/backen
d-hub-api/node_modules
/@recurly/react-recurl
y/lib-dist/element/car
d-cvv.js [Client 
Component SSR]
    ./Downloads/backen
d-hub-api/node_modules
/@recurly/react-recurl
y/lib-dist/index.js 
[Client Component SSR]
    ./Downloads/backen
d-hub-api/src/app/page
.tsx [Client 
Component SSR]
    ./Downloads/backen
d-hub-api/src/app/page
.tsx [Server 
Component]

https://nextjs.org/doc
s/messages/module-not-
found


./Downloads/backend-hu
b-api/node_modules/@re
curly/react-recurly/li
b-dist/element/card-mo
nth.js:3:30
Module not found: 
Can't resolve '@babel/
runtime/helpers/intero
pRequireDefault'
[0m [90m 1 |[39m 
[32m"use strict"[39m
[33m;[39m
 [90m 2 |[39m
[31m[1m>[22m[39m[
90m 3 |[39m 
[36mvar[39m _interop
RequireDefault 
[33m=[39m require([
32m"@babel/runtime/hel
pers/interopRequireDef
ault"[39m)[33m;[39m
 [90m   |[39m       
                      
 [31m[1m^[22m[39m
[31m[1m^[22m[39m[3
1m[1m^[22m[39m[31m
[1m^[22m[39m[31m[
1m^[22m[39m[31m[1m
^[22m[39m[31m[1m^
[22m[39m[31m[1m^[2
2m[39m[31m[1m^[22m
[39m[31m[1m^[22m[
39m[31m[1m^[22m[39
m[31m[1m^[22m[39m
[31m[1m^[22m[39m[3
1m[1m^[22m[39m[31m
[1m^[22m[39m[31m[
1m^[22m[39m[31m[1m
^[22m[39m[31m[1m^
[22m[39m[31m[1m^[2
2m[39m[31m[1m^[22m
[39m[31m[1m^[22m[
39m[31m[1m^[22m[39
m[31m[1m^[22m[39m
[31m[1m^[22m[39m[3
1m[1m^[22m[39m[31m
[1m^[22m[39m[31m[
1m^[22m[39m[31m[1m
^[22m[39m[31m[1m^
[22m[39m[31m[1m^[2
2m[39m[31m[1m^[22m
[39m[31m[1m^[22m[
39m[31m[1m^[22m[39
m[31m[1m^[22m[39m
[31m[1m^[22m[39m[3
1m[1m^[22m[39m[31m
[1m^[22m[39m[31m[
1m^[22m[39m[31m[1m
^[22m[39m[31m[1m^
[22m[39m[31m[1m^[2
2m[39m[31m[1m^[22m
[39m[31m[1m^[22m[
39m[31m[1m^[22m[39
m[31m[1m^[22m[39m
[31m[1m^[22m[39m[3
1m[1m^[22m[39m[31m
[1m^[22m[39m[31m[
1m^[22m[39m[31m[1m
^[22m[39m[31m[1m^
[22m[39m[31m[1m^[2
2m[39m[31m[1m^[22m
[39m[31m[1m^[22m[
39m[31m[1m^[22m[39
m
 [90m 4 |[39m [33mO
bject[39m[33m.[39md
efineProperty(exports
[33m,[39m [32m"__esM
odule"[39m[33m,[39m
 {
 [90m 5 |[39m   
value[33m:[39m 
[36mtrue[39m
 [90m 6 |[39m 
})[33m;[39m[0m



Import traces:
  Client Component 
Browser:
    ./Downloads/backen
d-hub-api/node_modules
/@recurly/react-recurl
y/lib-dist/element/car
d-month.js [Client 
Component Browser]
    ./Downloads/backen
d-hub-api/node_modules
/@recurly/react-recurl
y/lib-dist/index.js 
[Client Component 
Browser]
    ./Downloads/backen
d-hub-api/src/app/page
.tsx [Client 
Component Browser]
    ./Downloads/backen
d-hub-api/src/app/page
.tsx [Server 
Component]

  Client Component 
SSR:
    ./Downloads/backen
d-hub-api/node_modules
/@recurly/react-recurl
y/lib-dist/element/car
d-month.js [Client 
Component SSR]
    ./Downloads/backen
d-hub-api/node_modules
/@recurly/react-recurl
y/lib-dist/index.js 
[Client Component SSR]
    ./Downloads/backen
d-hub-api/src/app/page
.tsx [Client 
Component SSR]
    ./Downloads/backen
d-hub-api/src/app/page
.tsx [Server 
Component]

https://nextjs.org/doc
s/messages/module-not-
found


./Downloads/backend-hu
b-api/node_modules/@re
curly/react-recurly/li
b-dist/element/card-nu
mber.js:3:30
Module not found: 
Can't resolve '@babel/
runtime/helpers/intero
pRequireDefault'
[0m [90m 1 |[39m 
[32m"use strict"[39m
[33m;[39m
 [90m 2 |[39m
[31m[1m>[22m[39m[
90m 3 |[39m 
[36mvar[39m _interop
RequireDefault 
[33m=[39m require([
32m"@babel/runtime/hel
pers/interopRequireDef
ault"[39m)[33m;[39m
 [90m   |[39m       
                      
 [31m[1m^[22m[39m
[31m[1m^[22m[39m[3
1m[1m^[22m[39m[31m
[1m^[22m[39m[31m[
1m^[22m[39m[31m[1m
^[22m[39m[31m[1m^
[22m[39m[31m[1m^[2
2m[39m[31m[1m^[22m
[39m[31m[1m^[22m[
39m[31m[1m^[22m[39
m[31m[1m^[22m[39m
[31m[1m^[22m[39m[3
1m[1m^[22m[39m[31m
[1m^[22m[39m[31m[
1m^[22m[39m[31m[1m
^[22m[39m[31m[1m^
[22m[39m[31m[1m^[2
2m[39m[31m[1m^[22m
[39m[31m[1m^[22m[
39m[31m[1m^[22m[39
m[31m[1m^[22m[39m
[31m[1m^[22m[39m[3
1m[1m^[22m[39m[31m
[1m^[22m[39m[31m[
1m^[22m[39m[31m[1m
^[22m[39m[31m[1m^
[22m[39m[31m[1m^[2
2m[39m[31m[1m^[22m
[39m[31m[1m^[22m[
39m[31m[1m^[22m[39
m[31m[1m^[22m[39m
[31m[1m^[22m[39m[3
1m[1m^[22m[39m[31m
[1m^[22m[39m[31m[
1m^[22m[39m[31m[1m
^[22m[39m[31m[1m^
[22m[39m[31m[1m^[2
2m[39m[31m[1m^[22m
[39m[31m[1m^[22m[
39m[31m[1m^[22m[39
m[31m[1m^[22m[39m
[31m[1m^[22m[39m[3
1m[1m^[22m[39m[31m
[1m^[22m[39m[31m[
1m^[22m[39m[31m[1m
^[22m[39m[31m[1m^
[22m[39m[31m[1m^[2
2m[39m[31m[1m^[22m
[39m[31m[1m^[22m[
39m[31m[1m^[22m[39
m
 [90m 4 |[39m [33mO
bject[39m[33m.[39md
efineProperty(exports
[33m,[39m [32m"__esM
odule"[39m[33m,[39m
 {
 [90m 5 |[39m   
value[33m:[39m 
[36mtrue[39m
 [90m 6 |[39m 
})[33m;[39m[0m



Import traces:
  Client Component 
Browser:
    ./Downloads/backen
d-hub-api/node_modules
/@recurly/react-recurl
y/lib-dist/element/car
d-number.js [Client 
Component Browser]
    ./Downloads/backen
d-hub-api/node_modules
/@recurly/react-recurl
y/lib-dist/index.js 
[Client Component 
Browser]
    ./Downloads/backen
d-hub-api/src/app/page
.tsx [Client 
Component Browser]
    ./Downloads/backen
d-hub-api/src/app/page
.tsx [Server 
Component]

  Client Component 
SSR:
    ./Downloads/backen
d-hub-api/node_modules
/@recurly/react-recurl
y/lib-dist/element/car
d-number.js [Client 
Component SSR]
    ./Downloads/backen
d-hub-api/node_modules
/@recurly/react-recurl
y/lib-dist/index.js 
[Client Component SSR]
    ./Downloads/backen
d-hub-api/src/app/page
.tsx [Client 
Component SSR]
    ./Downloads/backen
d-hub-api/src/app/page
.tsx [Server 
Component]

https://nextjs.org/doc
s/messages/module-not-
found


./Downloads/backend-hu
b-api/node_modules/@re
curly/react-recurly/li
b-dist/element/card-ye
ar.js:3:30
Module not found: 
Can't resolve '@babel/
runtime/helpers/intero
pRequireDefault'
[0m [90m 1 |[39m 
[32m"use strict"[39m
[33m;[39m
 [90m 2 |[39m
[31m[1m>[22m[39m[
90m 3 |[39m 
[36mvar[39m _interop
RequireDefault 
[33m=[39m require([
32m"@babel/runtime/hel
pers/interopRequireDef
ault"[39m)[33m;[39m
 [90m   |[39m       
                      
 [31m[1m^[22m[39m
[31m[1m^[22m[39m[3
1m[1m^[22m[39m[31m
[1m^[22m[39m[31m[
1m^[22m[39m[31m[1m
^[22m[39m[31m[1m^
[22m[39m[31m[1m^[2
2m[39m[31m[1m^[22m
[39m[31m[1m^[22m[
39m[31m[1m^[22m[39
m[31m[1m^[22m[39m
[31m[1m^[22m[39m[3
1m[1m^[22m[39m[31m
[1m^[22m[39m[31m[
1m^[22m[39m[31m[1m
^[22m[39m[31m[1m^
[22m[39m[31m[1m^[2
2m[39m[31m[1m^[22m
[39m[31m[1m^[22m[
39m[31m[1m^[22m[39
m[31m[1m^[22m[39m
[31m[1m^[22m[39m[3
1m[1m^[22m[39m[31m
[1m^[22m[39m[31m[
1m^[22m[39m[31m[1m
^[22m[39m[31m[1m^
[22m[39m[31m[1m^[2
2m[39m[31m[1m^[22m
[39m[31m[1m^[22m[
39m[31m[1m^[22m[39
m[31m[1m^[22m[39m
[31m[1m^[22m[39m[3
1m[1m^[22m[39m[31m
[1m^[22m[39m[31m[
1m^[22m[39m[31m[1m
^[22m[39m[31m[1m^
[22m[39m[31m[1m^[2
2m[39m[31m[1m^[22m
[39m[31m[1m^[22m[
39m[31m[1m^[22m[39
m[31m[1m^[22m[39m
[31m[1m^[22m[39m[3
1m[1m^[22m[39m[31m
[1m^[22m[39m[31m[
1m^[22m[39m[31m[1m
^[22m[39m[31m[1m^
[22m[39m[31m[1m^[2
2m[39m[31m[1m^[22m
[39m[31m[1m^[22m[
39m[31m[1m^[22m[39
m
 [90m 4 |[39m [33mO
bject[39m[33m.[39md
efineProperty(exports
[33m,[39m [32m"__esM
odule"[39m[33m,[39m
 {
 [90m 5 |[39m   
value[33m:[39m 
[36mtrue[39m
 [90m 6 |[39m 
})[33m;[39m[0m



Import traces:
  Client Component 
Browser:
    ./Downloads/backen
d-hub-api/node_modules
/@recurly/react-recurl
y/lib-dist/element/car
d-year.js [Client 
Component Browser]
    ./Downloads/backen
d-hub-api/node_modules
/@recurly/react-recurl
y/lib-dist/index.js 
[Client Component 
Browser]
    ./Downloads/backen
d-hub-api/src/app/page
.tsx [Client 
Component Browser]
    ./Downloads/backen
d-hub-api/src/app/page
.tsx [Server 
Component]

  Client Component 
SSR:
    ./Downloads/backen
d-hub-api/node_modules
/@recurly/react-recurl
y/lib-dist/element/car
d-year.js [Client 
Component SSR]
    ./Downloads/backen
d-hub-api/node_modules
/@recurly/react-recurl
y/lib-dist/index.js 
[Client Component SSR]
    ./Downloads/backen
d-hub-api/src/app/page
.tsx [Client 
Component SSR]
    ./Downloads/backen
d-hub-api/src/app/page
.tsx [Server 
Component]

https://nextjs.org/doc
s/messages/module-not-
found


./Downloads/backend-hu
b-api/node_modules/@re
curly/react-recurly/li
b-dist/element/card.js
:3:30
Module not found: 
Can't resolve '@babel/
runtime/helpers/intero
pRequireDefault'
[0m [90m 1 |[39m 
[32m"use strict"[39m
[33m;[39m
 [90m 2 |[39m
[31m[1m>[22m[39m[
90m 3 |[39m 
[36mvar[39m _interop
RequireDefault 
[33m=[39m require([
32m"@babel/runtime/hel
pers/interopRequireDef
ault"[39m)[33m;[39m
 [90m   |[39m       
                      
 [31m[1m^[22m[39m
[31m[1m^[22m[39m[3
1m[1m^[22m[39m[31m
[1m^[22m[39m[31m[
1m^[22m[39m[31m[1m
^[22m[39m[31m[1m^
[22m[39m[31m[1m^[2
2m[39m[31m[1m^[22m
[39m[31m[1m^[22m[
39m[31m[1m^[22m[39
m[31m[1m^[22m[39m
[31m[1m^[22m[39m[3
1m[1m^[22m[39m[31m
[1m^[22m[39m[31m[
1m^[22m[39m[31m[1m
^[22m[39m[31m[1m^
[22m[39m[31m[1m^[2
2m[39m[31m[1m^[22m
[39m[31m[1m^[22m[
39m[31m[1m^[22m[39
m[31m[1m^[22m[39m
[31m[1m^[22m[39m[3
1m[1m^[22m[39m[31m
[1m^[22m[39m[31m[
1m^[22m[39m[31m[1m
^[22m[39m[31m[1m^
[22m[39m[31m[1m^[2
2m[39m[31m[1m^[22m
[39m[31m[1m^[22m[
39m[31m[1m^[22m[39
m[31m[1m^[22m[39m
[31m[1m^[22m[39m[3
1m[1m^[22m[39m[31m
[1m^[22m[39m[31m[
1m^[22m[39m[31m[1m
^[22m[39m[31m[1m^
[22m[39m[31m[1m^[2
2m[39m[31m[1m^[22m
[39m[31m[1m^[22m[
39m[31m[1m^[22m[39
m[31m[1m^[22m[39m
[31m[1m^[22m[39m[3
1m[1m^[22m[39m[31m
[1m^[22m[39m[31m[
1m^[22m[39m[31m[1m
^[22m[39m[31m[1m^
[22m[39m[31m[1m^[2
2m[39m[31m[1m^[22m
[39m[31m[1m^[22m[
39m[31m[1m^[22m[39
m
 [90m 4 |[39m [33mO
bject[39m[33m.[39md
efineProperty(exports
[33m,[39m [32m"__esM
odule"[39m[33m,[39m
 {
 [90m 5 |[39m   
value[33m:[39m 
[36mtrue[39m
 [90m 6 |[39m 
})[33m;[39m[0m



Import traces:
  Client Component 
Browser:
    ./Downloads/backen
d-hub-api/node_modules
/@recurly/react-recurl
y/lib-dist/element/car
d.js [Client 
Component Browser]
    ./Downloads/backen
d-hub-api/node_modules
/@recurly/react-recurl
y/lib-dist/index.js 
[Client Component 
Browser]
    ./Downloads/backen
d-hub-api/src/app/page
.tsx [Client 
Component Browser]
    ./Downloads/backen
d-hub-api/src/app/page
.tsx [Server 
Component]

  Client Component 
SSR:
    ./Downloads/backen
d-hub-api/node_modules
/@recurly/react-recurl
y/lib-dist/element/car
d.js [Client 
Component SSR]
    ./Downloads/backen
d-hub-api/node_modules
/@recurly/react-recurl
y/lib-dist/index.js 
[Client Component SSR]
    ./Downloads/backen
d-hub-api/src/app/page
.tsx [Client 
Component SSR]
    ./Downloads/backen
d-hub-api/src/app/page
.tsx [Server 
Component]

https://nextjs.org/doc
s/messages/module-not-
found


./Downloads/backend-hu
b-api/node_modules/@re
curly/react-recurly/li
b-dist/element/element
.js:3:30
Module not found: 
Can't resolve '@babel/
runtime/helpers/intero
pRequireDefault'
[0m [90m 1 |[39m 
[32m"use strict"[39m
[33m;[39m
 [90m 2 |[39m
[31m[1m>[22m[39m[
90m 3 |[39m 
[36mvar[39m _interop
RequireDefault 
[33m=[39m require([
32m"@babel/runtime/hel
pers/interopRequireDef
ault"[39m)[33m;[39m
 [90m   |[39m       
                      
 [31m[1m^[22m[39m
[31m[1m^[22m[39m[3
1m[1m^[22m[39m[31m
[1m^[22m[39m[31m[
1m^[22m[39m[31m[1m
^[22m[39m[31m[1m^
[22m[39m[31m[1m^[2
2m[39m[31m[1m^[22m
[39m[31m[1m^[22m[
39m[31m[1m^[22m[39
m[31m[1m^[22m[39m
[31m[1m^[22m[39m[3
1m[1m^[22m[39m[31m
[1m^[22m[39m[31m[
1m^[22m[39m[31m[1m
^[22m[39m[31m[1m^
[22m[39m[31m[1m^[2
2m[39m[31m[1m^[22m
[39m[31m[1m^[22m[
39m[31m[1m^[22m[39
m[31m[1m^[22m[39m
[31m[1m^[22m[39m[3
1m[1m^[22m[39m[31m
[1m^[22m[39m[31m[
1m^[22m[39m[31m[1m
^[22m[39m[31m[1m^
[22m[39m[31m[1m^[2
2m[39m[31m[1m^[22m
[39m[31m[1m^[22m[
39m[31m[1m^[22m[39
m[31m[1m^[22m[39m
[31m[1m^[22m[39m[3
1m[1m^[22m[39m[31m
[1m^[22m[39m[31m[
1m^[22m[39m[31m[1m
^[22m[39m[31m[1m^
[22m[39m[31m[1m^[2
2m[39m[31m[1m^[22m
[39m[31m[1m^[22m[
39m[31m[1m^[22m[39
m[31m[1m^[22m[39m
[31m[1m^[22m[39m[3
1m[1m^[22m[39m[31m
[1m^[22m[39m[31m[
1m^[22m[39m[31m[1m
^[22m[39m[31m[1m^
[22m[39m[31m[1m^[2
2m[39m[31m[1m^[22m
[39m[31m[1m^[22m[
39m[31m[1m^[22m[39
m
 [90m 4 |[39m [33mO
bject[39m[33m.[39md
efineProperty(exports
[33m,[39m [32m"__esM
odule"[39m[33m,[39m
 {
 [90m 5 |[39m   
value[33m:[39m 
[36mtrue[39m
 [90m 6 |[39m 
})[33m;[39m[0m



Import traces:
  Client Component 
Browser:
    ./Downloads/backen
d-hub-api/node_modules
/@recurly/react-recurl
y/lib-dist/element/ele
ment.js [Client 
Component Browser]
    ./Downloads/backen
d-hub-api/node_modules
/@recurly/react-recurl
y/lib-dist/element/car
d-cvv.js [Client 
Component Browser]
    ./Downloads/backen
d-hub-api/node_modules
/@recurly/react-recurl
y/lib-dist/index.js 
[Client Component 
Browser]
    ./Downloads/backen
d-hub-api/src/app/page
.tsx [Client 
Component Browser]
    ./Downloads/backen
d-hub-api/src/app/page
.tsx [Server 
Component]

  Client Component 
SSR:
    ./Downloads/backen
d-hub-api/node_modules
/@recurly/react-recurl
y/lib-dist/element/ele
ment.js [Client 
Component SSR]
    ./Downloads/backen
d-hub-api/node_modules
/@recurly/react-recurl
y/lib-dist/element/car
d-cvv.js [Client 
Component SSR]
    ./Downloads/backen
d-hub-api/node_modules
/@recurly/react-recurl
y/lib-dist/index.js 
[Client Component SSR]
    ./Downloads/backen
d-hub-api/src/app/page
.tsx [Client 
Component SSR]
    ./Downloads/backen
d-hub-api/src/app/page
.tsx [Server 
Component]

https://nextjs.org/doc
s/messages/module-not-
found


./Downloads/backend-hu
b-api/node_modules/@re
curly/react-recurly/li
b-dist/elements.js:3:3
0
Module not found: 
Can't resolve '@babel/
runtime/helpers/intero
pRequireDefault'
[0m [90m 1 |[39m 
[32m"use strict"[39m
[33m;[39m
 [90m 2 |[39m
[31m[1m>[22m[39m[
90m 3 |[39m 
[36mvar[39m _interop
RequireDefault 
[33m=[39m require([
32m"@babel/runtime/hel
pers/interopRequireDef
ault"[39m)[33m;[39m
 [90m   |[39m       
                      
 [31m[1m^[22m[39m
[31m[1m^[22m[39m[3
1m[1m^[22m[39m[31m
[1m^[22m[39m[31m[
1m^[22m[39m[31m[1m
^[22m[39m[31m[1m^
[22m[39m[31m[1m^[2
2m[39m[31m[1m^[22m
[39m[31m[1m^[22m[
39m[31m[1m^[22m[39
m[31m[1m^[22m[39m
[31m[1m^[22m[39m[3
1m[1m^[22m[39m[31m
[1m^[22m[39m[31m[
1m^[22m[39m[31m[1m
^[22m[39m[31m[1m^
[22m[39m[31m[1m^[2
2m[39m[31m[1m^[22m
[39m[31m[1m^[22m[
39m[31m[1m^[22m[39
m[31m[1m^[22m[39m
[31m[1m^[22m[39m[3
1m[1m^[22m[39m[31m
[1m^[22m[39m[31m[
1m^[22m[39m[31m[1m
^[22m[39m[31m[1m^
[22m[39m[31m[1m^[2
2m[39m[31m[1m^[22m
[39m[31m[1m^[22m[
39m[31m[1m^[22m[39
m[31m[1m^[22m[39m
[31m[1m^[22m[39m[3
1m[1m^[22m[39m[31m
[1m^[22m[39m[31m[
1m^[22m[39m[31m[1m
^[22m[39m[31m[1m^
[22m[39m[31m[1m^[2
2m[39m[31m[1m^[22m
[39m[31m[1m^[22m[
39m[31m[1m^[22m[39
m[31m[1m^[22m[39m
[31m[1m^[22m[39m[3
1m[1m^[22m[39m[31m
[1m^[22m[39m[31m[
1m^[22m[39m[31m[1m
^[22m[39m[31m[1m^
[22m[39m[31m[1m^[2
2m[39m[31m[1m^[22m
[39m[31m[1m^[22m[
39m[31m[1m^[22m[39
m
 [90m 4 |[39m [33mO
bject[39m[33m.[39md
efineProperty(exports
[33m,[39m [32m"__esM
odule"[39m[33m,[39m
 {
 [90m 5 |[39m   
value[33m:[39m 
[36mtrue[39m
 [90m 6 |[39m 
})[33m;[39m[0m



Import traces:
  Client Component 
Browser:
    ./Downloads/backen
d-hub-api/node_modules
/@recurly/react-recurl
y/lib-dist/elements.js
 [Client Component 
Browser]
    ./Downloads/backen
d-hub-api/node_modules
/@recurly/react-recurl
y/lib-dist/index.js 
[Client Component 
Browser]
    ./Downloads/backen
d-hub-api/src/app/page
.tsx [Client 
Component Browser]
    ./Downloads/backen
d-hub-api/src/app/page
.tsx [Server 
Component]

  Client Component 
SSR:
    ./Downloads/backen
d-hub-api/node_modules
/@recurly/react-recurl
y/lib-dist/elements.js
 [Client Component 
SSR]
    ./Downloads/backen
d-hub-api/node_modules
/@recurly/react-recurl
y/lib-dist/index.js 
[Client Component SSR]
    ./Downloads/backen
d-hub-api/src/app/page
.tsx [Client 
Component SSR]
    ./Downloads/backen
d-hub-api/src/app/page
.tsx [Server 
Component]

https://nextjs.org/doc
s/messages/module-not-
found


./Downloads/backend-hu
b-api/node_modules/@re
curly/react-recurly/li
b-dist/index.js:3:30
Module not found: 
Can't resolve '@babel/
runtime/helpers/intero
pRequireDefault'
[0m [90m 1 |[39m 
[32m"use strict"[39m
[33m;[39m
 [90m 2 |[39m
[31m[1m>[22m[39m[
90m 3 |[39m 
[36mvar[39m _interop
RequireDefault 
[33m=[39m require([
32m"@babel/runtime/hel
pers/interopRequireDef
ault"[39m)[33m;[39m
 [90m   |[39m       
                      
 [31m[1m^[22m[39m
[31m[1m^[22m[39m[3
1m[1m^[22m[39m[31m
[1m^[22m[39m[31m[
1m^[22m[39m[31m[1m
^[22m[39m[31m[1m^
[22m[39m[31m[1m^[2
2m[39m[31m[1m^[22m
[39m[31m[1m^[22m[
39m[31m[1m^[22m[39
m[31m[1m^[22m[39m
[31m[1m^[22m[39m[3
1m[1m^[22m[39m[31m
[1m^[22m[39m[31m[
1m^[22m[39m[31m[1m
^[22m[39m[31m[1m^
[22m[39m[31m[1m^[2
2m[39m[31m[1m^[22m
[39m[31m[1m^[22m[
39m[31m[1m^[22m[39
m[31m[1m^[22m[39m
[31m[1m^[22m[39m[3
1m[1m^[22m[39m[31m
[1m^[22m[39m[31m[
1m^[22m[39m[31m[1m
^[22m[39m[31m[1m^
[22m[39m[31m[1m^[2
2m[39m[31m[1m^[22m
[39m[31m[1m^[22m[
39m[31m[1m^[22m[39
m[31m[1m^[22m[39m
[31m[1m^[22m[39m[3
1m[1m^[22m[39m[31m
[1m^[22m[39m[31m[
1m^[22m[39m[31m[1m
^[22m[39m[31m[1m^
[22m[39m[31m[1m^[2
2m[39m[31m[1m^[22m
[39m[31m[1m^[22m[
39m[31m[1m^[22m[39
m[31m[1m^[22m[39m
[31m[1m^[22m[39m[3
1m[1m^[22m[39m[31m
[1m^[22m[39m[31m[
1m^[22m[39m[31m[1m
^[22m[39m[31m[1m^
[22m[39m[31m[1m^[2
2m[39m[31m[1m^[22m
[39m[31m[1m^[22m[
39m[31m[1m^[22m[39
m
 [90m 4 |[39m [33mO
bject[39m[33m.[39md
efineProperty(exports
[33m,[39m [32m"__esM
odule"[39m[33m,[39m
 {
 [90m 5 |[39m   
value[33m:[39m 
[36mtrue[39m
 [90m 6 |[39m 
})[33m;[39m[0m



Import traces:
  Client Component 
Browser:
    ./Downloads/backen
d-hub-api/node_modules
/@recurly/react-recurl
y/lib-dist/index.js 
[Client Component 
Browser]
    ./Downloads/backen
d-hub-api/src/app/page
.tsx [Client 
Component Browser]
    ./Downloads/backen
d-hub-api/src/app/page
.tsx [Server 
Component]

  Client Component 
SSR:
    ./Downloads/backen
d-hub-api/node_modules
/@recurly/react-recurl
y/lib-dist/index.js 
[Client Component SSR]
    ./Downloads/backen
d-hub-api/src/app/page
.tsx [Client 
Component SSR]
    ./Downloads/backen
d-hub-api/src/app/page
.tsx [Server 
Component]

https://nextjs.org/doc
s/messages/module-not-
found


./Downloads/backend-hu
b-api/node_modules/@re
curly/react-recurly/li
b-dist/provider.js:3:3
0
Module not found: 
Can't resolve '@babel/
runtime/helpers/intero
pRequireDefault'
[0m [90m 1 |[39m 
[32m"use strict"[39m
[33m;[39m
 [90m 2 |[39m
[31m[1m>[22m[39m[
90m 3 |[39m 
[36mvar[39m _interop
RequireDefault 
[33m=[39m require([
32m"@babel/runtime/hel
pers/interopRequireDef
ault"[39m)[33m;[39m
 [90m   |[39m       
                      
 [31m[1m^[22m[39m
[31m[1m^[22m[39m[3
1m[1m^[22m[39m[31m
[1m^[22m[39m[31m[
1m^[22m[39m[31m[1m
^[22m[39m[31m[1m^
[22m[39m[31m[1m^[2
2m[39m[31m[1m^[22m
[39m[31m[1m^[22m[
39m[31m[1m^[22m[39
m[31m[1m^[22m[39m
[31m[1m^[22m[39m[3
1m[1m^[22m[39m[31m
[1m^[22m[39m[31m[
1m^[22m[39m[31m[1m
^[22m[39m[31m[1m^
[22m[39m[31m[1m^[2
2m[39m[31m[1m^[22m
[39m[31m[1m^[22m[
39m[31m[1m^[22m[39
m[31m[1m^[22m[39m
[31m[1m^[22m[39m[3
1m[1m^[22m[39m[31m
[1m^[22m[39m[31m[
1m^[22m[39m[31m[1m
^[22m[39m[31m[1m^
[22m[39m[31m[1m^[2
2m[39m[31m[1m^[22m
[39m[31m[1m^[22m[
39m[31m[1m^[22m[39
m[31m[1m^[22m[39m
[31m[1m^[22m[39m[3
1m[1m^[22m[39m[31m
[1m^[22m[39m[31m[
1m^[22m[39m[31m[1m
^[22m[39m[31m[1m^
[22m[39m[31m[1m^[2
2m[39m[31m[1m^[22m
[39m[31m[1m^[22m[
39m[31m[1m^[22m[39
m[31m[1m^[22m[39m
[31m[1m^[22m[39m[3
1m[1m^[22m[39m[31m
[1m^[22m[39m[31m[
1m^[22m[39m[31m[1m
^[22m[39m[31m[1m^
[22m[39m[31m[1m^[2
2m[39m[31m[1m^[22m
[39m[31m[1m^[22m[
39m[31m[1m^[22m[39
m
 [90m 4 |[39m [33mO
bject[39m[33m.[39md
efineProperty(exports
[33m,[39m [32m"__esM
odule"[39m[33m,[39m
 {
 [90m 5 |[39m   
value[33m:[39m 
[36mtrue[39m
 [90m 6 |[39m 
})[33m;[39m[0m



Import traces:
  Client Component 
Browser:
    ./Downloads/backen
d-hub-api/node_modules
/@recurly/react-recurl
y/lib-dist/provider.js
 [Client Component 
Browser]
    ./Downloads/backen
d-hub-api/node_modules
/@recurly/react-recurl
y/lib-dist/index.js 
[Client Component 
Browser]
    ./Downloads/backen
d-hub-api/src/app/page
.tsx [Client 
Component Browser]
    ./Downloads/backen
d-hub-api/src/app/page
.tsx [Server 
Component]

  Client Component 
SSR:
    ./Downloads/backen
d-hub-api/node_modules
/@recurly/react-recurl
y/lib-dist/provider.js
 [Client Component 
SSR]
    ./Downloads/backen
d-hub-api/node_modules
/@recurly/react-recurl
y/lib-dist/index.js 
[Client Component SSR]
    ./Downloads/backen
d-hub-api/src/app/page
.tsx [Client 
Component SSR]
    ./Downloads/backen
d-hub-api/src/app/page
.tsx [Server 
Component]

https://nextjs.org/doc
s/messages/module-not-
found


./Downloads/backend-hu
b-api/node_modules/@re
curly/react-recurly/li
b-dist/risk-data-colle
ctor.js:3:30
Module not found: 
Can't resolve '@babel/
runtime/helpers/intero
pRequireDefault'
[0m [90m 1 |[39m 
[32m"use strict"[39m
[33m;[39m
 [90m 2 |[39m
[31m[1m>[22m[39m[
90m 3 |[39m 
[36mvar[39m _interop
RequireDefault 
[33m=[39m require([
32m"@babel/runtime/hel
pers/interopRequireDef
ault"[39m)[33m;[39m
 [90m   |[39m       
                      
 [31m[1m^[22m[39m
[31m[1m^[22m[39m[3
1m[1m^[22m[39m[31m
[1m^[22m[39m[31m[
1m^[22m[39m[31m[1m
^[22m[39m[31m[1m^
[22m[39m[31m[1m^[2
2m[39m[31m[1m^[22m
[39m[31m[1m^[22m[
39m[31m[1m^[22m[39
m[31m[1m^[22m[39m
[31m[1m^[22m[39m[3
1m[1m^[22m[39m[31m
[1m^[22m[39m[31m[
1m^[22m[39m[31m[1m
^[22m[39m[31m[1m^
[22m[39m[31m[1m^[2
2m[39m[31m[1m^[22m
[39m[31m[1m^[22m[
39m[31m[1m^[22m[39
m[31m[1m^[22m[39m
[31m[1m^[22m[39m[3
1m[1m^[22m[39m[31m
[1m^[22m[39m[31m[
1m^[22m[39m[31m[1m
^[22m[39m[31m[1m^
[22m[39m[31m[1m^[2
2m[39m[31m[1m^[22m
[39m[31m[1m^[22m[
39m[31m[1m^[22m[39
m[31m[1m^[22m[39m
[31m[1m^[22m[39m[3
1m[1m^[22m[39m[31m
[1m^[22m[39m[31m[
1m^[22m[39m[31m[1m
^[22m[39m[31m[1m^
[22m[39m[31m[1m^[2
2m[39m[31m[1m^[22m
[39m[31m[1m^[22m[
39m[31m[1m^[22m[39
m[31m[1m^[22m[39m
[31m[1m^[22m[39m[3
1m[1m^[22m[39m[31m
[1m^[22m[39m[31m[
1m^[22m[39m[31m[1m
^[22m[39m[31m[1m^
[22m[39m[31m[1m^[2
2m[39m[31m[1m^[22m
[39m[31m[1m^[22m[
39m[31m[1m^[22m[39
m
 [90m 4 |[39m [33mO
bject[39m[33m.[39md
efineProperty(exports
[33m,[39m [32m"__esM
odule"[39m[33m,[39m
 {
 [90m 5 |[39m   
value[33m:[39m 
[36mtrue[39m
 [90m 6 |[39m 
})[33m;[39m[0m



Import traces:
  Client Component 
Browser:
    ./Downloads/backen
d-hub-api/node_modules
/@recurly/react-recurl
y/lib-dist/risk-data-c
ollector.js [Client 
Component Browser]
    ./Downloads/backen
d-hub-api/node_modules
/@recurly/react-recurl
y/lib-dist/index.js 
[Client Component 
Browser]
    ./Downloads/backen
d-hub-api/src/app/page
.tsx [Client 
Component Browser]
    ./Downloads/backen
d-hub-api/src/app/page
.tsx [Server 
Component]

  Client Component 
SSR:
    ./Downloads/backen
d-hub-api/node_modules
/@recurly/react-recurl
y/lib-dist/risk-data-c
ollector.js [Client 
Component SSR]
    ./Downloads/backen
d-hub-api/node_modules
/@recurly/react-recurl
y/lib-dist/index.js 
[Client Component SSR]
    ./Downloads/backen
d-hub-api/src/app/page
.tsx [Client 
Component SSR]
    ./Downloads/backen
d-hub-api/src/app/page
.tsx [Server 
Component]

https://nextjs.org/doc
s/messages/module-not-
found


./Downloads/backend-hu
b-api/node_modules/@re
curly/react-recurly/li
b-dist/three-d-secure-
action.js:3:30
Module not found: 
Can't resolve '@babel/
runtime/helpers/intero
pRequireDefault'
[0m [90m 1 |[39m 
[32m"use strict"[39m
[33m;[39m
 [90m 2 |[39m
[31m[1m>[22m[39m[
90m 3 |[39m 
[36mvar[39m _interop
RequireDefault 
[33m=[39m require([
32m"@babel/runtime/hel
pers/interopRequireDef
ault"[39m)[33m;[39m
 [90m   |[39m       
                      
 [31m[1m^[22m[39m
[31m[1m^[22m[39m[3
1m[1m^[22m[39m[31m
[1m^[22m[39m[31m[
1m^[22m[39m[31m[1m
^[22m[39m[31m[1m^
[22m[39m[31m[1m^[2
2m[39m[31m[1m^[22m
[39m[31m[1m^[22m[
39m[31m[1m^[22m[39
m[31m[1m^[22m[39m
[31m[1m^[22m[39m[3
1m[1m^[22m[39m[31m
[1m^[22m[39m[31m[
1m^[22m[39m[31m[1m
^[22m[39m[31m[1m^
[22m[39m[31m[1m^[2
2m[39m[31m[1m^[22m
[39m[31m[1m^[22m[
39m[31m[1m^[22m[39
m[31m[1m^[22m[39m
[31m[1m^[22m[39m[3
1m[1m^[22m[39m[31m
[1m^[22m[39m[31m[
1m^[22m[39m[31m[1m
^[22m[39m[31m[1m^
[22m[39m[31m[1m^[2
2m[39m[31m[1m^[22m
[39m[31m[1m^[22m[
39m[31m[1m^[22m[39
m[31m[1m^[22m[39m
[31m[1m^[22m[39m[3
1m[1m^[22m[39m[31m
[1m^[22m[39m[31m[
1m^[22m[39m[31m[1m
^[22m[39m[31m[1m^
[22m[39m[31m[1m^[2
2m[39m[31m[1m^[22m
[39m[31m[1m^[22m[
39m[31m[1m^[22m[39
m[31m[1m^[22m[39m
[31m[1m^[22m[39m[3
1m[1m^[22m[39m[31m
[1m^[22m[39m[31m[
1m^[22m[39m[31m[1m
^[22m[39m[31m[1m^
[22m[39m[31m[1m^[2
2m[39m[31m[1m^[22m
[39m[31m[1m^[22m[
39m[31m[1m^[22m[39
m
 [90m 4 |[39m [33mO
bject[39m[33m.[39md
efineProperty(exports
[33m,[39m [32m"__esM
odule"[39m[33m,[39m
 {
 [90m 5 |[39m   
value[33m:[39m 
[36mtrue[39m
 [90m 6 |[39m 
})[33m;[39m[0m



Import traces:
  Client Component 
Browser:
    ./Downloads/backen
d-hub-api/node_modules
/@recurly/react-recurl
y/lib-dist/three-d-sec
ure-action.js [Client 
Component Browser]
    ./Downloads/backen
d-hub-api/node_modules
/@recurly/react-recurl
y/lib-dist/index.js 
[Client Component 
Browser]
    ./Downloads/backen
d-hub-api/src/app/page
.tsx [Client 
Component Browser]
    ./Downloads/backen
d-hub-api/src/app/page
.tsx [Server 
Component]

  Client Component 
SSR:
    ./Downloads/backen
d-hub-api/node_modules
/@recurly/react-recurl
y/lib-dist/three-d-sec
ure-action.js [Client 
Component SSR]
    ./Downloads/backen
d-hub-api/node_modules
/@recurly/react-recurl
y/lib-dist/index.js 
[Client Component SSR]
    ./Downloads/backen
d-hub-api/src/app/page
.tsx [Client 
Component SSR]
    ./Downloads/backen
d-hub-api/src/app/page
.tsx [Server 
Component]

https://nextjs.org/doc
s/messages/module-not-
found


./Downloads/backend-hu
b-api/node_modules/@re
curly/react-recurly/li
b-dist/use-checkout-pr
icing.js:3:30
Module not found: 
Can't resolve '@babel/
runtime/helpers/intero
pRequireDefault'
[0m [90m 1 |[39m 
[32m"use strict"[39m
[33m;[39m
 [90m 2 |[39m
[31m[1m>[22m[39m[
90m 3 |[39m 
[36mvar[39m _interop
RequireDefault 
[33m=[39m require([
32m"@babel/runtime/hel
pers/interopRequireDef
ault"[39m)[33m;[39m
 [90m   |[39m       
                      
 [31m[1m^[22m[39m
[31m[1m^[22m[39m[3
1m[1m^[22m[39m[31m
[1m^[22m[39m[31m[
1m^[22m[39m[31m[1m
^[22m[39m[31m[1m^
[22m[39m[31m[1m^[2
2m[39m[31m[1m^[22m
[39m[31m[1m^[22m[
39m[31m[1m^[22m[39
m[31m[1m^[22m[39m
[31m[1m^[22m[39m[3
1m[1m^[22m[39m[31m
[1m^[22m[39m[31m[
1m^[22m[39m[31m[1m
^[22m[39m[31m[1m^
[22m[39m[31m[1m^[2
2m[39m[31m[1m^[22m
[39m[31m[1m^[22m[
39m[31m[1m^[22m[39
m[31m[1m^[22m[39m
[31m[1m^[22m[39m[3
1m[1m^[22m[39m[31m
[1m^[22m[39m[31m[
1m^[22m[39m[31m[1m
^[22m[39m[31m[1m^
[22m[39m[31m[1m^[2
2m[39m[31m[1m^[22m
[39m[31m[1m^[22m[
39m[31m[1m^[22m[39
m[31m[1m^[22m[39m
[31m[1m^[22m[39m[3
1m[1m^[22m[39m[31m
[1m^[22m[39m[31m[
1m^[22m[39m[31m[1m
^[22m[39m[31m[1m^
[22m[39m[31m[1m^[2
2m[39m[31m[1m^[22m
[39m[31m[1m^[22m[
39m[31m[1m^[22m[39
m[31m[1m^[22m[39m
[31m[1m^[22m[39m[3
1m[1m^[22m[39m[31m
[1m^[22m[39m[31m[
1m^[22m[39m[31m[1m
^[22m[39m[31m[1m^
[22m[39m[31m[1m^[2
2m[39m[31m[1m^[22m
[39m[31m[1m^[22m[
39m[31m[1m^[22m[39
m
 [90m 4 |[39m [33mO
bject[39m[33m.[39md
efineProperty(exports
[33m,[39m [32m"__esM
odule"[39m[33m,[39m
 {
 [90m 5 |[39m   
value[33m:[39m 
[36mtrue[39m
 [90m 6 |[39m 
})[33m;[39m[0m



Import traces:
  Client Component 
Browser:
    ./Downloads/backen
d-hub-api/node_modules
/@recurly/react-recurl
y/lib-dist/use-checkou
t-pricing.js [Client 
Component Browser]
    ./Downloads/backen
d-hub-api/node_modules
/@recurly/react-recurl
y/lib-dist/index.js 
[Client Component 
Browser]
    ./Downloads/backen
d-hub-api/src/app/page
.tsx [Client 
Component Browser]
    ./Downloads/backen
d-hub-api/src/app/page
.tsx [Server 
Component]

  Client Component 
SSR:
    ./Downloads/backen
d-hub-api/node_modules
/@recurly/react-recurl
y/lib-dist/use-checkou
t-pricing.js [Client 
Component SSR]
    ./Downloads/backen
d-hub-api/node_modules
/@recurly/react-recurl
y/lib-dist/index.js 
[Client Component SSR]
    ./Downloads/backen
d-hub-api/src/app/page
.tsx [Client 
Component SSR]
    ./Downloads/backen
d-hub-api/src/app/page
.tsx [Server 
Component]

https://nextjs.org/doc
s/messages/module-not-
found


./Downloads/backend-hu
b-api/node_modules/@re
curly/react-recurly/li
b-dist/use-recurly.js:
3:30
Module not found: 
Can't resolve '@babel/
runtime/helpers/intero
pRequireDefault'
[0m [90m 1 |[39m 
[32m"use strict"[39m
[33m;[39m
 [90m 2 |[39m
[31m[1m>[22m[39m[
90m 3 |[39m 
[36mvar[39m _interop
RequireDefault 
[33m=[39m require([
32m"@babel/runtime/hel
pers/interopRequireDef
ault"[39m)[33m;[39m
 [90m   |[39m       
                      
 [31m[1m^[22m[39m
[31m[1m^[22m[39m[3
1m[1m^[22m[39m[31m
[1m^[22m[39m[31m[
1m^[22m[39m[31m[1m
^[22m[39m[31m[1m^
[22m[39m[31m[1m^[2
2m[39m[31m[1m^[22m
[39m[31m[1m^[22m[
39m[31m[1m^[22m[39
m[31m[1m^[22m[39m
[31m[1m^[22m[39m[3
1m[1m^[22m[39m[31m
[1m^[22m[39m[31m[
1m^[22m[39m[31m[1m
^[22m[39m[31m[1m^
[22m[39m[31m[1m^[2
2m[39m[31m[1m^[22m
[39m[31m[1m^[22m[
39m[31m[1m^[22m[39
m[31m[1m^[22m[39m
[31m[1m^[22m[39m[3
1m[1m^[22m[39m[31m
[1m^[22m[39m[31m[
1m^[22m[39m[31m[1m
^[22m[39m[31m[1m^
[22m[39m[31m[1m^[2
2m[39m[31m[1m^[22m
[39m[31m[1m^[22m[
39m[31m[1m^[22m[39
m[31m[1m^[22m[39m
[31m[1m^[22m[39m[3
1m[1m^[22m[39m[31m
[1m^[22m[39m[31m[
1m^[22m[39m[31m[1m
^[22m[39m[31m[1m^
[22m[39m[31m[1m^[2
2m[39m[31m[1m^[22m
[39m[31m[1m^[22m[
39m[31m[1m^[22m[39
m[31m[1m^[22m[39m
[31m[1m^[22m[39m[3
1m[1m^[22m[39m[31m
[1m^[22m[39m[31m[
1m^[22m[39m[31m[1m
^[22m[39m[31m[1m^
[22m[39m[31m[1m^[2
2m[39m[31m[1m^[22m
[39m[31m[1m^[22m[
39m[31m[1m^[22m[39
m
 [90m 4 |[39m [33mO
bject[39m[33m.[39md
efineProperty(exports
[33m,[39m [32m"__esM
odule"[39m[33m,[39m
 {
 [90m 5 |[39m   
value[33m:[39m 
[36mtrue[39m
 [90m 6 |[39m 
})[33m;[39m[0m



Import traces:
  Client Component 
Browser:
    ./Downloads/backen
d-hub-api/node_modules
/@recurly/react-recurl
y/lib-dist/use-recurly
.js [Client Component 
Browser]
    ./Downloads/backen
d-hub-api/node_modules
/@recurly/react-recurl
y/lib-dist/index.js 
[Client Component 
Browser]
    ./Downloads/backen
d-hub-api/src/app/page
.tsx [Client 
Component Browser]
    ./Downloads/backen
d-hub-api/src/app/page
.tsx [Server 
Component]

  Client Component 
SSR:
    ./Downloads/backen
d-hub-api/node_modules
/@recurly/react-recurl
y/lib-dist/use-recurly
.js [Client Component 
SSR]
    ./Downloads/backen
d-hub-api/node_modules
/@recurly/react-recurl
y/lib-dist/index.js 
[Client Component SSR]
    ./Downloads/backen
d-hub-api/src/app/page
.tsx [Client 
Component SSR]
    ./Downloads/backen
d-hub-api/src/app/page
.tsx [Server 
Component]

https://nextjs.org/doc
s/messages/module-not-
found


./Downloads/backend-hu
b-api/node_modules/@re
curly/react-recurly/li
b-dist/element/element
.js:15:56
Module not found: 
Can't resolve '@babel/
runtime/helpers/object
WithoutProperties'
[0m [90m 13 |[39m 
[36mvar[39m 
_getPrototypeOf2 
[33m=[39m _interopRe
quireDefault(require(
[32m"@babel/runtime/he
lpers/getPrototypeOf"
[39m))[33m;[39m
 [90m 14 |[39m 
[36mvar[39m 
_defineProperty2 
[33m=[39m _interopRe
quireDefault(require(
[32m"@babel/runtime/he
lpers/defineProperty"
[39m))[33m;[39m
[31m[1m>[22m[39m[
90m 15 |[39m 
[36mvar[39m _objectW
ithoutProperties2 
[33m=[39m _interopRe
quireDefault(require(
[32m"@babel/runtime/he
lpers/objectWithoutPro
perties"[39m))[33m;
[39m
 [90m    |[39m      
                      
                      
      [31m[1m^[22m
[39m[31m[1m^[22m[3
9m[31m[1m^[22m[39m
[31m[1m^[22m[39m[
31m[1m^[22m[39m[31
m[1m^[22m[39m[31m
[1m^[22m[39m[31m[1
m^[22m[39m[31m[1m^
[22m[39m[31m[1m^[
22m[39m[31m[1m^[22
m[39m[31m[1m^[22m
[39m[31m[1m^[22m[3
9m[31m[1m^[22m[39m
[31m[1m^[22m[39m[
31m[1m^[22m[39m[31
m[1m^[22m[39m[31m
[1m^[22m[39m[31m[1
m^[22m[39m[31m[1m^
[22m[39m[31m[1m^[
22m[39m[31m[1m^[22
m[39m[31m[1m^[22m
[39m[31m[1m^[22m[3
9m[31m[1m^[22m[39m
[31m[1m^[22m[39m[
31m[1m^[22m[39m[31
m[1m^[22m[39m[31m
[1m^[22m[39m[31m[1
m^[22m[39m[31m[1m^
[22m[39m[31m[1m^[
22m[39m[31m[1m^[22
m[39m[31m[1m^[22m
[39m[31m[1m^[22m[3
9m[31m[1m^[22m[39m
[31m[1m^[22m[39m[
31m[1m^[22m[39m[31
m[1m^[22m[39m[31m
[1m^[22m[39m[31m[1
m^[22m[39m[31m[1m^
[22m[39m[31m[1m^[
22m[39m[31m[1m^[22
m[39m[31m[1m^[22m
[39m[31m[1m^[22m[3
9m[31m[1m^[22m[39m
[31m[1m^[22m[39m[
31m[1m^[22m[39m[31
m[1m^[22m[39m[31m
[1m^[22m[39m[31m[1
m^[22m[39m[31m[1m^
[22m[39m[31m[1m^[
22m[39m[31m[1m^[22
m[39m[31m[1m^[22m
[39m[31m[1m^[22m[3
9m
 [90m 16 |[39m 
[36mvar[39m _react 
[33m=[39m _interopRe
quireDefault(require(
[32m"react"[39m))[33
m;[39m
 [90m 17 |[39m 
[36mvar[39m 
_propTypes 
[33m=[39m _interopRe
quireDefault(require(
[32m"prop-types"[39m)
)[33m;[39m
 [90m 18 |[39m 
[36mvar[39m 
_memoizeOne 
[33m=[39m _interopRe
quireDefault(require(
[32m"memoize-one"[39m
))[33m;[39m[0m



Import traces:
  Client Component 
Browser:
    ./Downloads/backen
d-hub-api/node_modules
/@recurly/react-recurl
y/lib-dist/element/ele
ment.js [Client 
Component Browser]
    ./Downloads/backen
d-hub-api/node_modules
/@recurly/react-recurl
y/lib-dist/element/car
d-cvv.js [Client 
Component Browser]
    ./Downloads/backen
d-hub-api/node_modules
/@recurly/react-recurl
y/lib-dist/index.js 
[Client Component 
Browser]
    ./Downloads/backen
d-hub-api/src/app/page
.tsx [Client 
Component Browser]
    ./Downloads/backen
d-hub-api/src/app/page
.tsx [Server 
Component]

  Client Component 
SSR:
    ./Downloads/backen
d-hub-api/node_modules
/@recurly/react-recurl
y/lib-dist/element/ele
ment.js [Client 
Component SSR]
    ./Downloads/backen
d-hub-api/node_modules
/@recurly/react-recurl
y/lib-dist/element/car
d-cvv.js [Client 
Component SSR]
    ./Downloads/backen
d-hub-api/node_modules
/@recurly/react-recurl
y/lib-dist/index.js 
[Client Component SSR]
    ./Downloads/backen
d-hub-api/src/app/page
.tsx [Client 
Component SSR]
    ./Downloads/backen
d-hub-api/src/app/page
.tsx [Server 
Component]

https://nextjs.org/doc
s/messages/module-not-
found


./Downloads/backend-hu
b-api/node_modules/@re
curly/react-recurly/li
b-dist/provider.js:8:5
6
Module not found: 
Can't resolve '@babel/
runtime/helpers/object
WithoutProperties'
[0m [90m  6 |[39m 
})[33m;[39m
 [90m  7 |[39m expor
ts[[32m"default"[39m
] [33m=[39m exports
[33m.[39m[33mRecurly
Context[39m 
[33m=[39m 
[36mvoid[39m 
[35m0[39m[33m;[39m
[31m[1m>[22m[39m[
90m  8 |[39m 
[36mvar[39m _objectW
ithoutProperties2 
[33m=[39m _interopRe
quireDefault(require(
[32m"@babel/runtime/he
lpers/objectWithoutPro
perties"[39m))[33m;
[39m
 [90m    |[39m      
                      
                      
      [31m[1m^[22m
[39m[31m[1m^[22m[3
9m[31m[1m^[22m[39m
[31m[1m^[22m[39m[
31m[1m^[22m[39m[31
m[1m^[22m[39m[31m
[1m^[22m[39m[31m[1
m^[22m[39m[31m[1m^
[22m[39m[31m[1m^[
22m[39m[31m[1m^[22
m[39m[31m[1m^[22m
[39m[31m[1m^[22m[3
9m[31m[1m^[22m[39m
[31m[1m^[22m[39m[
31m[1m^[22m[39m[31
m[1m^[22m[39m[31m
[1m^[22m[39m[31m[1
m^[22m[39m[31m[1m^
[22m[39m[31m[1m^[
22m[39m[31m[1m^[22
m[39m[31m[1m^[22m
[39m[31m[1m^[22m[3
9m[31m[1m^[22m[39m
[31m[1m^[22m[39m[
31m[1m^[22m[39m[31
m[1m^[22m[39m[31m
[1m^[22m[39m[31m[1
m^[22m[39m[31m[1m^
[22m[39m[31m[1m^[
22m[39m[31m[1m^[22
m[39m[31m[1m^[22m
[39m[31m[1m^[22m[3
9m[31m[1m^[22m[39m
[31m[1m^[22m[39m[
31m[1m^[22m[39m[31
m[1m^[22m[39m[31m
[1m^[22m[39m[31m[1
m^[22m[39m[31m[1m^
[22m[39m[31m[1m^[
22m[39m[31m[1m^[22
m[39m[31m[1m^[22m
[39m[31m[1m^[22m[3
9m[31m[1m^[22m[39m
[31m[1m^[22m[39m[
31m[1m^[22m[39m[31
m[1m^[22m[39m[31m
[1m^[22m[39m[31m[1
m^[22m[39m[31m[1m^
[22m[39m[31m[1m^[
22m[39m[31m[1m^[22
m[39m[31m[1m^[22m
[39m[31m[1m^[22m[3
9m
 [90m  9 |[39m 
[36mvar[39m 
_classCallCheck2 
[33m=[39m _interopRe
quireDefault(require(
[32m"@babel/runtime/he
lpers/classCallCheck"
[39m))[33m;[39m
 [90m 10 |[39m 
[36mvar[39m 
_createClass2 
[33m=[39m _interopRe
quireDefault(require(
[32m"@babel/runtime/he
lpers/createClass"[39
m))[33m;[39m
 [90m 11 |[39m 
[36mvar[39m 
_inherits2 
[33m=[39m _interopRe
quireDefault(require(
[32m"@babel/runtime/he
lpers/inherits"[39m))
[33m;[39m[0m



Import traces:
  Client Component 
Browser:
    ./Downloads/backen
d-hub-api/node_modules
/@recurly/react-recurl
y/lib-dist/provider.js
 [Client Component 
Browser]
    ./Downloads/backen
d-hub-api/node_modules
/@recurly/react-recurl
y/lib-dist/index.js 
[Client Component 
Browser]
    ./Downloads/backen
d-hub-api/src/app/page
.tsx [Client 
Component Browser]
    ./Downloads/backen
d-hub-api/src/app/page
.tsx [Server 
Component]

  Client Component 
SSR:
    ./Downloads/backen
d-hub-api/node_modules
/@recurly/react-recurl
y/lib-dist/provider.js
 [Client Component 
SSR]
    ./Downloads/backen
d-hub-api/node_modules
/@recurly/react-recurl
y/lib-dist/index.js 
[Client Component SSR]
    ./Downloads/backen
d-hub-api/src/app/page
.tsx [Client 
Component SSR]
    ./Downloads/backen
d-hub-api/src/app/page
.tsx [Server 
Component]

https://nextjs.org/doc
s/messages/module-not-
found


./Downloads/backend-hu
b-api/node_modules/@re
curly/react-recurly/li
b-dist/use-checkout-pr
icing.js:10:56
Module not found: 
Can't resolve '@babel/
runtime/helpers/object
WithoutProperties'
[0m [90m  8 |[39m e
xports[33m.[39mthrow
Error [33m=[39m 
throwError[33m;[39m
 [90m  9 |[39m 
[36mvar[39m 
_toConsumableArray2 
[33m=[39m _interopRe
quireDefault(require(
[32m"@babel/runtime/he
lpers/toConsumableArra
y"[39m))[33m;[39m
[31m[1m>[22m[39m[
90m 10 |[39m 
[36mvar[39m _objectW
ithoutProperties2 
[33m=[39m _interopRe
quireDefault(require(
[32m"@babel/runtime/he
lpers/objectWithoutPro
perties"[39m))[33m;
[39m
 [90m    |[39m      
                      
                      
      [31m[1m^[22m
[39m[31m[1m^[22m[3
9m[31m[1m^[22m[39m
[31m[1m^[22m[39m[
31m[1m^[22m[39m[31
m[1m^[22m[39m[31m
[1m^[22m[39m[31m[1
m^[22m[39m[31m[1m^
[22m[39m[31m[1m^[
22m[39m[31m[1m^[22
m[39m[31m[1m^[22m
[39m[31m[1m^[22m[3
9m[31m[1m^[22m[39m
[31m[1m^[22m[39m[
31m[1m^[22m[39m[31
m[1m^[22m[39m[31m
[1m^[22m[39m[31m[1
m^[22m[39m[31m[1m^
[22m[39m[31m[1m^[
22m[39m[31m[1m^[22
m[39m[31m[1m^[22m
[39m[31m[1m^[22m[3
9m[31m[1m^[22m[39m
[31m[1m^[22m[39m[
31m[1m^[22m[39m[31
m[1m^[22m[39m[31m
[1m^[22m[39m[31m[1
m^[22m[39m[31m[1m^
[22m[39m[31m[1m^[
22m[39m[31m[1m^[22
m[39m[31m[1m^[22m
[39m[31m[1m^[22m[3
9m[31m[1m^[22m[39m
[31m[1m^[22m[39m[
31m[1m^[22m[39m[31
m[1m^[22m[39m[31m
[1m^[22m[39m[31m[1
m^[22m[39m[31m[1m^
[22m[39m[31m[1m^[
22m[39m[31m[1m^[22
m[39m[31m[1m^[22m
[39m[31m[1m^[22m[3
9m[31m[1m^[22m[39m
[31m[1m^[22m[39m[
31m[1m^[22m[39m[31
m[1m^[22m[39m[31m
[1m^[22m[39m[31m[1
m^[22m[39m[31m[1m^
[22m[39m[31m[1m^[
22m[39m[31m[1m^[22
m[39m[31m[1m^[22m
[39m[31m[1m^[22m[3
9m
 [90m 11 |[39m 
[36mvar[39m 
_slicedToArray2 
[33m=[39m _interopRe
quireDefault(require(
[32m"@babel/runtime/he
lpers/slicedToArray"[
39m))[33m;[39m
 [90m 12 |[39m 
[36mvar[39m _react 
[33m=[39m require([
32m"react"[39m)[33m;
[39m
 [90m 13 |[39m 
[36mvar[39m 
_useRecurly 
[33m=[39m _interopRe
quireDefault(require(
[32m"./use-recurly"[3
9m))[33m;[39m[0m



Import traces:
  Client Component 
Browser:
    ./Downloads/backen
d-hub-api/node_modules
/@recurly/react-recurl
y/lib-dist/use-checkou
t-pricing.js [Client 
Component Browser]
    ./Downloads/backen
d-hub-api/node_modules
/@recurly/react-recurl
y/lib-dist/index.js 
[Client Component 
Browser]
    ./Downloads/backen
d-hub-api/src/app/page
.tsx [Client 
Component Browser]
    ./Downloads/backen
d-hub-api/src/app/page
.tsx [Server 
Component]

  Client Component 
SSR:
    ./Downloads/backen
d-hub-api/node_modules
/@recurly/react-recurl
y/lib-dist/use-checkou
t-pricing.js [Client 
Component SSR]
    ./Downloads/backen
d-hub-api/node_modules
/@recurly/react-recurl
y/lib-dist/index.js 
[Client Component SSR]
    ./Downloads/backen
d-hub-api/src/app/page
.tsx [Client 
Component SSR]
    ./Downloads/backen
d-hub-api/src/app/page
.tsx [Server 
Component]

https://nextjs.org/doc
s/messages/module-not-
found


./Downloads/backend-hu
b-api/node_modules/@re
curly/react-recurly/li
b-dist/element/card-cv
v.js:11:58
Module not found: 
Can't resolve '@babel/
runtime/helpers/possib
leConstructorReturn'
[0m [90m  9 |[39m 
[36mvar[39m 
_classCallCheck2 
[33m=[39m _interopRe
quireDefault(require(
[32m"@babel/runtime/he
lpers/classCallCheck"
[39m))[33m;[39m
 [90m 10 |[39m 
[36mvar[39m 
_inherits2 
[33m=[39m _interopRe
quireDefault(require(
[32m"@babel/runtime/he
lpers/inherits"[39m))
[33m;[39m
[31m[1m>[22m[39m[
90m 11 |[39m 
[36mvar[39m _possibl
eConstructorReturn2 
[33m=[39m _interopRe
quireDefault(require(
[32m"@babel/runtime/he
lpers/possibleConstruc
torReturn"[39m))[33m
;[39m
 [90m    |[39m      
                      
                      
        [31m[1m^[22
m[39m[31m[1m^[22m
[39m[31m[1m^[22m[3
9m[31m[1m^[22m[39m
[31m[1m^[22m[39m[
31m[1m^[22m[39m[31
m[1m^[22m[39m[31m
[1m^[22m[39m[31m[1
m^[22m[39m[31m[1m^
[22m[39m[31m[1m^[
22m[39m[31m[1m^[22
m[39m[31m[1m^[22m
[39m[31m[1m^[22m[3
9m[31m[1m^[22m[39m
[31m[1m^[22m[39m[
31m[1m^[22m[39m[31
m[1m^[22m[39m[31m
[1m^[22m[39m[31m[1
m^[22m[39m[31m[1m^
[22m[39m[31m[1m^[
22m[39m[31m[1m^[22
m[39m[31m[1m^[22m
[39m[31m[1m^[22m[3
9m[31m[1m^[22m[39m
[31m[1m^[22m[39m[
31m[1m^[22m[39m[31
m[1m^[22m[39m[31m
[1m^[22m[39m[31m[1
m^[22m[39m[31m[1m^
[22m[39m[31m[1m^[
22m[39m[31m[1m^[22
m[39m[31m[1m^[22m
[39m[31m[1m^[22m[3
9m[31m[1m^[22m[39m
[31m[1m^[22m[39m[
31m[1m^[22m[39m[31
m[1m^[22m[39m[31m
[1m^[22m[39m[31m[1
m^[22m[39m[31m[1m^
[22m[39m[31m[1m^[
22m[39m[31m[1m^[22
m[39m[31m[1m^[22m
[39m[31m[1m^[22m[3
9m[31m[1m^[22m[39m
[31m[1m^[22m[39m[
31m[1m^[22m[39m[31
m[1m^[22m[39m[31m
[1m^[22m[39m[31m[1
m^[22m[39m[31m[1m^
[22m[39m[31m[1m^[
22m[39m[31m[1m^[22
m[39m[31m[1m^[22m
[39m[31m[1m^[22m[3
9m[31m[1m^[22m[39m
 [90m 12 |[39m 
[36mvar[39m 
_getPrototypeOf2 
[33m=[39m _interopRe
quireDefault(require(
[32m"@babel/runtime/he
lpers/getPrototypeOf"
[39m))[33m;[39m
 [90m 13 |[39m 
[36mvar[39m 
_defineProperty2 
[33m=[39m _interopRe
quireDefault(require(
[32m"@babel/runtime/he
lpers/defineProperty"
[39m))[33m;[39m
 [90m 14 |[39m 
[36mvar[39m 
_element [33m=[39m _
interopRequireDefault(
require([32m"./elemen
t"[39m))[33m;[39m[
0m



Import traces:
  Client Component 
Browser:
    ./Downloads/backen
d-hub-api/node_modules
/@recurly/react-recurl
y/lib-dist/element/car
d-cvv.js [Client 
Component Browser]
    ./Downloads/backen
d-hub-api/node_modules
/@recurly/react-recurl
y/lib-dist/index.js 
[Client Component 
Browser]
    ./Downloads/backen
d-hub-api/src/app/page
.tsx [Client 
Component Browser]
    ./Downloads/backen
d-hub-api/src/app/page
.tsx [Server 
Component]

  Client Component 
SSR:
    ./Downloads/backen
d-hub-api/node_modules
/@recurly/react-recurl
y/lib-dist/element/car
d-cvv.js [Client 
Component SSR]
    ./Downloads/backen
d-hub-api/node_modules
/@recurly/react-recurl
y/lib-dist/index.js 
[Client Component SSR]
    ./Downloads/backen
d-hub-api/src/app/page
.tsx [Client 
Component SSR]
    ./Downloads/backen
d-hub-api/src/app/page
.tsx [Server 
Component]

https://nextjs.org/doc
s/messages/module-not-
found


./Downloads/backend-hu
b-api/node_modules/@re
curly/react-recurly/li
b-dist/element/card-mo
nth.js:11:58
Module not found: 
Can't resolve '@babel/
runtime/helpers/possib
leConstructorReturn'
[0m [90m  9 |[39m 
[36mvar[39m 
_classCallCheck2 
[33m=[39m _interopRe
quireDefault(require(
[32m"@babel/runtime/he
lpers/classCallCheck"
[39m))[33m;[39m
 [90m 10 |[39m 
[36mvar[39m 
_inherits2 
[33m=[39m _interopRe
quireDefault(require(
[32m"@babel/runtime/he
lpers/inherits"[39m))
[33m;[39m
[31m[1m>[22m[39m[
90m 11 |[39m 
[36mvar[39m _possibl
eConstructorReturn2 
[33m=[39m _interopRe
quireDefault(require(
[32m"@babel/runtime/he
lpers/possibleConstruc
torReturn"[39m))[33m
;[39m
 [90m    |[39m      
                      
                      
        [31m[1m^[22
m[39m[31m[1m^[22m
[39m[31m[1m^[22m[3
9m[31m[1m^[22m[39m
[31m[1m^[22m[39m[
31m[1m^[22m[39m[31
m[1m^[22m[39m[31m
[1m^[22m[39m[31m[1
m^[22m[39m[31m[1m^
[22m[39m[31m[1m^[
22m[39m[31m[1m^[22
m[39m[31m[1m^[22m
[39m[31m[1m^[22m[3
9m[31m[1m^[22m[39m
[31m[1m^[22m[39m[
31m[1m^[22m[39m[31
m[1m^[22m[39m[31m
[1m^[22m[39m[31m[1
m^[22m[39m[31m[1m^
[22m[39m[31m[1m^[
22m[39m[31m[1m^[22
m[39m[31m[1m^[22m
[39m[31m[1m^[22m[3
9m[31m[1m^[22m[39m
[31m[1m^[22m[39m[
31m[1m^[22m[39m[31
m[1m^[22m[39m[31m
[1m^[22m[39m[31m[1
m^[22m[39m[31m[1m^
[22m[39m[31m[1m^[
22m[39m[31m[1m^[22
m[39m[31m[1m^[22m
[39m[31m[1m^[22m[3
9m[31m[1m^[22m[39m
[31m[1m^[22m[39m[
31m[1m^[22m[39m[31
m[1m^[22m[39m[31m
[1m^[22m[39m[31m[1
m^[22m[39m[31m[1m^
[22m[39m[31m[1m^[
22m[39m[31m[1m^[22
m[39m[31m[1m^[22m
[39m[31m[1m^[22m[3
9m[31m[1m^[22m[39m
[31m[1m^[22m[39m[
31m[1m^[22m[39m[31
m[1m^[22m[39m[31m
[1m^[22m[39m[31m[1
m^[22m[39m[31m[1m^
[22m[39m[31m[1m^[
22m[39m[31m[1m^[22
m[39m[31m[1m^[22m
[39m[31m[1m^[22m[3
9m[31m[1m^[22m[39m
 [90m 12 |[39m 
[36mvar[39m 
_getPrototypeOf2 
[33m=[39m _interopRe
quireDefault(require(
[32m"@babel/runtime/he
lpers/getPrototypeOf"
[39m))[33m;[39m
 [90m 13 |[39m 
[36mvar[39m 
_defineProperty2 
[33m=[39m _interopRe
quireDefault(require(
[32m"@babel/runtime/he
lpers/defineProperty"
[39m))[33m;[39m
 [90m 14 |[39m 
[36mvar[39m 
_element [33m=[39m _
interopRequireDefault(
require([32m"./elemen
t"[39m))[33m;[39m[
0m



Import traces:
  Client Component 
Browser:
    ./Downloads/backen
d-hub-api/node_modules
/@recurly/react-recurl
y/lib-dist/element/car
d-month.js [Client 
Component Browser]
    ./Downloads/backen
d-hub-api/node_modules
/@recurly/react-recurl
y/lib-dist/index.js 
[Client Component 
Browser]
    ./Downloads/backen
d-hub-api/src/app/page
.tsx [Client 
Component Browser]
    ./Downloads/backen
d-hub-api/src/app/page
.tsx [Server 
Component]

  Client Component 
SSR:
    ./Downloads/backen
d-hub-api/node_modules
/@recurly/react-recurl
y/lib-dist/element/car
d-month.js [Client 
Component SSR]
    ./Downloads/backen
d-hub-api/node_modules
/@recurly/react-recurl
y/lib-dist/index.js 
[Client Component SSR]
    ./Downloads/backen
d-hub-api/src/app/page
.tsx [Client 
Component SSR]
    ./Downloads/backen
d-hub-api/src/app/page
.tsx [Server 
Component]

https://nextjs.org/doc
s/messages/module-not-
found


./Downloads/backend-hu
b-api/node_modules/@re
curly/react-recurly/li
b-dist/element/card-nu
mber.js:11:58
Module not found: 
Can't resolve '@babel/
runtime/helpers/possib
leConstructorReturn'
[0m [90m  9 |[39m 
[36mvar[39m 
_classCallCheck2 
[33m=[39m _interopRe
quireDefault(require(
[32m"@babel/runtime/he
lpers/classCallCheck"
[39m))[33m;[39m
 [90m 10 |[39m 
[36mvar[39m 
_inherits2 
[33m=[39m _interopRe
quireDefault(require(
[32m"@babel/runtime/he
lpers/inherits"[39m))
[33m;[39m
[31m[1m>[22m[39m[
90m 11 |[39m 
[36mvar[39m _possibl
eConstructorReturn2 
[33m=[39m _interopRe
quireDefault(require(
[32m"@babel/runtime/he
lpers/possibleConstruc
torReturn"[39m))[33m
;[39m
 [90m    |[39m      
                      
                      
        [31m[1m^[22
m[39m[31m[1m^[22m
[39m[31m[1m^[22m[3
9m[31m[1m^[22m[39m
[31m[1m^[22m[39m[
31m[1m^[22m[39m[31
m[1m^[22m[39m[31m
[1m^[22m[39m[31m[1
m^[22m[39m[31m[1m^
[22m[39m[31m[1m^[
22m[39m[31m[1m^[22
m[39m[31m[1m^[22m
[39m[31m[1m^[22m[3
9m[31m[1m^[22m[39m
[31m[1m^[22m[39m[
31m[1m^[22m[39m[31
m[1m^[22m[39m[31m
[1m^[22m[39m[31m[1
m^[22m[39m[31m[1m^
[22m[39m[31m[1m^[
22m[39m[31m[1m^[22
m[39m[31m[1m^[22m
[39m[31m[1m^[22m[3
9m[31m[1m^[22m[39m
[31m[1m^[22m[39m[
31m[1m^[22m[39m[31
m[1m^[22m[39m[31m
[1m^[22m[39m[31m[1
m^[22m[39m[31m[1m^
[22m[39m[31m[1m^[
22m[39m[31m[1m^[22
m[39m[31m[1m^[22m
[39m[31m[1m^[22m[3
9m[31m[1m^[22m[39m
[31m[1m^[22m[39m[
31m[1m^[22m[39m[31
m[1m^[22m[39m[31m
[1m^[22m[39m[31m[1
m^[22m[39m[31m[1m^
[22m[39m[31m[1m^[
22m[39m[31m[1m^[22
m[39m[31m[1m^[22m
[39m[31m[1m^[22m[3
9m[31m[1m^[22m[39m
[31m[1m^[22m[39m[
31m[1m^[22m[39m[31
m[1m^[22m[39m[31m
[1m^[22m[39m[31m[1
m^[22m[39m[31m[1m^
[22m[39m[31m[1m^[
22m[39m[31m[1m^[22
m[39m[31m[1m^[22m
[39m[31m[1m^[22m[3
9m[31m[1m^[22m[39m
 [90m 12 |[39m 
[36mvar[39m 
_getPrototypeOf2 
[33m=[39m _interopRe
quireDefault(require(
[32m"@babel/runtime/he
lpers/getPrototypeOf"
[39m))[33m;[39m
 [90m 13 |[39m 
[36mvar[39m 
_defineProperty2 
[33m=[39m _interopRe
quireDefault(require(
[32m"@babel/runtime/he
lpers/defineProperty"
[39m))[33m;[39m
 [90m 14 |[39m 
[36mvar[39m 
_element [33m=[39m _
interopRequireDefault(
require([32m"./elemen
t"[39m))[33m;[39m[
0m



Import traces:
  Client Component 
Browser:
    ./Downloads/backen
d-hub-api/node_modules
/@recurly/react-recurl
y/lib-dist/element/car
d-number.js [Client 
Component Browser]
    ./Downloads/backen
d-hub-api/node_modules
/@recurly/react-recurl
y/lib-dist/index.js 
[Client Component 
Browser]
    ./Downloads/backen
d-hub-api/src/app/page
.tsx [Client 
Component Browser]
    ./Downloads/backen
d-hub-api/src/app/page
.tsx [Server 
Component]

  Client Component 
SSR:
    ./Downloads/backen
d-hub-api/node_modules
/@recurly/react-recurl
y/lib-dist/element/car
d-number.js [Client 
Component SSR]
    ./Downloads/backen
d-hub-api/node_modules
/@recurly/react-recurl
y/lib-dist/index.js 
[Client Component SSR]
    ./Downloads/backen
d-hub-api/src/app/page
.tsx [Client 
Component SSR]
    ./Downloads/backen
d-hub-api/src/app/page
.tsx [Server 
Component]

https://nextjs.org/doc
s/messages/module-not-
found


./Downloads/backend-hu
b-api/node_modules/@re
curly/react-recurly/li
b-dist/element/card-ye
ar.js:11:58
Module not found: 
Can't resolve '@babel/
runtime/helpers/possib
leConstructorReturn'
[0m [90m  9 |[39m 
[36mvar[39m 
_classCallCheck2 
[33m=[39m _interopRe
quireDefault(require(
[32m"@babel/runtime/he
lpers/classCallCheck"
[39m))[33m;[39m
 [90m 10 |[39m 
[36mvar[39m 
_inherits2 
[33m=[39m _interopRe
quireDefault(require(
[32m"@babel/runtime/he
lpers/inherits"[39m))
[33m;[39m
[31m[1m>[22m[39m[
90m 11 |[39m 
[36mvar[39m _possibl
eConstructorReturn2 
[33m=[39m _interopRe
quireDefault(require(
[32m"@babel/runtime/he
lpers/possibleConstruc
torReturn"[39m))[33m
;[39m
 [90m    |[39m      
                      
                      
        [31m[1m^[22
m[39m[31m[1m^[22m
[39m[31m[1m^[22m[3
9m[31m[1m^[22m[39m
[31m[1m^[22m[39m[
31m[1m^[22m[39m[31
m[1m^[22m[39m[31m
[1m^[22m[39m[31m[1
m^[22m[39m[31m[1m^
[22m[39m[31m[1m^[
22m[39m[31m[1m^[22
m[39m[31m[1m^[22m
[39m[31m[1m^[22m[3
9m[31m[1m^[22m[39m
[31m[1m^[22m[39m[
31m[1m^[22m[39m[31
m[1m^[22m[39m[31m
[1m^[22m[39m[31m[1
m^[22m[39m[31m[1m^
[22m[39m[31m[1m^[
22m[39m[31m[1m^[22
m[39m[31m[1m^[22m
[39m[31m[1m^[22m[3
9m[31m[1m^[22m[39m
[31m[1m^[22m[39m[
31m[1m^[22m[39m[31
m[1m^[22m[39m[31m
[1m^[22m[39m[31m[1
m^[22m[39m[31m[1m^
[22m[39m[31m[1m^[
22m[39m[31m[1m^[22
m[39m[31m[1m^[22m
[39m[31m[1m^[22m[3
9m[31m[1m^[22m[39m
[31m[1m^[22m[39m[
31m[1m^[22m[39m[31
m[1m^[22m[39m[31m
[1m^[22m[39m[31m[1
m^[22m[39m[31m[1m^
[22m[39m[31m[1m^[
22m[39m[31m[1m^[22
m[39m[31m[1m^[22m
[39m[31m[1m^[22m[3
9m[31m[1m^[22m[39m
[31m[1m^[22m[39m[
31m[1m^[22m[39m[31
m[1m^[22m[39m[31m
[1m^[22m[39m[31m[1
m^[22m[39m[31m[1m^
[22m[39m[31m[1m^[
22m[39m[31m[1m^[22
m[39m[31m[1m^[22m
[39m[31m[1m^[22m[3
9m[31m[1m^[22m[39m
 [90m 12 |[39m 
[36mvar[39m 
_getPrototypeOf2 
[33m=[39m _interopRe
quireDefault(require(
[32m"@babel/runtime/he
lpers/getPrototypeOf"
[39m))[33m;[39m
 [90m 13 |[39m 
[36mvar[39m 
_defineProperty2 
[33m=[39m _interopRe
quireDefault(require(
[32m"@babel/runtime/he
lpers/defineProperty"
[39m))[33m;[39m
 [90m 14 |[39m 
[36mvar[39m 
_element [33m=[39m _
interopRequireDefault(
require([32m"./elemen
t"[39m))[33m;[39m[
0m



Import traces:
  Client Component 
Browser:
    ./Downloads/backen
d-hub-api/node_modules
/@recurly/react-recurl
y/lib-dist/element/car
d-year.js [Client 
Component Browser]
    ./Downloads/backen
d-hub-api/node_modules
/@recurly/react-recurl
y/lib-dist/index.js 
[Client Component 
Browser]
    ./Downloads/backen
d-hub-api/src/app/page
.tsx [Client 
Component Browser]
    ./Downloads/backen
d-hub-api/src/app/page
.tsx [Server 
Component]

  Client Component 
SSR:
    ./Downloads/backen
d-hub-api/node_modules
/@recurly/react-recurl
y/lib-dist/element/car
d-year.js [Client 
Component SSR]
    ./Downloads/backen
d-hub-api/node_modules
/@recurly/react-recurl
y/lib-dist/index.js 
[Client Component SSR]
    ./Downloads/backen
d-hub-api/src/app/page
.tsx [Client 
Component SSR]
    ./Downloads/backen
d-hub-api/src/app/page
.tsx [Server 
Component]

https://nextjs.org/doc
s/messages/module-not-
found


./Downloads/backend-hu
b-api/node_modules/@re
curly/react-recurly/li
b-dist/element/card.js
:11:58
Module not found: 
Can't resolve '@babel/
runtime/helpers/possib
leConstructorReturn'
[0m [90m  9 |[39m 
[36mvar[39m 
_classCallCheck2 
[33m=[39m _interopRe
quireDefault(require(
[32m"@babel/runtime/he
lpers/classCallCheck"
[39m))[33m;[39m
 [90m 10 |[39m 
[36mvar[39m 
_inherits2 
[33m=[39m _interopRe
quireDefault(require(
[32m"@babel/runtime/he
lpers/inherits"[39m))
[33m;[39m
[31m[1m>[22m[39m[
90m 11 |[39m 
[36mvar[39m _possibl
eConstructorReturn2 
[33m=[39m _interopRe
quireDefault(require(
[32m"@babel/runtime/he
lpers/possibleConstruc
torReturn"[39m))[33m
;[39m
 [90m    |[39m      
                      
                      
        [31m[1m^[22
m[39m[31m[1m^[22m
[39m[31m[1m^[22m[3
9m[31m[1m^[22m[39m
[31m[1m^[22m[39m[
31m[1m^[22m[39m[31
m[1m^[22m[39m[31m
[1m^[22m[39m[31m[1
m^[22m[39m[31m[1m^
[22m[39m[31m[1m^[
22m[39m[31m[1m^[22
m[39m[31m[1m^[22m
[39m[31m[1m^[22m[3
9m[31m[1m^[22m[39m
[31m[1m^[22m[39m[
31m[1m^[22m[39m[31
m[1m^[22m[39m[31m
[1m^[22m[39m[31m[1
m^[22m[39m[31m[1m^
[22m[39m[31m[1m^[
22m[39m[31m[1m^[22
m[39m[31m[1m^[22m
[39m[31m[1m^[22m[3
9m[31m[1m^[22m[39m
[31m[1m^[22m[39m[
31m[1m^[22m[39m[31
m[1m^[22m[39m[31m
[1m^[22m[39m[31m[1
m^[22m[39m[31m[1m^
[22m[39m[31m[1m^[
22m[39m[31m[1m^[22
m[39m[31m[1m^[22m
[39m[31m[1m^[22m[3
9m[31m[1m^[22m[39m
[31m[1m^[22m[39m[
31m[1m^[22m[39m[31
m[1m^[22m[39m[31m
[1m^[22m[39m[31m[1
m^[22m[39m[31m[1m^
[22m[39m[31m[1m^[
22m[39m[31m[1m^[22
m[39m[31m[1m^[22m
[39m[31m[1m^[22m[3
9m[31m[1m^[22m[39m
[31m[1m^[22m[39m[
31m[1m^[22m[39m[31
m[1m^[22m[39m[31m
[1m^[22m[39m[31m[1
m^[22m[39m[31m[1m^
[22m[39m[31m[1m^[
22m[39m[31m[1m^[22
m[39m[31m[1m^[22m
[39m[31m[1m^[22m[3
9m[31m[1m^[22m[39m
 [90m 12 |[39m 
[36mvar[39m 
_getPrototypeOf2 
[33m=[39m _interopRe
quireDefault(require(
[32m"@babel/runtime/he
lpers/getPrototypeOf"
[39m))[33m;[39m
 [90m 13 |[39m 
[36mvar[39m 
_defineProperty2 
[33m=[39m _interopRe
quireDefault(require(
[32m"@babel/runtime/he
lpers/defineProperty"
[39m))[33m;[39m
 [90m 14 |[39m 
[36mvar[39m 
_element [33m=[39m _
interopRequireDefault(
require([32m"./elemen
t"[39m))[33m;[39m[
0m



Import traces:
  Client Component 
Browser:
    ./Downloads/backen
d-hub-api/node_modules
/@recurly/react-recurl
y/lib-dist/element/car
d.js [Client 
Component Browser]
    ./Downloads/backen
d-hub-api/node_modules
/@recurly/react-recurl
y/lib-dist/index.js 
[Client Component 
Browser]
    ./Downloads/backen
d-hub-api/src/app/page
.tsx [Client 
Component Browser]
    ./Downloads/backen
d-hub-api/src/app/page
.tsx [Server 
Component]

  Client Component 
SSR:
    ./Downloads/backen
d-hub-api/node_modules
/@recurly/react-recurl
y/lib-dist/element/car
d.js [Client 
Component SSR]
    ./Downloads/backen
d-hub-api/node_modules
/@recurly/react-recurl
y/lib-dist/index.js 
[Client Component SSR]
    ./Downloads/backen
d-hub-api/src/app/page
.tsx [Client 
Component SSR]
    ./Downloads/backen
d-hub-api/src/app/page
.tsx [Server 
Component]

https://nextjs.org/doc
s/messages/module-not-
found


./Downloads/backend-hu
b-api/node_modules/@re
curly/react-recurly/li
b-dist/element/element
.js:12:58
Module not found: 
Can't resolve '@babel/
runtime/helpers/possib
leConstructorReturn'
[0m [90m 10 |[39m 
[36mvar[39m _assertT
hisInitialized2 
[33m=[39m _interopRe
quireDefault(require(
[32m"@babel/runtime/he
lpers/assertThisInitia
lized"[39m))[33m;[3
9m
 [90m 11 |[39m 
[36mvar[39m 
_inherits2 
[33m=[39m _interopRe
quireDefault(require(
[32m"@babel/runtime/he
lpers/inherits"[39m))
[33m;[39m
[31m[1m>[22m[39m[
90m 12 |[39m 
[36mvar[39m _possibl
eConstructorReturn2 
[33m=[39m _interopRe
quireDefault(require(
[32m"@babel/runtime/he
lpers/possibleConstruc
torReturn"[39m))[33m
;[39m
 [90m    |[39m      
                      
                      
        [31m[1m^[22
m[39m[31m[1m^[22m
[39m[31m[1m^[22m[3
9m[31m[1m^[22m[39m
[31m[1m^[22m[39m[
31m[1m^[22m[39m[31
m[1m^[22m[39m[31m
[1m^[22m[39m[31m[1
m^[22m[39m[31m[1m^
[22m[39m[31m[1m^[
22m[39m[31m[1m^[22
m[39m[31m[1m^[22m
[39m[31m[1m^[22m[3
9m[31m[1m^[22m[39m
[31m[1m^[22m[39m[
31m[1m^[22m[39m[31
m[1m^[22m[39m[31m
[1m^[22m[39m[31m[1
m^[22m[39m[31m[1m^
[22m[39m[31m[1m^[
22m[39m[31m[1m^[22
m[39m[31m[1m^[22m
[39m[31m[1m^[22m[3
9m[31m[1m^[22m[39m
[31m[1m^[22m[39m[
31m[1m^[22m[39m[31
m[1m^[22m[39m[31m
[1m^[22m[39m[31m[1
m^[22m[39m[31m[1m^
[22m[39m[31m[1m^[
22m[39m[31m[1m^[22
m[39m[31m[1m^[22m
[39m[31m[1m^[22m[3
9m[31m[1m^[22m[39m
[31m[1m^[22m[39m[
31m[1m^[22m[39m[31
m[1m^[22m[39m[31m
[1m^[22m[39m[31m[1
m^[22m[39m[31m[1m^
[22m[39m[31m[1m^[
22m[39m[31m[1m^[22
m[39m[31m[1m^[22m
[39m[31m[1m^[22m[3
9m[31m[1m^[22m[39m
[31m[1m^[22m[39m[
31m[1m^[22m[39m[31
m[1m^[22m[39m[31m
[1m^[22m[39m[31m[1
m^[22m[39m[31m[1m^
[22m[39m[31m[1m^[
22m[39m[31m[1m^[22
m[39m[31m[1m^[22m
[39m[31m[1m^[22m[3
9m[31m[1m^[22m[39m
 [90m 13 |[39m 
[36mvar[39m 
_getPrototypeOf2 
[33m=[39m _interopRe
quireDefault(require(
[32m"@babel/runtime/he
lpers/getPrototypeOf"
[39m))[33m;[39m
 [90m 14 |[39m 
[36mvar[39m 
_defineProperty2 
[33m=[39m _interopRe
quireDefault(require(
[32m"@babel/runtime/he
lpers/defineProperty"
[39m))[33m;[39m
 [90m 15 |[39m 
[36mvar[39m _objectW
ithoutProperties2 
[33m=[39m _interopRe
quireDefault(require(
[32m"@babel/runtime/he
lpers/objectWithoutPro
perties"[39m))[33m;
[39m[0m



Import traces:
  Client Component 
Browser:
    ./Downloads/backen
d-hub-api/node_modules
/@recurly/react-recurl
y/lib-dist/element/ele
ment.js [Client 
Component Browser]
    ./Downloads/backen
d-hub-api/node_modules
/@recurly/react-recurl
y/lib-dist/element/car
d-cvv.js [Client 
Component Browser]
    ./Downloads/backen
d-hub-api/node_modules
/@recurly/react-recurl
y/lib-dist/index.js 
[Client Component 
Browser]
    ./Downloads/backen
d-hub-api/src/app/page
.tsx [Client 
Component Browser]
    ./Downloads/backen
d-hub-api/src/app/page
.tsx [Server 
Component]

  Client Component 
SSR:
    ./Downloads/backen
d-hub-api/node_modules
/@recurly/react-recurl
y/lib-dist/element/ele
ment.js [Client 
Component SSR]
    ./Downloads/backen
d-hub-api/node_modules
/@recurly/react-recurl
y/lib-dist/element/car
d-cvv.js [Client 
Component SSR]
    ./Downloads/backen
d-hub-api/node_modules
/@recurly/react-recurl
y/lib-dist/index.js 
[Client Component SSR]
    ./Downloads/backen
d-hub-api/src/app/page
.tsx [Client 
Component SSR]
    ./Downloads/backen
d-hub-api/src/app/page
.tsx [Server 
Component]

https://nextjs.org/doc
s/messages/module-not-
found


./Downloads/backend-hu
b-api/node_modules/@re
curly/react-recurly/li
b-dist/elements.js:11:
58
Module not found: 
Can't resolve '@babel/
runtime/helpers/possib
leConstructorReturn'
[0m [90m  9 |[39m 
[36mvar[39m 
_createClass2 
[33m=[39m _interopRe
quireDefault(require(
[32m"@babel/runtime/he
lpers/createClass"[39
m))[33m;[39m
 [90m 10 |[39m 
[36mvar[39m 
_inherits2 
[33m=[39m _interopRe
quireDefault(require(
[32m"@babel/runtime/he
lpers/inherits"[39m))
[33m;[39m
[31m[1m>[22m[39m[
90m 11 |[39m 
[36mvar[39m _possibl
eConstructorReturn2 
[33m=[39m _interopRe
quireDefault(require(
[32m"@babel/runtime/he
lpers/possibleConstruc
torReturn"[39m))[33m
;[39m
 [90m    |[39m      
                      
                      
        [31m[1m^[22
m[39m[31m[1m^[22m
[39m[31m[1m^[22m[3
9m[31m[1m^[22m[39m
[31m[1m^[22m[39m[
31m[1m^[22m[39m[31
m[1m^[22m[39m[31m
[1m^[22m[39m[31m[1
m^[22m[39m[31m[1m^
[22m[39m[31m[1m^[
22m[39m[31m[1m^[22
m[39m[31m[1m^[22m
[39m[31m[1m^[22m[3
9m[31m[1m^[22m[39m
[31m[1m^[22m[39m[
31m[1m^[22m[39m[31
m[1m^[22m[39m[31m
[1m^[22m[39m[31m[1
m^[22m[39m[31m[1m^
[22m[39m[31m[1m^[
22m[39m[31m[1m^[22
m[39m[31m[1m^[22m
[39m[31m[1m^[22m[3
9m[31m[1m^[22m[39m
[31m[1m^[22m[39m[
31m[1m^[22m[39m[31
m[1m^[22m[39m[31m
[1m^[22m[39m[31m[1
m^[22m[39m[31m[1m^
[22m[39m[31m[1m^[
22m[39m[31m[1m^[22
m[39m[31m[1m^[22m
[39m[31m[1m^[22m[3
9m[31m[1m^[22m[39m
[31m[1m^[22m[39m[
31m[1m^[22m[39m[31
m[1m^[22m[39m[31m
[1m^[22m[39m[31m[1
m^[22m[39m[31m[1m^
[22m[39m[31m[1m^[
22m[39m[31m[1m^[22
m[39m[31m[1m^[22m
[39m[31m[1m^[22m[3
9m[31m[1m^[22m[39m
[31m[1m^[22m[39m[
31m[1m^[22m[39m[31
m[1m^[22m[39m[31m
[1m^[22m[39m[31m[1
m^[22m[39m[31m[1m^
[22m[39m[31m[1m^[
22m[39m[31m[1m^[22
m[39m[31m[1m^[22m
[39m[31m[1m^[22m[3
9m[31m[1m^[22m[39m
 [90m 12 |[39m 
[36mvar[39m 
_getPrototypeOf2 
[33m=[39m _interopRe
quireDefault(require(
[32m"@babel/runtime/he
lpers/getPrototypeOf"
[39m))[33m;[39m
 [90m 13 |[39m 
[36mvar[39m 
_defineProperty2 
[33m=[39m _interopRe
quireDefault(require(
[32m"@babel/runtime/he
lpers/defineProperty"
[39m))[33m;[39m
 [90m 14 |[39m 
[36mvar[39m _react 
[33m=[39m _interopRe
quireDefault(require(
[32m"react"[39m))[33
m;[39m[0m



Import traces:
  Client Component 
Browser:
    ./Downloads/backen
d-hub-api/node_modules
/@recurly/react-recurl
y/lib-dist/elements.js
 [Client Component 
Browser]
    ./Downloads/backen
d-hub-api/node_modules
/@recurly/react-recurl
y/lib-dist/index.js 
[Client Component 
Browser]
    ./Downloads/backen
d-hub-api/src/app/page
.tsx [Client 
Component Browser]
    ./Downloads/backen
d-hub-api/src/app/page
.tsx [Server 
Component]

  Client Component 
SSR:
    ./Downloads/backen
d-hub-api/node_modules
/@recurly/react-recurl
y/lib-dist/elements.js
 [Client Component 
SSR]
    ./Downloads/backen
d-hub-api/node_modules
/@recurly/react-recurl
y/lib-dist/index.js 
[Client Component SSR]
    ./Downloads/backen
d-hub-api/src/app/page
.tsx [Client 
Component SSR]
    ./Downloads/backen
d-hub-api/src/app/page
.tsx [Server 
Component]

https://nextjs.org/doc
s/messages/module-not-
found


./Downloads/backend-hu
b-api/node_modules/@re
curly/react-recurly/li
b-dist/provider.js:12:
58
Module not found: 
Can't resolve '@babel/
runtime/helpers/possib
leConstructorReturn'
[0m [90m 10 |[39m 
[36mvar[39m 
_createClass2 
[33m=[39m _interopRe
quireDefault(require(
[32m"@babel/runtime/he
lpers/createClass"[39
m))[33m;[39m
 [90m 11 |[39m 
[36mvar[39m 
_inherits2 
[33m=[39m _interopRe
quireDefault(require(
[32m"@babel/runtime/he
lpers/inherits"[39m))
[33m;[39m
[31m[1m>[22m[39m[
90m 12 |[39m 
[36mvar[39m _possibl
eConstructorReturn2 
[33m=[39m _interopRe
quireDefault(require(
[32m"@babel/runtime/he
lpers/possibleConstruc
torReturn"[39m))[33m
;[39m
 [90m    |[39m      
                      
                      
        [31m[1m^[22
m[39m[31m[1m^[22m
[39m[31m[1m^[22m[3
9m[31m[1m^[22m[39m
[31m[1m^[22m[39m[
31m[1m^[22m[39m[31
m[1m^[22m[39m[31m
[1m^[22m[39m[31m[1
m^[22m[39m[31m[1m^
[22m[39m[31m[1m^[
22m[39m[31m[1m^[22
m[39m[31m[1m^[22m
[39m[31m[1m^[22m[3
9m[31m[1m^[22m[39m
[31m[1m^[22m[39m[
31m[1m^[22m[39m[31
m[1m^[22m[39m[31m
[1m^[22m[39m[31m[1
m^[22m[39m[31m[1m^
[22m[39m[31m[1m^[
22m[39m[31m[1m^[22
m[39m[31m[1m^[22m
[39m[31m[1m^[22m[3
9m[31m[1m^[22m[39m
[31m[1m^[22m[39m[
31m[1m^[22m[39m[31
m[1m^[22m[39m[31m
[1m^[22m[39m[31m[1
m^[22m[39m[31m[1m^
[22m[39m[31m[1m^[
22m[39m[31m[1m^[22
m[39m[31m[1m^[22m
[39m[31m[1m^[22m[3
9m[31m[1m^[22m[39m
[31m[1m^[22m[39m[
31m[1m^[22m[39m[31
m[1m^[22m[39m[31m
[1m^[22m[39m[31m[1
m^[22m[39m[31m[1m^
[22m[39m[31m[1m^[
22m[39m[31m[1m^[22
m[39m[31m[1m^[22m
[39m[31m[1m^[22m[3
9m[31m[1m^[22m[39m
[31m[1m^[22m[39m[
31m[1m^[22m[39m[31
m[1m^[22m[39m[31m
[1m^[22m[39m[31m[1
m^[22m[39m[31m[1m^
[22m[39m[31m[1m^[
22m[39m[31m[1m^[22
m[39m[31m[1m^[22m
[39m[31m[1m^[22m[3
9m[31m[1m^[22m[39m
 [90m 13 |[39m 
[36mvar[39m 
_getPrototypeOf2 
[33m=[39m _interopRe
quireDefault(require(
[32m"@babel/runtime/he
lpers/getPrototypeOf"
[39m))[33m;[39m
 [90m 14 |[39m 
[36mvar[39m 
_defineProperty2 
[33m=[39m _interopRe
quireDefault(require(
[32m"@babel/runtime/he
lpers/defineProperty"
[39m))[33m;[39m
 [90m 15 |[39m 
[36mvar[39m _react 
[33m=[39m _interopRe
quireDefault(require(
[32m"react"[39m))[33
m;[39m[0m



Import traces:
  Client Component 
Browser:
    ./Downloads/backen
d-hub-api/node_modules
/@recurly/react-recurl
y/lib-dist/provider.js
 [Client Component 
Browser]
    ./Downloads/backen
d-hub-api/node_modules
/@recurly/react-recurl
y/lib-dist/index.js 
[Client Component 
Browser]
    ./Downloads/backen
d-hub-api/src/app/page
.tsx [Client 
Component Browser]
    ./Downloads/backen
d-hub-api/src/app/page
.tsx [Server 
Component]

  Client Component 
SSR:
    ./Downloads/backen
d-hub-api/node_modules
/@recurly/react-recurl
y/lib-dist/provider.js
 [Client Component 
SSR]
    ./Downloads/backen
d-hub-api/node_modules
/@recurly/react-recurl
y/lib-dist/index.js 
[Client Component SSR]
    ./Downloads/backen
d-hub-api/src/app/page
.tsx [Client 
Component SSR]
    ./Downloads/backen
d-hub-api/src/app/page
.tsx [Server 
Component]

https://nextjs.org/doc
s/messages/module-not-
found


./Downloads/backend-hu
b-api/node_modules/@re
curly/react-recurly/li
b-dist/risk-data-colle
ctor.js:11:58
Module not found: 
Can't resolve '@babel/
runtime/helpers/possib
leConstructorReturn'
[0m [90m  9 |[39m 
[36mvar[39m 
_createClass2 
[33m=[39m _interopRe
quireDefault(require(
[32m"@babel/runtime/he
lpers/createClass"[39
m))[33m;[39m
 [90m 10 |[39m 
[36mvar[39m 
_inherits2 
[33m=[39m _interopRe
quireDefault(require(
[32m"@babel/runtime/he
lpers/inherits"[39m))
[33m;[39m
[31m[1m>[22m[39m[
90m 11 |[39m 
[36mvar[39m _possibl
eConstructorReturn2 
[33m=[39m _interopRe
quireDefault(require(
[32m"@babel/runtime/he
lpers/possibleConstruc
torReturn"[39m))[33m
;[39m
 [90m    |[39m      
                      
                      
        [31m[1m^[22
m[39m[31m[1m^[22m
[39m[31m[1m^[22m[3
9m[31m[1m^[22m[39m
[31m[1m^[22m[39m[
31m[1m^[22m[39m[31
m[1m^[22m[39m[31m
[1m^[22m[39m[31m[1
m^[22m[39m[31m[1m^
[22m[39m[31m[1m^[
22m[39m[31m[1m^[22
m[39m[31m[1m^[22m
[39m[31m[1m^[22m[3
9m[31m[1m^[22m[39m
[31m[1m^[22m[39m[
31m[1m^[22m[39m[31
m[1m^[22m[39m[31m
[1m^[22m[39m[31m[1
m^[22m[39m[31m[1m^
[22m[39m[31m[1m^[
22m[39m[31m[1m^[22
m[39m[31m[1m^[22m
[39m[31m[1m^[22m[3
9m[31m[1m^[22m[39m
[31m[1m^[22m[39m[
31m[1m^[22m[39m[31
m[1m^[22m[39m[31m
[1m^[22m[39m[31m[1
m^[22m[39m[31m[1m^
[22m[39m[31m[1m^[
22m[39m[31m[1m^[22
m[39m[31m[1m^[22m
[39m[31m[1m^[22m[3
9m[31m[1m^[22m[39m
[31m[1m^[22m[39m[
31m[1m^[22m[39m[31
m[1m^[22m[39m[31m
[1m^[22m[39m[31m[1
m^[22m[39m[31m[1m^
[22m[39m[31m[1m^[
22m[39m[31m[1m^[22
m[39m[31m[1m^[22m
[39m[31m[1m^[22m[3
9m[31m[1m^[22m[39m
[31m[1m^[22m[39m[
31m[1m^[22m[39m[31
m[1m^[22m[39m[31m
[1m^[22m[39m[31m[1
m^[22m[39m[31m[1m^
[22m[39m[31m[1m^[
22m[39m[31m[1m^[22
m[39m[31m[1m^[22m
[39m[31m[1m^[22m[3
9m[31m[1m^[22m[39m
 [90m 12 |[39m 
[36mvar[39m 
_getPrototypeOf2 
[33m=[39m _interopRe
quireDefault(require(
[32m"@babel/runtime/he
lpers/getPrototypeOf"
[39m))[33m;[39m
 [90m 13 |[39m 
[36mvar[39m 
_defineProperty2 
[33m=[39m _interopRe
quireDefault(require(
[32m"@babel/runtime/he
lpers/defineProperty"
[39m))[33m;[39m
 [90m 14 |[39m 
[36mvar[39m _react 
[33m=[39m _interopRe
quireDefault(require(
[32m"react"[39m))[33
m;[39m[0m



Import traces:
  Client Component 
Browser:
    ./Downloads/backen
d-hub-api/node_modules
/@recurly/react-recurl
y/lib-dist/risk-data-c
ollector.js [Client 
Component Browser]
    ./Downloads/backen
d-hub-api/node_modules
/@recurly/react-recurl
y/lib-dist/index.js 
[Client Component 
Browser]
    ./Downloads/backen
d-hub-api/src/app/page
.tsx [Client 
Component Browser]
    ./Downloads/backen
d-hub-api/src/app/page
.tsx [Server 
Component]

  Client Component 
SSR:
    ./Downloads/backen
d-hub-api/node_modules
/@recurly/react-recurl
y/lib-dist/risk-data-c
ollector.js [Client 
Component SSR]
    ./Downloads/backen
d-hub-api/node_modules
/@recurly/react-recurl
y/lib-dist/index.js 
[Client Component SSR]
    ./Downloads/backen
d-hub-api/src/app/page
.tsx [Client 
Component SSR]
    ./Downloads/backen
d-hub-api/src/app/page
.tsx [Server 
Component]

https://nextjs.org/doc
s/messages/module-not-
found


./Downloads/backend-hu
b-api/node_modules/@re
curly/react-recurly/li
b-dist/three-d-secure-
action.js:11:58
Module not found: 
Can't resolve '@babel/
runtime/helpers/possib
leConstructorReturn'
[0m [90m  9 |[39m 
[36mvar[39m 
_createClass2 
[33m=[39m _interopRe
quireDefault(require(
[32m"@babel/runtime/he
lpers/createClass"[39
m))[33m;[39m
 [90m 10 |[39m 
[36mvar[39m 
_inherits2 
[33m=[39m _interopRe
quireDefault(require(
[32m"@babel/runtime/he
lpers/inherits"[39m))
[33m;[39m
[31m[1m>[22m[39m[
90m 11 |[39m 
[36mvar[39m _possibl
eConstructorReturn2 
[33m=[39m _interopRe
quireDefault(require(
[32m"@babel/runtime/he
lpers/possibleConstruc
torReturn"[39m))[33m
;[39m
 [90m    |[39m      
                      
                      
        [31m[1m^[22
m[39m[31m[1m^[22m
[39m[31m[1m^[22m[3
9m[31m[1m^[22m[39m
[31m[1m^[22m[39m[
31m[1m^[22m[39m[31
m[1m^[22m[39m[31m
[1m^[22m[39m[31m[1
m^[22m[39m[31m[1m^
[22m[39m[31m[1m^[
22m[39m[31m[1m^[22
m[39m[31m[1m^[22m
[39m[31m[1m^[22m[3
9m[31m[1m^[22m[39m
[31m[1m^[22m[39m[
31m[1m^[22m[39m[31
m[1m^[22m[39m[31m
[1m^[22m[39m[31m[1
m^[22m[39m[31m[1m^
[22m[39m[31m[1m^[
22m[39m[31m[1m^[22
m[39m[31m[1m^[22m
[39m[31m[1m^[22m[3
9m[31m[1m^[22m[39m
[31m[1m^[22m[39m[
31m[1m^[22m[39m[31
m[1m^[22m[39m[31m
[1m^[22m[39m[31m[1
m^[22m[39m[31m[1m^
[22m[39m[31m[1m^[
22m[39m[31m[1m^[22
m[39m[31m[1m^[22m
[39m[31m[1m^[22m[3
9m[31m[1m^[22m[39m
[31m[1m^[22m[39m[
31m[1m^[22m[39m[31
m[1m^[22m[39m[31m
[1m^[22m[39m[31m[1
m^[22m[39m[31m[1m^
[22m[39m[31m[1m^[
22m[39m[31m[1m^[22
m[39m[31m[1m^[22m
[39m[31m[1m^[22m[3
9m[31m[1m^[22m[39m
[31m[1m^[22m[39m[
31m[1m^[22m[39m[31
m[1m^[22m[39m[31m
[1m^[22m[39m[31m[1
m^[22m[39m[31m[1m^
[22m[39m[31m[1m^[
22m[39m[31m[1m^[22
m[39m[31m[1m^[22m
[39m[31m[1m^[22m[3
9m[31m[1m^[22m[39m
 [90m 12 |[39m 
[36mvar[39m 
_getPrototypeOf2 
[33m=[39m _interopRe
quireDefault(require(
[32m"@babel/runtime/he
lpers/getPrototypeOf"
[39m))[33m;[39m
 [90m 13 |[39m 
[36mvar[39m 
_defineProperty2 
[33m=[39m _interopRe
quireDefault(require(
[32m"@babel/runtime/he
lpers/defineProperty"
[39m))[33m;[39m
 [90m 14 |[39m 
[36mvar[39m _react 
[33m=[39m _interopRe
quireDefault(require(
[32m"react"[39m))[33
m;[39m[0m



Import traces:
  Client Component 
Browser:
    ./Downloads/backen
d-hub-api/node_modules
/@recurly/react-recurl
y/lib-dist/three-d-sec
ure-action.js [Client 
Component Browser]
    ./Downloads/backen
d-hub-api/node_modules
/@recurly/react-recurl
y/lib-dist/index.js 
[Client Component 
Browser]
    ./Downloads/backen
d-hub-api/src/app/page
.tsx [Client 
Component Browser]
    ./Downloads/backen
d-hub-api/src/app/page
.tsx [Server 
Component]

  Client Component 
SSR:
    ./Downloads/backen
d-hub-api/node_modules
/@recurly/react-recurl
y/lib-dist/three-d-sec
ure-action.js [Client 
Component SSR]
    ./Downloads/backen
d-hub-api/node_modules
/@recurly/react-recurl
y/lib-dist/index.js 
[Client Component SSR]
    ./Downloads/backen
d-hub-api/src/app/page
.tsx [Client 
Component SSR]
    ./Downloads/backen
d-hub-api/src/app/page
.tsx [Server 
Component]

https://nextjs.org/doc
s/messages/module-not-
found


./Downloads/backend-hu
b-api/node_modules/@re
curly/react-recurly/li
b-dist/use-checkout-pr
icing.js:11:46
Module not found: 
Can't resolve '@babel/
runtime/helpers/sliced
ToArray'
[0m [90m  9 |[39m 
[36mvar[39m 
_toConsumableArray2 
[33m=[39m _interopRe
quireDefault(require(
[32m"@babel/runtime/he
lpers/toConsumableArra
y"[39m))[33m;[39m
 [90m 10 |[39m 
[36mvar[39m _objectW
ithoutProperties2 
[33m=[39m _interopRe
quireDefault(require(
[32m"@babel/runtime/he
lpers/objectWithoutPro
perties"[39m))[33m;
[39m
[31m[1m>[22m[39m[
90m 11 |[39m 
[36mvar[39m 
_slicedToArray2 
[33m=[39m _interopRe
quireDefault(require(
[32m"@babel/runtime/he
lpers/slicedToArray"[
39m))[33m;[39m
 [90m    |[39m      
                      
                  [31
m[1m^[22m[39m[31m
[1m^[22m[39m[31m[1
m^[22m[39m[31m[1m^
[22m[39m[31m[1m^[
22m[39m[31m[1m^[22
m[39m[31m[1m^[22m
[39m[31m[1m^[22m[3
9m[31m[1m^[22m[39m
[31m[1m^[22m[39m[
31m[1m^[22m[39m[31
m[1m^[22m[39m[31m
[1m^[22m[39m[31m[1
m^[22m[39m[31m[1m^
[22m[39m[31m[1m^[
22m[39m[31m[1m^[22
m[39m[31m[1m^[22m
[39m[31m[1m^[22m[3
9m[31m[1m^[22m[39m
[31m[1m^[22m[39m[
31m[1m^[22m[39m[31
m[1m^[22m[39m[31m
[1m^[22m[39m[31m[1
m^[22m[39m[31m[1m^
[22m[39m[31m[1m^[
22m[39m[31m[1m^[22
m[39m[31m[1m^[22m
[39m[31m[1m^[22m[3
9m[31m[1m^[22m[39m
[31m[1m^[22m[39m[
31m[1m^[22m[39m[31
m[1m^[22m[39m[31m
[1m^[22m[39m[31m[1
m^[22m[39m[31m[1m^
[22m[39m[31m[1m^[
22m[39m[31m[1m^[22
m[39m[31m[1m^[22m
[39m[31m[1m^[22m[3
9m[31m[1m^[22m[39m
[31m[1m^[22m[39m[
31m[1m^[22m[39m[31
m[1m^[22m[39m[31m
[1m^[22m[39m[31m[1
m^[22m[39m
 [90m 12 |[39m 
[36mvar[39m _react 
[33m=[39m require([
32m"react"[39m)[33m;
[39m
 [90m 13 |[39m 
[36mvar[39m 
_useRecurly 
[33m=[39m _interopRe
quireDefault(require(
[32m"./use-recurly"[3
9m))[33m;[39m
 [90m 14 |[39m 
[36mvar[39m 
_excluded [33m=[39m 
[[32m"subscriptions"
[39m[33m,[39m [32m"
adjustments"[39m][33
m;[39m[0m



Import traces:
  Client Component 
Browser:
    ./Downloads/backen
d-hub-api/node_modules
/@recurly/react-recurl
y/lib-dist/use-checkou
t-pricing.js [Client 
Component Browser]
    ./Downloads/backen
d-hub-api/node_modules
/@recurly/react-recurl
y/lib-dist/index.js 
[Client Component 
Browser]
    ./Downloads/backen
d-hub-api/src/app/page
.tsx [Client 
Component Browser]
    ./Downloads/backen
d-hub-api/src/app/page
.tsx [Server 
Component]

  Client Component 
SSR:
    ./Downloads/backen
d-hub-api/node_modules
/@recurly/react-recurl
y/lib-dist/use-checkou
t-pricing.js [Client 
Component SSR]
    ./Downloads/backen
d-hub-api/node_modules
/@recurly/react-recurl
y/lib-dist/index.js 
[Client Component SSR]
    ./Downloads/backen
d-hub-api/src/app/page
.tsx [Client 
Component SSR]
    ./Downloads/backen
d-hub-api/src/app/page
.tsx [Server 
Component]

https://nextjs.org/doc
s/messages/module-not-
found


./Downloads/backend-hu
b-api/node_modules/@re
curly/react-recurly/li
b-dist/use-checkout-pr
icing.js:9:50
Module not found: 
Can't resolve '@babel/
runtime/helpers/toCons
umableArray'
[0m [90m  7 |[39m e
xports[[32m"default"
[39m] [33m=[39m useC
heckoutPricing[33m;[
39m
 [90m  8 |[39m expor
ts[33m.[39mthrowErro
r [33m=[39m 
throwError[33m;[39m
[31m[1m>[22m[39m[
90m  9 |[39m 
[36mvar[39m 
_toConsumableArray2 
[33m=[39m _interopRe
quireDefault(require(
[32m"@babel/runtime/he
lpers/toConsumableArra
y"[39m))[33m;[39m
 [90m    |[39m      
                      
                      
[31m[1m^[22m[39m[
31m[1m^[22m[39m[31
m[1m^[22m[39m[31m
[1m^[22m[39m[31m[1
m^[22m[39m[31m[1m^
[22m[39m[31m[1m^[
22m[39m[31m[1m^[22
m[39m[31m[1m^[22m
[39m[31m[1m^[22m[3
9m[31m[1m^[22m[39m
[31m[1m^[22m[39m[
31m[1m^[22m[39m[31
m[1m^[22m[39m[31m
[1m^[22m[39m[31m[1
m^[22m[39m[31m[1m^
[22m[39m[31m[1m^[
22m[39m[31m[1m^[22
m[39m[31m[1m^[22m
[39m[31m[1m^[22m[3
9m[31m[1m^[22m[39m
[31m[1m^[22m[39m[
31m[1m^[22m[39m[31
m[1m^[22m[39m[31m
[1m^[22m[39m[31m[1
m^[22m[39m[31m[1m^
[22m[39m[31m[1m^[
22m[39m[31m[1m^[22
m[39m[31m[1m^[22m
[39m[31m[1m^[22m[3
9m[31m[1m^[22m[39m
[31m[1m^[22m[39m[
31m[1m^[22m[39m[31
m[1m^[22m[39m[31m
[1m^[22m[39m[31m[1
m^[22m[39m[31m[1m^
[22m[39m[31m[1m^[
22m[39m[31m[1m^[22
m[39m[31m[1m^[22m
[39m[31m[1m^[22m[3
9m[31m[1m^[22m[39m
[31m[1m^[22m[39m[
31m[1m^[22m[39m[31
m[1m^[22m[39m[31m
[1m^[22m[39m[31m[1
m^[22m[39m[31m[1m^
[22m[39m[31m[1m^[
22m[39m
 [90m 10 |[39m 
[36mvar[39m _objectW
ithoutProperties2 
[33m=[39m _interopRe
quireDefault(require(
[32m"@babel/runtime/he
lpers/objectWithoutPro
perties"[39m))[33m;
[39m
 [90m 11 |[39m 
[36mvar[39m 
_slicedToArray2 
[33m=[39m _interopRe
quireDefault(require(
[32m"@babel/runtime/he
lpers/slicedToArray"[
39m))[33m;[39m
 [90m 12 |[39m 
[36mvar[39m _react 
[33m=[39m require([
32m"react"[39m)[33m;
[39m[0m



Import traces:
  Client Component 
Browser:
    ./Downloads/backen
d-hub-api/node_modules
/@recurly/react-recurl
y/lib-dist/use-checkou
t-pricing.js [Client 
Component Browser]
    ./Downloads/backen
d-hub-api/node_modules
/@recurly/react-recurl
y/lib-dist/index.js 
[Client Component 
Browser]
    ./Downloads/backen
d-hub-api/src/app/page
.tsx [Client 
Component Browser]
    ./Downloads/backen
d-hub-api/src/app/page
.tsx [Server 
Component]

  Client Component 
SSR:
    ./Downloads/backen
d-hub-api/node_modules
/@recurly/react-recurl
y/lib-dist/use-checkou
t-pricing.js [Client 
Component SSR]
    ./Downloads/backen
d-hub-api/node_modules
/@recurly/react-recurl
y/lib-dist/index.js 
[Client Component SSR]
    ./Downloads/backen
d-hub-api/src/app/page
.tsx [Client 
Component SSR]
    ./Downloads/backen
d-hub-api/src/app/page
.tsx [Server 
Component]

https://nextjs.org/doc
s/messages/module-not-
found


    at ./Downloads/bac
kend-hub-api/node_modu
les/ (recurly/react-re
curly/lib-dist/element
/element.js:10:54)
    at <unknown> (http
s://nextjs.org/docs/me
ssages/module-not-foun
d)
    at ./Downloads/bac
kend-hub-api/node_modu
les/ (recurly/react-re
curly/lib-dist/element
/card-cvv.js:9:47)
    at <unknown> (http
s://nextjs.org/docs/me
ssages/module-not-foun
d)
    at ./Downloads/bac
kend-hub-api/node_modu
les/ (recurly/react-re
curly/lib-dist/element
/card-month.js:9:47)
    at <unknown> (http
s://nextjs.org/docs/me
ssages/module-not-foun
d)
    at ./Downloads/bac
kend-hub-api/node_modu
les/ (recurly/react-re
curly/lib-dist/element
/card-number.js:9:47)
    at <unknown> (http
s://nextjs.org/docs/me
ssages/module-not-foun
d)
    at ./Downloads/bac
kend-hub-api/node_modu
les/ (recurly/react-re
curly/lib-dist/element
/card-year.js:9:47)
    at <unknown> (http
s://nextjs.org/docs/me
ssages/module-not-foun
d)
    at ./Downloads/bac
kend-hub-api/node_modu
les/ (recurly/react-re
curly/lib-dist/element
/card.js:9:47)
    at <unknown> (http
s://nextjs.org/docs/me
ssages/module-not-foun
d)
    at ./Downloads/bac
kend-hub-api/node_modu
les/ (recurly/react-re
curly/lib-dist/element
/element.js:8:47)
    at <unknown> (http
s://nextjs.org/docs/me
ssages/module-not-foun
d)
    at ./Downloads/bac
kend-hub-api/node_modu
les/ (recurly/react-re
curly/lib-dist/element
s.js:8:47)
    at <unknown> (http
s://nextjs.org/docs/me
ssages/module-not-foun
d)
    at ./Downloads/bac
kend-hub-api/node_modu
les/ (recurly/react-re
curly/lib-dist/provide
r.js:9:47)
    at <unknown> (http
s://nextjs.org/docs/me
ssages/module-not-foun
d)
    at ./Downloads/bac
kend-hub-api/node_modu
les/ (recurly/react-re
curly/lib-dist/risk-da
ta-collector.js:8:47)
    at <unknown> (http
s://nextjs.org/docs/me
ssages/module-not-foun
d)
    at ./Downloads/bac
kend-hub-api/node_modu
les/ (recurly/react-re
curly/lib-dist/three-d
-secure-action.js:8:47
)
    at <unknown> (http
s://nextjs.org/docs/me
ssages/module-not-foun
d)
    at ./Downloads/bac
kend-hub-api/node_modu
les/ (recurly/react-re
curly/lib-dist/element
/card-cvv.js:8:44)
    at <unknown> (http
s://nextjs.org/docs/me
ssages/module-not-foun
d)
    at ./Downloads/bac
kend-hub-api/node_modu
les/ (recurly/react-re
curly/lib-dist/element
/card-month.js:8:44)
    at <unknown> (http
s://nextjs.org/docs/me
ssages/module-not-foun
d)
    at ./Downloads/bac
kend-hub-api/node_modu
les/ (recurly/react-re
curly/lib-dist/element
/card-number.js:8:44)
    at <unknown> (http
s://nextjs.org/docs/me
ssages/module-not-foun
d)
    at ./Downloads/bac
kend-hub-api/node_modu
les/ (recurly/react-re
curly/lib-dist/element
/card-year.js:8:44)
    at <unknown> (http
s://nextjs.org/docs/me
ssages/module-not-foun
d)
    at ./Downloads/bac
kend-hub-api/node_modu
les/ (recurly/react-re
curly/lib-dist/element
/card.js:8:44)
    at <unknown> (http
s://nextjs.org/docs/me
ssages/module-not-foun
d)
    at ./Downloads/bac
kend-hub-api/node_modu
les/ (recurly/react-re
curly/lib-dist/element
/element.js:9:44)
    at <unknown> (http
s://nextjs.org/docs/me
ssages/module-not-foun
d)
    at ./Downloads/bac
kend-hub-api/node_modu
les/ (recurly/react-re
curly/lib-dist/element
s.js:9:44)
    at <unknown> (http
s://nextjs.org/docs/me
ssages/module-not-foun
d)
    at ./Downloads/bac
kend-hub-api/node_modu
les/ (recurly/react-re
curly/lib-dist/provide
r.js:10:44)
    at <unknown> (http
s://nextjs.org/docs/me
ssages/module-not-foun
d)
    at ./Downloads/bac
kend-hub-api/node_modu
les/ (recurly/react-re
curly/lib-dist/risk-da
ta-collector.js:9:44)
    at <unknown> (http
s://nextjs.org/docs/me
ssages/module-not-foun
d)
    at ./Downloads/bac
kend-hub-api/node_modu
les/ (recurly/react-re
curly/lib-dist/three-d
-secure-action.js:9:44
)
    at <unknown> (http
s://nextjs.org/docs/me
ssages/module-not-foun
d)
    at ./Downloads/bac
kend-hub-api/node_modu
les/ (recurly/react-re
curly/lib-dist/element
/card-cvv.js:13:47)
    at <unknown> (http
s://nextjs.org/docs/me
ssages/module-not-foun
d)
    at ./Downloads/bac
kend-hub-api/node_modu
les/ (recurly/react-re
curly/lib-dist/element
/card-month.js:13:47)
    at <unknown> (http
s://nextjs.org/docs/me
ssages/module-not-foun
d)
    at ./Downloads/bac
kend-hub-api/node_modu
les/ (recurly/react-re
curly/lib-dist/element
/card-number.js:13:47)
    at <unknown> (http
s://nextjs.org/docs/me
ssages/module-not-foun
d)
    at ./Downloads/bac
kend-hub-api/node_modu
les/ (recurly/react-re
curly/lib-dist/element
/card-year.js:13:47)
    at <unknown> (http
s://nextjs.org/docs/me
ssages/module-not-foun
d)
    at ./Downloads/bac
kend-hub-api/node_modu
les/ (recurly/react-re
curly/lib-dist/element
/card.js:13:47)
    at <unknown> (http
s://nextjs.org/docs/me
ssages/module-not-foun
d)
    at ./Downloads/bac
kend-hub-api/node_modu
les/ (recurly/react-re
curly/lib-dist/element
/element.js:14:47)
    at <unknown> (http
s://nextjs.org/docs/me
ssages/module-not-foun
d)
    at ./Downloads/bac
kend-hub-api/node_modu
les/ (recurly/react-re
curly/lib-dist/element
s.js:13:47)
    at <unknown> (http
s://nextjs.org/docs/me
ssages/module-not-foun
d)
    at ./Downloads/bac
kend-hub-api/node_modu
les/ (recurly/react-re
curly/lib-dist/provide
r.js:14:47)
    at <unknown> (http
s://nextjs.org/docs/me
ssages/module-not-foun
d)
    at ./Downloads/bac
kend-hub-api/node_modu
les/ (recurly/react-re
curly/lib-dist/risk-da
ta-collector.js:13:47)
    at <unknown> (http
s://nextjs.org/docs/me
ssages/module-not-foun
d)
    at ./Downloads/bac
kend-hub-api/node_modu
les/ (recurly/react-re
curly/lib-dist/three-d
-secure-action.js:13:4
7)
    at <unknown> (http
s://nextjs.org/docs/me
ssages/module-not-foun
d)
    at ./Downloads/bac
kend-hub-api/node_modu
les/ (recurly/react-re
curly/lib-dist/use-rec
urly.js:8:47)
    at <unknown> (http
s://nextjs.org/docs/me
ssages/module-not-foun
d)
    at ./Downloads/bac
kend-hub-api/node_modu
les/ (recurly/react-re
curly/lib-dist/element
/card-cvv.js:12:47)
    at <unknown> (http
s://nextjs.org/docs/me
ssages/module-not-foun
d)
    at ./Downloads/bac
kend-hub-api/node_modu
les/ (recurly/react-re
curly/lib-dist/element
/card-month.js:12:47)
    at <unknown> (http
s://nextjs.org/docs/me
ssages/module-not-foun
d)
    at ./Downloads/bac
kend-hub-api/node_modu
les/ (recurly/react-re
curly/lib-dist/element
/card-number.js:12:47)
    at <unknown> (http
s://nextjs.org/docs/me
ssages/module-not-foun
d)
    at ./Downloads/bac
kend-hub-api/node_modu
les/ (recurly/react-re
curly/lib-dist/element
/card-year.js:12:47)
    at <unknown> (http
s://nextjs.org/docs/me
ssages/module-not-foun
d)
    at ./Downloads/bac
kend-hub-api/node_modu
les/ (recurly/react-re
curly/lib-dist/element
/card.js:12:47)
    at <unknown> (http
s://nextjs.org/docs/me
ssages/module-not-foun
d)
    at ./Downloads/bac
kend-hub-api/node_modu
les/ (recurly/react-re
curly/lib-dist/element
/element.js:13:47)
    at <unknown> (http
s://nextjs.org/docs/me
ssages/module-not-foun
d)
    at ./Downloads/bac
kend-hub-api/node_modu
les/ (recurly/react-re
curly/lib-dist/element
s.js:12:47)
    at <unknown> (http
s://nextjs.org/docs/me
ssages/module-not-foun
d)
    at ./Downloads/bac
kend-hub-api/node_modu
les/ (recurly/react-re
curly/lib-dist/provide
r.js:13:47)
    at <unknown> (http
s://nextjs.org/docs/me
ssages/module-not-foun
d)
    at ./Downloads/bac
kend-hub-api/node_modu
les/ (recurly/react-re
curly/lib-dist/risk-da
ta-collector.js:12:47)
    at <unknown> (http
s://nextjs.org/docs/me
ssages/module-not-foun
d)
    at ./Downloads/bac
kend-hub-api/node_modu
les/ (recurly/react-re
curly/lib-dist/three-d
-secure-action.js:12:4
7)
    at <unknown> (http
s://nextjs.org/docs/me
ssages/module-not-foun
d)
    at ./Downloads/bac
kend-hub-api/node_modu
les/ (recurly/react-re
curly/lib-dist/element
/card-cvv.js:10:41)
    at <unknown> (http
s://nextjs.org/docs/me
ssages/module-not-foun
d)
    at ./Downloads/bac
kend-hub-api/node_modu
les/ (recurly/react-re
curly/lib-dist/element
/card-month.js:10:41)
    at <unknown> (http
s://nextjs.org/docs/me
ssages/module-not-foun
d)
    at ./Downloads/bac
kend-hub-api/node_modu
les/ (recurly/react-re
curly/lib-dist/element
/card-number.js:10:41)
    at <unknown> (http
s://nextjs.org/docs/me
ssages/module-not-foun
d)
    at ./Downloads/bac
kend-hub-api/node_modu
les/ (recurly/react-re
curly/lib-dist/element
/card-year.js:10:41)
    at <unknown> (http
s://nextjs.org/docs/me
ssages/module-not-foun
d)
    at ./Downloads/bac
kend-hub-api/node_modu
les/ (recurly/react-re
curly/lib-dist/element
/card.js:10:41)
    at <unknown> (http
s://nextjs.org/docs/me
ssages/module-not-foun
d)
    at ./Downloads/bac
kend-hub-api/node_modu
les/ (recurly/react-re
curly/lib-dist/element
/element.js:11:41)
    at <unknown> (http
s://nextjs.org/docs/me
ssages/module-not-foun
d)
    at ./Downloads/bac
kend-hub-api/node_modu
les/ (recurly/react-re
curly/lib-dist/element
s.js:10:41)
    at <unknown> (http
s://nextjs.org/docs/me
ssages/module-not-foun
d)
    at ./Downloads/bac
kend-hub-api/node_modu
les/ (recurly/react-re
curly/lib-dist/provide
r.js:11:41)
    at <unknown> (http
s://nextjs.org/docs/me
ssages/module-not-foun
d)
    at ./Downloads/bac
kend-hub-api/node_modu
les/ (recurly/react-re
curly/lib-dist/risk-da
ta-collector.js:10:41)
    at <unknown> (http
s://nextjs.org/docs/me
ssages/module-not-foun
d)
    at ./Downloads/bac
kend-hub-api/node_modu
les/ (recurly/react-re
curly/lib-dist/three-d
-secure-action.js:10:4
1)
    at <unknown> (http
s://nextjs.org/docs/me
ssages/module-not-foun
d)
    at ./Downloads/bac
kend-hub-api/node_modu
les/ (recurly/react-re
curly/lib-dist/element
/card-cvv.js:3:30)
    at <unknown> (http
s://nextjs.org/docs/me
ssages/module-not-foun
d)
    at ./Downloads/bac
kend-hub-api/node_modu
les/ (recurly/react-re
curly/lib-dist/element
/card-month.js:3:30)
    at <unknown> (http
s://nextjs.org/docs/me
ssages/module-not-foun
d)
    at ./Downloads/bac
kend-hub-api/node_modu
les/ (recurly/react-re
curly/lib-dist/element
/card-number.js:3:30)
    at <unknown> (http
s://nextjs.org/docs/me
ssages/module-not-foun
d)
    at ./Downloads/bac
kend-hub-api/node_modu
les/ (recurly/react-re
curly/lib-dist/element
/card-year.js:3:30)
    at <unknown> (http
s://nextjs.org/docs/me
ssages/module-not-foun
d)
    at ./Downloads/bac
kend-hub-api/node_modu
les/ (recurly/react-re
curly/lib-dist/element
/card.js:3:30)
    at <unknown> (http
s://nextjs.org/docs/me
ssages/module-not-foun
d)
    at ./Downloads/bac
kend-hub-api/node_modu
les/ (recurly/react-re
curly/lib-dist/element
/element.js:3:30)
    at <unknown> (http
s://nextjs.org/docs/me
ssages/module-not-foun
d)
    at ./Downloads/bac
kend-hub-api/node_modu
les/ (recurly/react-re
curly/lib-dist/element
s.js:3:30)
    at <unknown> (http
s://nextjs.org/docs/me
ssages/module-not-foun
d)
    at ./Downloads/bac
kend-hub-api/node_modu
les/ (recurly/react-re
curly/lib-dist/index.j
s:3:30)
    at <unknown> (http
s://nextjs.org/docs/me
ssages/module-not-foun
d)
    at ./Downloads/bac
kend-hub-api/node_modu
les/ (recurly/react-re
curly/lib-dist/provide
r.js:3:30)
    at <unknown> (http
s://nextjs.org/docs/me
ssages/module-not-foun
d)
    at ./Downloads/bac
kend-hub-api/node_modu
les/ (recurly/react-re
curly/lib-dist/risk-da
ta-collector.js:3:30)
    at <unknown> (http
s://nextjs.org/docs/me
ssages/module-not-foun
d)
    at ./Downloads/bac
kend-hub-api/node_modu
les/ (recurly/react-re
curly/lib-dist/three-d
-secure-action.js:3:30
)
    at <unknown> (http
s://nextjs.org/docs/me
ssages/module-not-foun
d)
    at ./Downloads/bac
kend-hub-api/node_modu
les/ (recurly/react-re
curly/lib-dist/use-che
ckout-pricing.js:3:30)
    at <unknown> (http
s://nextjs.org/docs/me
ssages/module-not-foun
d)
    at ./Downloads/bac
kend-hub-api/node_modu
les/ (recurly/react-re
curly/lib-dist/use-rec
urly.js:3:30)
    at <unknown> (http
s://nextjs.org/docs/me
ssages/module-not-foun
d)
    at ./Downloads/bac
kend-hub-api/node_modu
les/ (recurly/react-re
curly/lib-dist/element
/element.js:15:56)
    at <unknown> (http
s://nextjs.org/docs/me
ssages/module-not-foun
d)
    at ./Downloads/bac
kend-hub-api/node_modu
les/ (recurly/react-re
curly/lib-dist/provide
r.js:8:56)
    at <unknown> (http
s://nextjs.org/docs/me
ssages/module-not-foun
d)
    at ./Downloads/bac
kend-hub-api/node_modu
les/ (recurly/react-re
curly/lib-dist/use-che
ckout-pricing.js:10:56
)
    at <unknown> (http
s://nextjs.org/docs/me
ssages/module-not-foun
d)
    at ./Downloads/bac
kend-hub-api/node_modu
les/ (recurly/react-re
curly/lib-dist/element
/card-cvv.js:11:58)
    at <unknown> (http
s://nextjs.org/docs/me
ssages/module-not-foun
d)
    at ./Downloads/bac
kend-hub-api/node_modu
les/ (recurly/react-re
curly/lib-dist/element
/card-month.js:11:58)
    at <unknown> (http
s://nextjs.org/docs/me
ssages/module-not-foun
d)
    at ./Downloads/bac
kend-hub-api/node_modu
les/ (recurly/react-re
curly/lib-dist/element
/card-number.js:11:58)
    at <unknown> (http
s://nextjs.org/docs/me
ssages/module-not-foun
d)
    at ./Downloads/bac
kend-hub-api/node_modu
les/ (recurly/react-re
curly/lib-dist/element
/card-year.js:11:58)
    at <unknown> (http
s://nextjs.org/docs/me
ssages/module-not-foun
d)
    at ./Downloads/bac
kend-hub-api/node_modu
les/ (recurly/react-re
curly/lib-dist/element
/card.js:11:58)
    at <unknown> (http
s://nextjs.org/docs/me
ssages/module-not-foun
d)
    at ./Downloads/bac
kend-hub-api/node_modu
les/ (recurly/react-re
curly/lib-dist/element
/element.js:12:58)
    at <unknown> (http
s://nextjs.org/docs/me
ssages/module-not-foun
d)
    at ./Downloads/bac
kend-hub-api/node_modu
les/ (recurly/react-re
curly/lib-dist/element
s.js:11:58)
    at <unknown> (http
s://nextjs.org/docs/me
ssages/module-not-foun
d)
    at ./Downloads/bac
kend-hub-api/node_modu
les/ (recurly/react-re
curly/lib-dist/provide
r.js:12:58)
    at <unknown> (http
s://nextjs.org/docs/me
ssages/module-not-foun
d)
    at ./Downloads/bac
kend-hub-api/node_modu
les/ (recurly/react-re
curly/lib-dist/risk-da
ta-collector.js:11:58)
    at <unknown> (http
s://nextjs.org/docs/me
ssages/module-not-foun
d)
    at ./Downloads/bac
kend-hub-api/node_modu
les/ (recurly/react-re
curly/lib-dist/three-d
-secure-action.js:11:5
8)
    at <unknown> (http
s://nextjs.org/docs/me
ssages/module-not-foun
d)
    at ./Downloads/bac
kend-hub-api/node_modu
les/ (recurly/react-re
curly/lib-dist/use-che
ckout-pricing.js:11:46
)
    at <unknown> (http
s://nextjs.org/docs/me
ssages/module-not-foun
d)
    at ./Downloads/bac
kend-hub-api/node_modu
les/ (recurly/react-re
curly/lib-dist/use-che
ckout-pricing.js:9:50)
    at <unknown> (http
s://nextjs.org/docs/me
ssages/module-not-foun
d)
